App.tsx(30,7): error TS2607: JSX element class does not support attributes because it does not have a 'props' property.
App.tsx(30,8): error TS2786: 'View' cannot be used as a JSX component.
  Its type 'typeof View' is not a valid JSX element type.
    Type 'typeof View' is not assignable to type 'new (props: any, context: any) => Component<any, any, any>'.
      Type 'View' is missing the following properties from type 'Component<any, any, any>': context, setState, forceUpdate, render, and 2 more.
App.tsx(31,9): error TS2607: JSX element class does not support attributes because it does not have a 'props' property.
App.tsx(31,10): error TS2786: 'ActivityIndicator' cannot be used as a JSX component.
  Its type 'typeof ActivityIndicator' is not a valid JSX element type.
    Type 'typeof ActivityIndicator' is not assignable to type 'new (props: any, context: any) => Component<any, any, any>'.
      Type 'ActivityIndicator' is missing the following properties from type 'Component<any, any, any>': context, setState, forceUpdate, render, and 2 more.
components/BottomNavBar.tsx(29,13): error TS2607: JSX element class does not support attributes because it does not have a 'props' property.
components/BottomNavBar.tsx(29,14): error TS2786: 'View' cannot be used as a JSX component.
  Its type 'typeof View' is not a valid JSX element type.
    Type 'typeof View' is not assignable to type 'new (props: any, context: any) => Component<any, any, any>'.
      Type 'View' is missing the following properties from type 'Component<any, any, any>': context, setState, forceUpdate, render, and 2 more.
components/BottomNavBar.tsx(38,17): error TS2607: JSX element class does not support attributes because it does not have a 'props' property.
components/BottomNavBar.tsx(38,18): error TS2786: 'View' cannot be used as a JSX component.
  Its type 'typeof View' is not a valid JSX element type.
    Type 'typeof View' is not assignable to type 'new (props: any, context: any) => Component<any, any, any>'.
      Type 'View' is missing the following properties from type 'Component<any, any, any>': context, setState, forceUpdate, render, and 2 more.
components/card.tsx(5,8): error TS2304: Cannot find name 'View'.
components/card.tsx(5,20): error TS2304: Cannot find name 'styles'.
components/card.tsx(6,10): error TS2304: Cannot find name 'TouchableOpacity'.
components/card.tsx(6,35): error TS2304: Cannot find name 'styles'.
components/card.tsx(6,74): error TS2304: Cannot find name 'COLORS'.
components/card.tsx(7,12): error TS2304: Cannot find name 'MaterialIcons'.
components/card.tsx(8,11): error TS2607: JSX element class does not support attributes because it does not have a 'props' property.
components/card.tsx(8,12): error TS2786: 'Text' cannot be used as a JSX component.
  Its type '{ new (data?: string | undefined): Text; prototype: Text; }' is not a valid JSX element type.
    Type '{ new (data?: string | undefined): Text; prototype: Text; }' is not assignable to type 'new (props: any, context: any) => Component<any, any, any>'.
      Type 'Text' is missing the following properties from type 'Component<any, any, any>': context, setState, forceUpdate, render, and 2 more.
components/card.tsx(8,24): error TS2304: Cannot find name 'styles'.
components/card.tsx(9,11): error TS2304: Cannot find name 'TouchableOpacity'.
components/card.tsx(10,10): error TS2304: Cannot find name 'TouchableOpacity'.
components/card.tsx(10,35): error TS2304: Cannot find name 'styles'.
components/card.tsx(10,74): error TS2304: Cannot find name 'COLORS'.
components/card.tsx(11,12): error TS2304: Cannot find name 'MaterialIcons'.
components/card.tsx(12,11): error TS2607: JSX element class does not support attributes because it does not have a 'props' property.
components/card.tsx(12,12): error TS2786: 'Text' cannot be used as a JSX component.
  Its type '{ new (data?: string | undefined): Text; prototype: Text; }' is not a valid JSX element type.
    Type '{ new (data?: string | undefined): Text; prototype: Text; }' is not assignable to type 'new (props: any, context: any) => Component<any, any, any>'.
      Type 'Text' is missing the following properties from type 'Component<any, any, any>': context, setState, forceUpdate, render, and 2 more.
components/card.tsx(12,25): error TS2304: Cannot find name 'styles'.
components/card.tsx(13,11): error TS2304: Cannot find name 'TouchableOpacity'.
components/card.tsx(14,9): error TS2304: Cannot find name 'View'.
components/card.tsx(19,6): error TS2304: Cannot find name 'Swipeable'.
components/card.tsx(20,8): error TS2304: Cannot find name 'TouchableOpacity'.
components/card.tsx(21,17): error TS2304: Cannot find name 'styles'.
components/card.tsx(26,10): error TS2304: Cannot find name 'View'.
components/card.tsx(26,22): error TS2304: Cannot find name 'styles'.
components/card.tsx(27,12): error TS2304: Cannot find name 'View'.
components/card.tsx(27,25): error TS2304: Cannot find name 'styles'.
components/card.tsx(29,14): error TS2304: Cannot find name 'MaterialIcons'.
components/card.tsx(30,13): error TS2304: Cannot find name 'View'.
components/card.tsx(32,12): error TS2304: Cannot find name 'View'.
components/card.tsx(32,24): error TS2304: Cannot find name 'styles'.
components/card.tsx(33,14): error TS2304: Cannot find name 'View'.
components/card.tsx(33,26): error TS2304: Cannot find name 'styles'.
components/card.tsx(34,15): error TS2607: JSX element class does not support attributes because it does not have a 'props' property.
components/card.tsx(34,16): error TS2786: 'Text' cannot be used as a JSX component.
  Its type '{ new (data?: string | undefined): Text; prototype: Text; }' is not a valid JSX element type.
    Type '{ new (data?: string | undefined): Text; prototype: Text; }' is not assignable to type 'new (props: any, context: any) => Component<any, any, any>'.
      Type 'Text' is missing the following properties from type 'Component<any, any, any>': context, setState, forceUpdate, render, and 2 more.
components/card.tsx(34,28): error TS2304: Cannot find name 'styles'.
components/card.tsx(36,18): error TS2304: Cannot find name 'View'.
components/card.tsx(36,31): error TS2304: Cannot find name 'styles'.
components/card.tsx(37,19): error TS2607: JSX element class does not support attributes because it does not have a 'props' property.
components/card.tsx(37,20): error TS2786: 'Text' cannot be used as a JSX component.
  Its type '{ new (data?: string | undefined): Text; prototype: Text; }' is not a valid JSX element type.
    Type '{ new (data?: string | undefined): Text; prototype: Text; }' is not assignable to type 'new (props: any, context: any) => Component<any, any, any>'.
      Type 'Text' is missing the following properties from type 'Component<any, any, any>': context, setState, forceUpdate, render, and 2 more.
components/card.tsx(37,32): error TS2304: Cannot find name 'styles'.
components/card.tsx(38,19): error TS2304: Cannot find name 'View'.
components/card.tsx(40,15): error TS2304: Cannot find name 'View'.
components/card.tsx(41,13): error TS2607: JSX element class does not support attributes because it does not have a 'props' property.
components/card.tsx(41,14): error TS2786: 'Text' cannot be used as a JSX component.
  Its type '{ new (data?: string | undefined): Text; prototype: Text; }' is not a valid JSX element type.
    Type '{ new (data?: string | undefined): Text; prototype: Text; }' is not assignable to type 'new (props: any, context: any) => Component<any, any, any>'.
      Type 'Text' is missing the following properties from type 'Component<any, any, any>': context, setState, forceUpdate, render, and 2 more.
components/card.tsx(41,26): error TS2304: Cannot find name 'styles'.
components/card.tsx(42,13): error TS2304: Cannot find name 'View'.
components/card.tsx(45,14): error TS2304: Cannot find name 'Switch'.
components/card.tsx(48,53): error TS2304: Cannot find name 'COLORS'.
components/card.tsx(49,46): error TS2304: Cannot find name 'COLORS'.
components/card.tsx(52,14): error TS2304: Cannot find name 'MaterialIcons'.
components/card.tsx(52,66): error TS2304: Cannot find name 'COLORS'.
components/card.tsx(54,11): error TS2304: Cannot find name 'View'.
components/card.tsx(56,10): error TS2304: Cannot find name 'View'.
components/card.tsx(56,22): error TS2304: Cannot find name 'styles'.
components/card.tsx(57,11): error TS2607: JSX element class does not support attributes because it does not have a 'props' property.
components/card.tsx(57,12): error TS2786: 'Text' cannot be used as a JSX component.
  Its type '{ new (data?: string | undefined): Text; prototype: Text; }' is not a valid JSX element type.
    Type '{ new (data?: string | undefined): Text; prototype: Text; }' is not assignable to type 'new (props: any, context: any) => Component<any, any, any>'.
      Type 'Text' is missing the following properties from type 'Component<any, any, any>': context, setState, forceUpdate, render, and 2 more.
components/card.tsx(57,24): error TS2304: Cannot find name 'styles'.
components/card.tsx(58,11): error TS2607: JSX element class does not support attributes because it does not have a 'props' property.
components/card.tsx(58,12): error TS2786: 'Text' cannot be used as a JSX component.
  Its type '{ new (data?: string | undefined): Text; prototype: Text; }' is not a valid JSX element type.
    Type '{ new (data?: string | undefined): Text; prototype: Text; }' is not assignable to type 'new (props: any, context: any) => Component<any, any, any>'.
      Type 'Text' is missing the following properties from type 'Component<any, any, any>': context, setState, forceUpdate, render, and 2 more.
components/card.tsx(58,24): error TS2304: Cannot find name 'styles'.
components/card.tsx(59,11): error TS2304: Cannot find name 'View'.
components/card.tsx(61,10): error TS2304: Cannot find name 'TouchableOpacity'.
components/card.tsx(61,34): error TS2304: Cannot find name 'styles'.
components/card.tsx(62,11): error TS2607: JSX element class does not support attributes because it does not have a 'props' property.
components/card.tsx(62,12): error TS2786: 'Text' cannot be used as a JSX component.
  Its type '{ new (data?: string | undefined): Text; prototype: Text; }' is not a valid JSX element type.
    Type '{ new (data?: string | undefined): Text; prototype: Text; }' is not assignable to type 'new (props: any, context: any) => Component<any, any, any>'.
      Type 'Text' is missing the following properties from type 'Component<any, any, any>': context, setState, forceUpdate, render, and 2 more.
components/card.tsx(62,25): error TS2304: Cannot find name 'styles'.
components/card.tsx(62,58): error TS2304: Cannot find name 'COLORS'.
components/card.tsx(63,12): error TS2304: Cannot find name 'MaterialIcons'.
components/card.tsx(63,64): error TS2304: Cannot find name 'COLORS'.
components/card.tsx(64,11): error TS2304: Cannot find name 'TouchableOpacity'.
components/card.tsx(65,9): error TS2304: Cannot find name 'TouchableOpacity'.
components/card.tsx(66,7): error TS2304: Cannot find name 'Swipeable'.
components/Container.tsx(4,10): error TS2607: JSX element class does not support attributes because it does not have a 'props' property.
components/Container.tsx(4,11): error TS2786: 'SafeAreaView' cannot be used as a JSX component.
  Its type 'typeof SafeAreaView' is not a valid JSX element type.
    Type 'typeof SafeAreaView' is not assignable to type 'new (props: any, context: any) => Component<any, any, any>'.
      Type 'SafeAreaView' is missing the following properties from type 'Component<any, any, any>': context, setState, forceUpdate, render, and 2 more.
components/EditScreenInfo.tsx(9,6): error TS2786: 'View' cannot be used as a JSX component.
  Its type 'typeof View' is not a valid JSX element type.
    Type 'typeof View' is not assignable to type 'new (props: any, context: any) => Component<any, any, any>'.
      Type 'View' is missing the following properties from type 'Component<any, any, any>': context, setState, forceUpdate, render, and 2 more.
components/EditScreenInfo.tsx(10,7): error TS2607: JSX element class does not support attributes because it does not have a 'props' property.
components/EditScreenInfo.tsx(10,8): error TS2786: 'View' cannot be used as a JSX component.
  Its type 'typeof View' is not a valid JSX element type.
    Type 'typeof View' is not assignable to type 'new (props: any, context: any) => Component<any, any, any>'.
      Type 'View' is missing the following properties from type 'Component<any, any, any>': context, setState, forceUpdate, render, and 2 more.
components/EditScreenInfo.tsx(11,9): error TS2607: JSX element class does not support attributes because it does not have a 'props' property.
components/EditScreenInfo.tsx(11,10): error TS2786: 'Text' cannot be used as a JSX component.
  Its type 'typeof Text' is not a valid JSX element type.
    Type 'typeof Text' is not assignable to type 'new (props: any, context: any) => Component<any, any, any>'.
      Type 'Text' is missing the following properties from type 'Component<any, any, any>': context, setState, forceUpdate, render, and 2 more.
components/EditScreenInfo.tsx(12,9): error TS2607: JSX element class does not support attributes because it does not have a 'props' property.
components/EditScreenInfo.tsx(12,10): error TS2786: 'View' cannot be used as a JSX component.
  Its type 'typeof View' is not a valid JSX element type.
    Type 'typeof View' is not assignable to type 'new (props: any, context: any) => Component<any, any, any>'.
      Type 'View' is missing the following properties from type 'Component<any, any, any>': context, setState, forceUpdate, render, and 2 more.
components/EditScreenInfo.tsx(13,12): error TS2786: 'Text' cannot be used as a JSX component.
  Its type 'typeof Text' is not a valid JSX element type.
    Type 'typeof Text' is not assignable to type 'new (props: any, context: any) => Component<any, any, any>'.
      Type 'Text' is missing the following properties from type 'Component<any, any, any>': context, setState, forceUpdate, render, and 2 more.
components/EditScreenInfo.tsx(15,9): error TS2607: JSX element class does not support attributes because it does not have a 'props' property.
components/EditScreenInfo.tsx(15,10): error TS2786: 'Text' cannot be used as a JSX component.
  Its type 'typeof Text' is not a valid JSX element type.
    Type 'typeof Text' is not assignable to type 'new (props: any, context: any) => Component<any, any, any>'.
      Type 'Text' is missing the following properties from type 'Component<any, any, any>': context, setState, forceUpdate, render, and 2 more.
components/Profile/MenuItem.tsx(18,9): error TS2607: JSX element class does not support attributes because it does not have a 'props' property.
components/Profile/MenuItem.tsx(18,10): error TS2786: 'View' cannot be used as a JSX component.
  Its type 'typeof View' is not a valid JSX element type.
    Type 'typeof View' is not assignable to type 'new (props: any, context: any) => Component<any, any, any>'.
      Type 'View' is missing the following properties from type 'Component<any, any, any>': context, setState, forceUpdate, render, and 2 more.
components/Profile/MenuItem.tsx(21,9): error TS2607: JSX element class does not support attributes because it does not have a 'props' property.
components/Profile/MenuItem.tsx(21,10): error TS2786: 'View' cannot be used as a JSX component.
  Its type 'typeof View' is not a valid JSX element type.
    Type 'typeof View' is not assignable to type 'new (props: any, context: any) => Component<any, any, any>'.
      Type 'View' is missing the following properties from type 'Component<any, any, any>': context, setState, forceUpdate, render, and 2 more.
components/Profile/MenuItem.tsx(22,13): error TS2607: JSX element class does not support attributes because it does not have a 'props' property.
components/Profile/MenuItem.tsx(22,14): error TS2786: 'Text' cannot be used as a JSX component.
  Its type 'typeof Text' is not a valid JSX element type.
    Type 'typeof Text' is not assignable to type 'new (props: any, context: any) => Component<any, any, any>'.
      Type 'Text' is missing the following properties from type 'Component<any, any, any>': context, setState, forceUpdate, render, and 2 more.
components/Profile/MenuItem.tsx(24,9): error TS2607: JSX element class does not support attributes because it does not have a 'props' property.
components/Profile/MenuItem.tsx(24,10): error TS2786: 'View' cannot be used as a JSX component.
  Its type 'typeof View' is not a valid JSX element type.
    Type 'typeof View' is not assignable to type 'new (props: any, context: any) => Component<any, any, any>'.
      Type 'View' is missing the following properties from type 'Component<any, any, any>': context, setState, forceUpdate, render, and 2 more.
components/Profile/MenuItem.tsx(25,23): error TS2607: JSX element class does not support attributes because it does not have a 'props' property.
components/Profile/MenuItem.tsx(25,24): error TS2786: 'Text' cannot be used as a JSX component.
  Its type 'typeof Text' is not a valid JSX element type.
    Type 'typeof Text' is not assignable to type 'new (props: any, context: any) => Component<any, any, any>'.
      Type 'Text' is missing the following properties from type 'Component<any, any, any>': context, setState, forceUpdate, render, and 2 more.
components/Profile/MenuItem.tsx(27,17): error TS2607: JSX element class does not support attributes because it does not have a 'props' property.
components/Profile/MenuItem.tsx(27,18): error TS2786: 'View' cannot be used as a JSX component.
  Its type 'typeof View' is not a valid JSX element type.
    Type 'typeof View' is not assignable to type 'new (props: any, context: any) => Component<any, any, any>'.
      Type 'View' is missing the following properties from type 'Component<any, any, any>': context, setState, forceUpdate, render, and 2 more.
components/Profile/MenuItem.tsx(28,21): error TS2607: JSX element class does not support attributes because it does not have a 'props' property.
components/Profile/MenuItem.tsx(28,22): error TS2786: 'Text' cannot be used as a JSX component.
  Its type 'typeof Text' is not a valid JSX element type.
    Type 'typeof Text' is not assignable to type 'new (props: any, context: any) => Component<any, any, any>'.
      Type 'Text' is missing the following properties from type 'Component<any, any, any>': context, setState, forceUpdate, render, and 2 more.
components/Profile/MenuItem.tsx(32,17): error TS2607: JSX element class does not support attributes because it does not have a 'props' property.
components/Profile/MenuItem.tsx(32,18): error TS2786: 'View' cannot be used as a JSX component.
  Its type 'typeof View' is not a valid JSX element type.
    Type 'typeof View' is not assignable to type 'new (props: any, context: any) => Component<any, any, any>'.
      Type 'View' is missing the following properties from type 'Component<any, any, any>': context, setState, forceUpdate, render, and 2 more.
components/Profile/MenuItem.tsx(33,21): error TS2607: JSX element class does not support attributes because it does not have a 'props' property.
components/Profile/MenuItem.tsx(33,22): error TS2786: 'View' cannot be used as a JSX component.
  Its type 'typeof View' is not a valid JSX element type.
    Type 'typeof View' is not assignable to type 'new (props: any, context: any) => Component<any, any, any>'.
      Type 'View' is missing the following properties from type 'Component<any, any, any>': context, setState, forceUpdate, render, and 2 more.
components/Profile/ProfileHeader.tsx(14,9): error TS2607: JSX element class does not support attributes because it does not have a 'props' property.
components/Profile/ProfileHeader.tsx(14,10): error TS2786: 'View' cannot be used as a JSX component.
  Its type 'typeof View' is not a valid JSX element type.
    Type 'typeof View' is not assignable to type 'new (props: any, context: any) => Component<any, any, any>'.
      Type 'View' is missing the following properties from type 'Component<any, any, any>': context, setState, forceUpdate, render, and 2 more.
components/Profile/ProfileHeader.tsx(15,13): error TS2607: JSX element class does not support attributes because it does not have a 'props' property.
components/Profile/ProfileHeader.tsx(15,14): error TS2786: 'View' cannot be used as a JSX component.
  Its type 'typeof View' is not a valid JSX element type.
    Type 'typeof View' is not assignable to type 'new (props: any, context: any) => Component<any, any, any>'.
      Type 'View' is missing the following properties from type 'Component<any, any, any>': context, setState, forceUpdate, render, and 2 more.
components/Profile/ProfileHeader.tsx(16,17): error TS2607: JSX element class does not support attributes because it does not have a 'props' property.
components/Profile/ProfileHeader.tsx(16,18): error TS2786: 'Image' cannot be used as a JSX component.
  Its type 'typeof Image' is not a valid JSX element type.
    Type 'typeof Image' is not assignable to type 'new (props: any, context: any) => Component<any, any, any>'.
      Type 'Image' is missing the following properties from type 'Component<any, any, any>': context, setState, forceUpdate, render, and 2 more.
components/Profile/ProfileHeader.tsx(20,17): error TS2607: JSX element class does not support attributes because it does not have a 'props' property.
components/Profile/ProfileHeader.tsx(20,18): error TS2786: 'View' cannot be used as a JSX component.
  Its type 'typeof View' is not a valid JSX element type.
    Type 'typeof View' is not assignable to type 'new (props: any, context: any) => Component<any, any, any>'.
      Type 'View' is missing the following properties from type 'Component<any, any, any>': context, setState, forceUpdate, render, and 2 more.
components/Profile/ProfileHeader.tsx(24,13): error TS2607: JSX element class does not support attributes because it does not have a 'props' property.
components/Profile/ProfileHeader.tsx(24,14): error TS2786: 'Text' cannot be used as a JSX component.
  Its type 'typeof Text' is not a valid JSX element type.
    Type 'typeof Text' is not assignable to type 'new (props: any, context: any) => Component<any, any, any>'.
      Type 'Text' is missing the following properties from type 'Component<any, any, any>': context, setState, forceUpdate, render, and 2 more.
components/Profile/ProfileHeader.tsx(25,13): error TS2607: JSX element class does not support attributes because it does not have a 'props' property.
components/Profile/ProfileHeader.tsx(25,14): error TS2786: 'Text' cannot be used as a JSX component.
  Its type 'typeof Text' is not a valid JSX element type.
    Type 'typeof Text' is not assignable to type 'new (props: any, context: any) => Component<any, any, any>'.
      Type 'Text' is missing the following properties from type 'Component<any, any, any>': context, setState, forceUpdate, render, and 2 more.
components/Profile/ProfileStats.tsx(7,9): error TS2607: JSX element class does not support attributes because it does not have a 'props' property.
components/Profile/ProfileStats.tsx(7,10): error TS2786: 'View' cannot be used as a JSX component.
  Its type 'typeof View' is not a valid JSX element type.
    Type 'typeof View' is not assignable to type 'new (props: any, context: any) => Component<any, any, any>'.
      Type 'View' is missing the following properties from type 'Component<any, any, any>': context, setState, forceUpdate, render, and 2 more.
components/Profile/ProfileStats.tsx(8,13): error TS2607: JSX element class does not support attributes because it does not have a 'props' property.
components/Profile/ProfileStats.tsx(8,14): error TS2786: 'View' cannot be used as a JSX component.
  Its type 'typeof View' is not a valid JSX element type.
    Type 'typeof View' is not assignable to type 'new (props: any, context: any) => Component<any, any, any>'.
      Type 'View' is missing the following properties from type 'Component<any, any, any>': context, setState, forceUpdate, render, and 2 more.
components/Profile/ProfileStats.tsx(9,17): error TS2607: JSX element class does not support attributes because it does not have a 'props' property.
components/Profile/ProfileStats.tsx(9,18): error TS2786: 'Text' cannot be used as a JSX component.
  Its type 'typeof Text' is not a valid JSX element type.
    Type 'typeof Text' is not assignable to type 'new (props: any, context: any) => Component<any, any, any>'.
      Type 'Text' is missing the following properties from type 'Component<any, any, any>': context, setState, forceUpdate, render, and 2 more.
components/Profile/ProfileStats.tsx(10,17): error TS2607: JSX element class does not support attributes because it does not have a 'props' property.
components/Profile/ProfileStats.tsx(10,18): error TS2786: 'Text' cannot be used as a JSX component.
  Its type 'typeof Text' is not a valid JSX element type.
    Type 'typeof Text' is not assignable to type 'new (props: any, context: any) => Component<any, any, any>'.
      Type 'Text' is missing the following properties from type 'Component<any, any, any>': context, setState, forceUpdate, render, and 2 more.
components/Profile/ProfileStats.tsx(12,13): error TS2607: JSX element class does not support attributes because it does not have a 'props' property.
components/Profile/ProfileStats.tsx(12,14): error TS2786: 'View' cannot be used as a JSX component.
  Its type 'typeof View' is not a valid JSX element type.
    Type 'typeof View' is not assignable to type 'new (props: any, context: any) => Component<any, any, any>'.
      Type 'View' is missing the following properties from type 'Component<any, any, any>': context, setState, forceUpdate, render, and 2 more.
components/Profile/ProfileStats.tsx(13,13): error TS2607: JSX element class does not support attributes because it does not have a 'props' property.
components/Profile/ProfileStats.tsx(13,14): error TS2786: 'View' cannot be used as a JSX component.
  Its type 'typeof View' is not a valid JSX element type.
    Type 'typeof View' is not assignable to type 'new (props: any, context: any) => Component<any, any, any>'.
      Type 'View' is missing the following properties from type 'Component<any, any, any>': context, setState, forceUpdate, render, and 2 more.
components/Profile/ProfileStats.tsx(14,17): error TS2607: JSX element class does not support attributes because it does not have a 'props' property.
components/Profile/ProfileStats.tsx(14,18): error TS2786: 'Text' cannot be used as a JSX component.
  Its type 'typeof Text' is not a valid JSX element type.
    Type 'typeof Text' is not assignable to type 'new (props: any, context: any) => Component<any, any, any>'.
      Type 'Text' is missing the following properties from type 'Component<any, any, any>': context, setState, forceUpdate, render, and 2 more.
components/Profile/ProfileStats.tsx(15,17): error TS2607: JSX element class does not support attributes because it does not have a 'props' property.
components/Profile/ProfileStats.tsx(15,18): error TS2786: 'Text' cannot be used as a JSX component.
  Its type 'typeof Text' is not a valid JSX element type.
    Type 'typeof Text' is not assignable to type 'new (props: any, context: any) => Component<any, any, any>'.
      Type 'Text' is missing the following properties from type 'Component<any, any, any>': context, setState, forceUpdate, render, and 2 more.
components/Profile/ProfileStats.tsx(17,13): error TS2607: JSX element class does not support attributes because it does not have a 'props' property.
components/Profile/ProfileStats.tsx(17,14): error TS2786: 'View' cannot be used as a JSX component.
  Its type 'typeof View' is not a valid JSX element type.
    Type 'typeof View' is not assignable to type 'new (props: any, context: any) => Component<any, any, any>'.
      Type 'View' is missing the following properties from type 'Component<any, any, any>': context, setState, forceUpdate, render, and 2 more.
components/Profile/ProfileStats.tsx(18,13): error TS2607: JSX element class does not support attributes because it does not have a 'props' property.
components/Profile/ProfileStats.tsx(18,14): error TS2786: 'View' cannot be used as a JSX component.
  Its type 'typeof View' is not a valid JSX element type.
    Type 'typeof View' is not assignable to type 'new (props: any, context: any) => Component<any, any, any>'.
      Type 'View' is missing the following properties from type 'Component<any, any, any>': context, setState, forceUpdate, render, and 2 more.
components/Profile/ProfileStats.tsx(19,17): error TS2607: JSX element class does not support attributes because it does not have a 'props' property.
components/Profile/ProfileStats.tsx(19,18): error TS2786: 'Text' cannot be used as a JSX component.
  Its type 'typeof Text' is not a valid JSX element type.
    Type 'typeof Text' is not assignable to type 'new (props: any, context: any) => Component<any, any, any>'.
      Type 'Text' is missing the following properties from type 'Component<any, any, any>': context, setState, forceUpdate, render, and 2 more.
components/Profile/ProfileStats.tsx(20,17): error TS2607: JSX element class does not support attributes because it does not have a 'props' property.
components/Profile/ProfileStats.tsx(20,18): error TS2786: 'Text' cannot be used as a JSX component.
  Its type 'typeof Text' is not a valid JSX element type.
    Type 'typeof Text' is not assignable to type 'new (props: any, context: any) => Component<any, any, any>'.
      Type 'Text' is missing the following properties from type 'Component<any, any, any>': context, setState, forceUpdate, render, and 2 more.
components/QuickItems.tsx(4,6): error TS2304: Cannot find name 'TouchableOpacity'.
components/QuickItems.tsx(4,31): error TS2304: Cannot find name 'styles'.
components/QuickItems.tsx(5,8): error TS2304: Cannot find name 'View'.
components/QuickItems.tsx(5,21): error TS2304: Cannot find name 'styles'.
components/QuickItems.tsx(6,10): error TS2304: Cannot find name 'MaterialIcons'.
components/QuickItems.tsx(7,9): error TS2304: Cannot find name 'View'.
components/QuickItems.tsx(8,8): error TS2304: Cannot find name 'View'.
components/QuickItems.tsx(9,9): error TS2607: JSX element class does not support attributes because it does not have a 'props' property.
components/QuickItems.tsx(9,10): error TS2786: 'Text' cannot be used as a JSX component.
  Its type '{ new (data?: string | undefined): Text; prototype: Text; }' is not a valid JSX element type.
    Type '{ new (data?: string | undefined): Text; prototype: Text; }' is not assignable to type 'new (props: any, context: any) => Component<any, any, any>'.
      Type 'Text' is missing the following properties from type 'Component<any, any, any>': context, setState, forceUpdate, render, and 2 more.
components/QuickItems.tsx(9,22): error TS2304: Cannot find name 'styles'.
components/QuickItems.tsx(10,9): error TS2607: JSX element class does not support attributes because it does not have a 'props' property.
components/QuickItems.tsx(10,10): error TS2786: 'Text' cannot be used as a JSX component.
  Its type '{ new (data?: string | undefined): Text; prototype: Text; }' is not a valid JSX element type.
    Type '{ new (data?: string | undefined): Text; prototype: Text; }' is not assignable to type 'new (props: any, context: any) => Component<any, any, any>'.
      Type 'Text' is missing the following properties from type 'Component<any, any, any>': context, setState, forceUpdate, render, and 2 more.
components/QuickItems.tsx(10,22): error TS2304: Cannot find name 'styles'.
components/QuickItems.tsx(11,9): error TS2304: Cannot find name 'View'.
components/QuickItems.tsx(12,8): error TS2304: Cannot find name 'MaterialIcons'.
components/QuickItems.tsx(12,60): error TS2304: Cannot find name 'COLORS'.
components/QuickItems.tsx(13,7): error TS2304: Cannot find name 'TouchableOpacity'.
components/QuickItems.tsx(17,6): error TS2304: Cannot find name 'View'.
components/QuickItems.tsx(17,18): error TS2304: Cannot find name 'styles'.
components/QuickItems.tsx(18,8): error TS2304: Cannot find name 'View'.
components/QuickItems.tsx(18,20): error TS2304: Cannot find name 'styles'.
components/QuickItems.tsx(19,7): error TS2607: JSX element class does not support attributes because it does not have a 'props' property.
components/QuickItems.tsx(19,8): error TS2786: 'Text' cannot be used as a JSX component.
  Its type '{ new (data?: string | undefined): Text; prototype: Text; }' is not a valid JSX element type.
    Type '{ new (data?: string | undefined): Text; prototype: Text; }' is not assignable to type 'new (props: any, context: any) => Component<any, any, any>'.
      Type 'Text' is missing the following properties from type 'Component<any, any, any>': context, setState, forceUpdate, render, and 2 more.
components/QuickItems.tsx(19,20): error TS2304: Cannot find name 'styles'.
components/QuickItems.tsx(24,16): error TS2304: Cannot find name 'COLORS'.
components/QuickItems.tsx(30,16): error TS2304: Cannot find name 'COLORS'.
components/QuickItems.tsx(36,16): error TS2304: Cannot find name 'COLORS'.
components/QuickItems.tsx(38,7): error TS2304: Cannot find name 'View'.
components/ScreenContent.tsx(17,5): error TS2607: JSX element class does not support attributes because it does not have a 'props' property.
components/ScreenContent.tsx(17,6): error TS2786: 'View' cannot be used as a JSX component.
  Its type 'typeof View' is not a valid JSX element type.
    Type 'typeof View' is not assignable to type 'new (props: any, context: any) => Component<any, any, any>'.
      Type 'View' is missing the following properties from type 'Component<any, any, any>': context, setState, forceUpdate, render, and 2 more.
components/weatherDetail.tsx(29,7): error TS2607: JSX element class does not support attributes because it does not have a 'props' property.
components/weatherDetail.tsx(29,8): error TS2786: 'View' cannot be used as a JSX component.
  Its type 'typeof View' is not a valid JSX element type.
    Type 'typeof View' is not assignable to type 'new (props: any, context: any) => Component<any, any, any>'.
      Type 'View' is missing the following properties from type 'Component<any, any, any>': context, setState, forceUpdate, render, and 2 more.
components/weatherDetail.tsx(32,7): error TS2607: JSX element class does not support attributes because it does not have a 'props' property.
components/weatherDetail.tsx(32,8): error TS2786: 'View' cannot be used as a JSX component.
  Its type 'typeof View' is not a valid JSX element type.
    Type 'typeof View' is not assignable to type 'new (props: any, context: any) => Component<any, any, any>'.
      Type 'View' is missing the following properties from type 'Component<any, any, any>': context, setState, forceUpdate, render, and 2 more.
components/weatherDetail.tsx(33,9): error TS2607: JSX element class does not support attributes because it does not have a 'props' property.
components/weatherDetail.tsx(33,10): error TS2786: 'Text' cannot be used as a JSX component.
  Its type 'typeof Text' is not a valid JSX element type.
    Type 'typeof Text' is not assignable to type 'new (props: any, context: any) => Component<any, any, any>'.
      Type 'Text' is missing the following properties from type 'Component<any, any, any>': context, setState, forceUpdate, render, and 2 more.
components/weatherDetail.tsx(34,9): error TS2607: JSX element class does not support attributes because it does not have a 'props' property.
components/weatherDetail.tsx(34,10): error TS2786: 'Text' cannot be used as a JSX component.
  Its type 'typeof Text' is not a valid JSX element type.
    Type 'typeof Text' is not assignable to type 'new (props: any, context: any) => Component<any, any, any>'.
      Type 'Text' is missing the following properties from type 'Component<any, any, any>': context, setState, forceUpdate, render, and 2 more.
components/weatherDetail.tsx(41,5): error TS2607: JSX element class does not support attributes because it does not have a 'props' property.
components/weatherDetail.tsx(41,6): error TS2786: 'View' cannot be used as a JSX component.
  Its type 'typeof View' is not a valid JSX element type.
    Type 'typeof View' is not assignable to type 'new (props: any, context: any) => Component<any, any, any>'.
      Type 'View' is missing the following properties from type 'Component<any, any, any>': context, setState, forceUpdate, render, and 2 more.
components/weatherDetail.tsx(42,7): error TS2607: JSX element class does not support attributes because it does not have a 'props' property.
components/weatherDetail.tsx(42,8): error TS2786: 'View' cannot be used as a JSX component.
  Its type 'typeof View' is not a valid JSX element type.
    Type 'typeof View' is not assignable to type 'new (props: any, context: any) => Component<any, any, any>'.
      Type 'View' is missing the following properties from type 'Component<any, any, any>': context, setState, forceUpdate, render, and 2 more.
components/weatherDetail.tsx(43,7): error TS2607: JSX element class does not support attributes because it does not have a 'props' property.
components/weatherDetail.tsx(43,8): error TS2786: 'Text' cannot be used as a JSX component.
  Its type 'typeof Text' is not a valid JSX element type.
    Type 'typeof Text' is not assignable to type 'new (props: any, context: any) => Component<any, any, any>'.
      Type 'Text' is missing the following properties from type 'Component<any, any, any>': context, setState, forceUpdate, render, and 2 more.
components/weatherDetail.tsx(59,7): error TS2607: JSX element class does not support attributes because it does not have a 'props' property.
components/weatherDetail.tsx(59,8): error TS2786: 'View' cannot be used as a JSX component.
  Its type 'typeof View' is not a valid JSX element type.
    Type 'typeof View' is not assignable to type 'new (props: any, context: any) => Component<any, any, any>'.
      Type 'View' is missing the following properties from type 'Component<any, any, any>': context, setState, forceUpdate, render, and 2 more.
components/weatherDetail.tsx(62,11): error TS2607: JSX element class does not support attributes because it does not have a 'props' property.
components/weatherDetail.tsx(62,12): error TS2786: 'Text' cannot be used as a JSX component.
  Its type 'typeof Text' is not a valid JSX element type.
    Type 'typeof Text' is not assignable to type 'new (props: any, context: any) => Component<any, any, any>'.
      Type 'Text' is missing the following properties from type 'Component<any, any, any>': context, setState, forceUpdate, render, and 2 more.
components/weatherDetail.tsx(66,11): error TS2607: JSX element class does not support attributes because it does not have a 'props' property.
components/weatherDetail.tsx(66,12): error TS2786: 'Text' cannot be used as a JSX component.
  Its type 'typeof Text' is not a valid JSX element type.
    Type 'typeof Text' is not assignable to type 'new (props: any, context: any) => Component<any, any, any>'.
      Type 'Text' is missing the following properties from type 'Component<any, any, any>': context, setState, forceUpdate, render, and 2 more.
components/weatherDetail.tsx(80,9): error TS2607: JSX element class does not support attributes because it does not have a 'props' property.
components/weatherDetail.tsx(80,10): error TS2786: 'View' cannot be used as a JSX component.
  Its type 'typeof View' is not a valid JSX element type.
    Type 'typeof View' is not assignable to type 'new (props: any, context: any) => Component<any, any, any>'.
      Type 'View' is missing the following properties from type 'Component<any, any, any>': context, setState, forceUpdate, render, and 2 more.
components/weatherDetail.tsx(81,11): error TS2607: JSX element class does not support attributes because it does not have a 'props' property.
components/weatherDetail.tsx(81,12): error TS2786: 'View' cannot be used as a JSX component.
  Its type 'typeof View' is not a valid JSX element type.
    Type 'typeof View' is not assignable to type 'new (props: any, context: any) => Component<any, any, any>'.
      Type 'View' is missing the following properties from type 'Component<any, any, any>': context, setState, forceUpdate, render, and 2 more.
components/weatherDetail.tsx(85,11): error TS2607: JSX element class does not support attributes because it does not have a 'props' property.
components/weatherDetail.tsx(85,12): error TS2786: 'View' cannot be used as a JSX component.
  Its type 'typeof View' is not a valid JSX element type.
    Type 'typeof View' is not assignable to type 'new (props: any, context: any) => Component<any, any, any>'.
      Type 'View' is missing the following properties from type 'Component<any, any, any>': context, setState, forceUpdate, render, and 2 more.
components/weatherDetail.tsx(86,13): error TS2607: JSX element class does not support attributes because it does not have a 'props' property.
components/weatherDetail.tsx(86,14): error TS2786: 'View' cannot be used as a JSX component.
  Its type 'typeof View' is not a valid JSX element type.
    Type 'typeof View' is not assignable to type 'new (props: any, context: any) => Component<any, any, any>'.
      Type 'View' is missing the following properties from type 'Component<any, any, any>': context, setState, forceUpdate, render, and 2 more.
components/weatherDetail.tsx(87,15): error TS2607: JSX element class does not support attributes because it does not have a 'props' property.
components/weatherDetail.tsx(87,16): error TS2786: 'Text' cannot be used as a JSX component.
  Its type 'typeof Text' is not a valid JSX element type.
    Type 'typeof Text' is not assignable to type 'new (props: any, context: any) => Component<any, any, any>'.
      Type 'Text' is missing the following properties from type 'Component<any, any, any>': context, setState, forceUpdate, render, and 2 more.
components/weatherDetail.tsx(89,17): error TS2607: JSX element class does not support attributes because it does not have a 'props' property.
components/weatherDetail.tsx(89,18): error TS2786: 'View' cannot be used as a JSX component.
  Its type 'typeof View' is not a valid JSX element type.
    Type 'typeof View' is not assignable to type 'new (props: any, context: any) => Component<any, any, any>'.
      Type 'View' is missing the following properties from type 'Component<any, any, any>': context, setState, forceUpdate, render, and 2 more.
components/weatherDetail.tsx(90,19): error TS2607: JSX element class does not support attributes because it does not have a 'props' property.
components/weatherDetail.tsx(90,20): error TS2786: 'Text' cannot be used as a JSX component.
  Its type 'typeof Text' is not a valid JSX element type.
    Type 'typeof Text' is not assignable to type 'new (props: any, context: any) => Component<any, any, any>'.
      Type 'Text' is missing the following properties from type 'Component<any, any, any>': context, setState, forceUpdate, render, and 2 more.
components/weatherDetail.tsx(94,13): error TS2607: JSX element class does not support attributes because it does not have a 'props' property.
components/weatherDetail.tsx(94,14): error TS2786: 'Text' cannot be used as a JSX component.
  Its type 'typeof Text' is not a valid JSX element type.
    Type 'typeof Text' is not assignable to type 'new (props: any, context: any) => Component<any, any, any>'.
      Type 'Text' is missing the following properties from type 'Component<any, any, any>': context, setState, forceUpdate, render, and 2 more.
components/weatherDetail.tsx(98,13): error TS2607: JSX element class does not support attributes because it does not have a 'props' property.
components/weatherDetail.tsx(98,14): error TS2786: 'Switch' cannot be used as a JSX component.
  Its type 'typeof Switch' is not a valid JSX element type.
    Type 'typeof Switch' is not assignable to type 'new (props: any, context: any) => Component<any, any, any>'.
      Type 'Switch' is missing the following properties from type 'Component<any, any, any>': context, setState, forceUpdate, render, and 2 more.
components/weatherDetail.tsx(109,9): error TS2607: JSX element class does not support attributes because it does not have a 'props' property.
components/weatherDetail.tsx(109,10): error TS2786: 'View' cannot be used as a JSX component.
  Its type 'typeof View' is not a valid JSX element type.
    Type 'typeof View' is not assignable to type 'new (props: any, context: any) => Component<any, any, any>'.
      Type 'View' is missing the following properties from type 'Component<any, any, any>': context, setState, forceUpdate, render, and 2 more.
components/weatherDetail.tsx(110,11): error TS2607: JSX element class does not support attributes because it does not have a 'props' property.
components/weatherDetail.tsx(110,12): error TS2786: 'Text' cannot be used as a JSX component.
  Its type 'typeof Text' is not a valid JSX element type.
    Type 'typeof Text' is not assignable to type 'new (props: any, context: any) => Component<any, any, any>'.
      Type 'Text' is missing the following properties from type 'Component<any, any, any>': context, setState, forceUpdate, render, and 2 more.
components/weatherDetail.tsx(111,11): error TS2607: JSX element class does not support attributes because it does not have a 'props' property.
components/weatherDetail.tsx(111,12): error TS2786: 'Text' cannot be used as a JSX component.
  Its type 'typeof Text' is not a valid JSX element type.
    Type 'typeof Text' is not assignable to type 'new (props: any, context: any) => Component<any, any, any>'.
      Type 'Text' is missing the following properties from type 'Component<any, any, any>': context, setState, forceUpdate, render, and 2 more.
components/weatherDetail.tsx(115,11): error TS2607: JSX element class does not support attributes because it does not have a 'props' property.
components/weatherDetail.tsx(115,12): error TS2786: 'Text' cannot be used as a JSX component.
  Its type 'typeof Text' is not a valid JSX element type.
    Type 'typeof Text' is not assignable to type 'new (props: any, context: any) => Component<any, any, any>'.
      Type 'Text' is missing the following properties from type 'Component<any, any, any>': context, setState, forceUpdate, render, and 2 more.
node_modules/expo-modules-core/src/LegacyEventEmitter.ts(1,23): error TS7016: Could not find a declaration file for module 'invariant'. 'C:/Users/ADMIN/Desktop/Code/Agritech/frontend/node_modules/invariant/invariant.js' implicitly has an 'any' type.
  Try `npm i --save-dev @types/invariant` if it exists or add a new declaration (.d.ts) file containing `declare module 'invariant';`
node_modules/react-native-gesture-handler/src/components/DrawerLayout.tsx(11,23): error TS7016: Could not find a declaration file for module 'invariant'. 'C:/Users/ADMIN/Desktop/Code/Agritech/frontend/node_modules/invariant/invariant.js' implicitly has an 'any' type.
  Try `npm i --save-dev @types/invariant` if it exists or add a new declaration (.d.ts) file containing `declare module 'invariant';`
node_modules/react-native-gesture-handler/src/components/DrawerLayout.tsx(284,40): error TS2344: Type 'typeof View' does not satisfy the constraint 'ElementType<any, keyof IntrinsicElements>'.
  Type 'typeof View' is not assignable to type 'ComponentClass<any, any>'.
    Type 'View' is missing the following properties from type 'Component<any, any, any>': context, setState, forceUpdate, render, and 2 more.
node_modules/react-native-gesture-handler/src/components/DrawerLayout.tsx(286,40): error TS2344: Type 'typeof View' does not satisfy the constraint 'ElementType<any, keyof IntrinsicElements>'.
  Type 'typeof View' is not assignable to type 'ComponentClass<any, any>'.
    Type 'View' is missing the following properties from type 'Component<any, any, any>': context, setState, forceUpdate, render, and 2 more.
node_modules/react-native-gesture-handler/src/components/DrawerLayout.tsx(482,44): error TS2339: Property 'setNativeProps' does not exist on type '{}'.
node_modules/react-native-gesture-handler/src/components/DrawerLayout.tsx(485,37): error TS2339: Property 'setNativeProps' does not exist on type '{}'.
node_modules/react-native-gesture-handler/src/components/DrawerLayout.tsx(614,11): error TS2322: Type '{ pointerEvents: string; ref: RefObject<unknown>; style: ({ zIndex: number; position: "absolute"; left: 0; right: 0; top: 0; bottom: 0; } | { opacity: number | AnimatedInterpolation<string | number> | undefined; backgroundColor: string | undefined; })[]; }' is not assignable to type 'IntrinsicAttributes & AnimatedProps<{}>'.
  Property 'pointerEvents' does not exist on type 'IntrinsicAttributes & AnimatedProps<{}>'.
node_modules/react-native-gesture-handler/src/components/DrawerLayout.tsx(651,35): error TS18048: 'openValue' is possibly 'undefined'.
node_modules/react-native-gesture-handler/src/components/DrawerLayout.tsx(665,28): error TS18048: 'openValue' is possibly 'undefined'.
node_modules/react-native-gesture-handler/src/components/DrawerLayout.tsx(683,8): error TS2322: Type '{ children: Element[]; style: { flex: number; zIndex: number; overflow: "hidden"; }; onLayout: ({ nativeEvent }: LayoutChangeEvent) => void; }' is not assignable to type 'IntrinsicAttributes & AnimatedProps<{}>'.
  Property 'children' does not exist on type 'IntrinsicAttributes & AnimatedProps<{}>'.
node_modules/react-native-gesture-handler/src/components/DrawerLayout.tsx(684,10): error TS2322: Type '{ children: (ReactNode | Element)[]; style: (StyleProp<ViewStyle> | { position: "absolute"; left: 0; right: 0; top: 0; bottom: 0; })[]; importantForAccessibility: string; }' is not assignable to type 'IntrinsicAttributes & AnimatedProps<{}>'.
  Property 'children' does not exist on type 'IntrinsicAttributes & AnimatedProps<{}>'.
node_modules/react-native-gesture-handler/src/components/DrawerLayout.tsx(700,10): error TS2322: Type '{ children: Element; pointerEvents: string; ref: RefObject<unknown>; accessibilityViewIsModal: boolean; style: (StyleProp<ViewStyle> | { zIndex: number; ... 5 more ...; bottom: 0; } | { ...; })[]; }' is not assignable to type 'IntrinsicAttributes & AnimatedProps<{}>'.
  Property 'children' does not exist on type 'IntrinsicAttributes & AnimatedProps<{}>'.
node_modules/react-native-gesture-handler/src/components/DrawerLayout.tsx(705,11): error TS2607: JSX element class does not support attributes because it does not have a 'props' property.
node_modules/react-native-gesture-handler/src/components/DrawerLayout.tsx(705,12): error TS2786: 'View' cannot be used as a JSX component.
  Its type 'typeof View' is not a valid JSX element type.
    Type 'typeof View' is not assignable to type 'new (props: any, context: any) => Component<any, any, any>'.
      Type 'View' is missing the following properties from type 'Component<any, any, any>': context, setState, forceUpdate, render, and 2 more.
node_modules/react-native-gesture-handler/src/components/GestureButtons.tsx(139,9): error TS2322: Type '{ onGestureEvent: (e: GestureEvent<NativeViewGestureHandlerPayload>) => void; onHandlerStateChange: (e: HandlerStateChangeEvent<NativeViewGestureHandlerPayload>) => void; ... 76 more ...; style: StyleProp<...>[]; }' is not assignable to type 'IntrinsicAttributes & NativeViewGestureHandlerProps & RefAttributes<ComponentType<any>>'.
  Property 'rippleColor' does not exist on type 'IntrinsicAttributes & NativeViewGestureHandlerProps & RefAttributes<ComponentType<any>>'.
node_modules/react-native-gesture-handler/src/components/GestureButtons.tsx(205,11): error TS2322: Type '{ style: ({ position: "absolute"; left: number; right: number; bottom: number; top: number; } | { opacity: Value; backgroundColor: string | undefined; borderRadius: string | AnimatableNumericValue | undefined; borderTopLeftRadius: string | ... 1 more ... | undefined; borderTopRightRadius: string | ... 1 more ... | u...' is not assignable to type 'IntrinsicAttributes & AnimatedProps<{}>'.
  Property 'style' does not exist on type 'IntrinsicAttributes & AnimatedProps<{}>'.
node_modules/react-native-gesture-handler/src/components/GestureComponents.tsx(31,51): error TS2345: Argument of type 'typeof RefreshControl' is not assignable to parameter of type 'ComponentType<unknown>'.
  Type 'typeof RefreshControl' is not assignable to type 'ComponentClass<unknown, any>'.
    Type 'RefreshControl' is missing the following properties from type 'Component<unknown, any, any>': context, setState, forceUpdate, render, and 2 more.
node_modules/react-native-gesture-handler/src/components/GestureComponents.tsx(39,3): error TS2345: Argument of type 'typeof ScrollView' is not assignable to parameter of type 'ComponentType<PropsWithChildren<ScrollViewProps>>'.
  Type 'typeof ScrollView' is not assignable to type 'ComponentClass<PropsWithChildren<ScrollViewProps>, any>'.
    Type 'ScrollView' is missing the following properties from type 'Component<PropsWithChildren<ScrollViewProps>, any, any>': context, setState, forceUpdate, render, and 2 more.
node_modules/react-native-gesture-handler/src/components/GestureComponents.tsx(75,58): error TS2345: Argument of type 'typeof Switch' is not assignable to parameter of type 'ComponentType<SwitchProps>'.
  Type 'typeof Switch' is not assignable to type 'ComponentClass<SwitchProps, any>'.
    Type 'Switch' is missing the following properties from type 'Component<SwitchProps, any, any>': context, setState, forceUpdate, render, and 2 more.
node_modules/react-native-gesture-handler/src/components/GestureComponents.tsx(83,64): error TS2345: Argument of type 'typeof TextInput' is not assignable to parameter of type 'ComponentType<TextInputProps>'.
  Type 'typeof TextInput' is not assignable to type 'ComponentClass<TextInputProps, any>'.
    Type 'TextInput' is missing the following properties from type 'Component<TextInputProps, any, any>': context, setState, forceUpdate, render, and 2 more.
node_modules/react-native-gesture-handler/src/components/GestureComponents.tsx(89,3): error TS2345: Argument of type 'typeof DrawerLayoutAndroid' is not assignable to parameter of type 'ComponentType<PropsWithChildren<DrawerLayoutAndroidProps>>'.
  Type 'typeof DrawerLayoutAndroid' is not assignable to type 'ComponentClass<PropsWithChildren<DrawerLayoutAndroidProps>, any>'.
    Type 'DrawerLayoutAndroid' is missing the following properties from type 'Component<PropsWithChildren<DrawerLayoutAndroidProps>, any, any>': context, setState, forceUpdate, render, and 2 more.
node_modules/react-native-gesture-handler/src/components/GestureHandlerButton.tsx(1,10): error TS2305: Module '"react-native"' has no exported member 'HostComponent'.
node_modules/react-native-gesture-handler/src/components/gestureHandlerRootHOC.tsx(3,34): error TS7016: Could not find a declaration file for module 'hoist-non-react-statics'. 'C:/Users/ADMIN/Desktop/Code/Agritech/frontend/node_modules/hoist-non-react-statics/dist/hoist-non-react-statics.cjs.js' implicitly has an 'any' type.
  Try `npm i --save-dev @types/hoist-non-react-statics` if it exists or add a new declaration (.d.ts) file containing `declare module 'hoist-non-react-statics';`
node_modules/react-native-gesture-handler/src/components/GestureHandlerRootView.tsx(21,7): error TS2607: JSX element class does not support attributes because it does not have a 'props' property.
node_modules/react-native-gesture-handler/src/components/GestureHandlerRootView.tsx(21,8): error TS2786: 'View' cannot be used as a JSX component.
  Its type 'typeof View' is not a valid JSX element type.
    Type 'typeof View' is not assignable to type 'new (props: any, context: any) => Component<any, any, any>'.
      Type 'View' is missing the following properties from type 'Component<any, any, any>': context, setState, forceUpdate, render, and 2 more.
node_modules/react-native-gesture-handler/src/components/Pressable/Pressable.tsx(16,3): error TS2305: Module '"react-native"' has no exported member 'Insets'.
node_modules/react-native-gesture-handler/src/components/Pressable/Pressable.tsx(126,9): error TS2322: Type 'Timeout' is not assignable to type 'number'.
node_modules/react-native-gesture-handler/src/components/Pressable/Pressable.tsx(170,9): error TS2322: Type 'Timeout' is not assignable to type 'number'.
node_modules/react-native-gesture-handler/src/components/Pressable/Pressable.tsx(224,13): error TS2322: Type 'Timeout' is not assignable to type 'number'.
node_modules/react-native-gesture-handler/src/components/Pressable/Pressable.tsx(237,13): error TS2322: Type 'Timeout' is not assignable to type 'number'.
node_modules/react-native-gesture-handler/src/components/Pressable/PressableProps.tsx(4,3): error TS2305: Module '"react-native"' has no exported member 'Insets'.
node_modules/react-native-gesture-handler/src/components/Pressable/utils.ts(1,10): error TS2305: Module '"react-native"' has no exported member 'Insets'.
node_modules/react-native-gesture-handler/src/components/Swipeable.tsx(518,8): error TS2322: Type '{ children: (ReactNode | Element)[]; style: ({ flexDirection: "row" | "row-reverse"; position: "absolute"; left: 0; right: 0; top: 0; bottom: 0; } | { transform: { translateX: AnimatedInterpolation<...>; }[]; })[]; }' is not assignable to type 'IntrinsicAttributes & AnimatedProps<{}>'.
  Property 'children' does not exist on type 'IntrinsicAttributes & AnimatedProps<{}>'.
node_modules/react-native-gesture-handler/src/components/Swipeable.tsx(527,9): error TS2607: JSX element class does not support attributes because it does not have a 'props' property.
node_modules/react-native-gesture-handler/src/components/Swipeable.tsx(527,10): error TS2786: 'View' cannot be used as a JSX component.
  Its type 'typeof View' is not a valid JSX element type.
    Type 'typeof View' is not assignable to type 'new (props: any, context: any) => Component<any, any, any>'.
      Type 'View' is missing the following properties from type 'Component<any, any, any>': context, setState, forceUpdate, render, and 2 more.
node_modules/react-native-gesture-handler/src/components/Swipeable.tsx(528,24): error TS7031: Binding element 'nativeEvent' implicitly has an 'any' type.
node_modules/react-native-gesture-handler/src/components/Swipeable.tsx(536,8): error TS2322: Type '{ children: (ReactNode | Element)[]; style: ({ flexDirection: "row" | "row-reverse"; position: "absolute"; left: 0; right: 0; top: 0; bottom: 0; } | { transform: { translateX: AnimatedInterpolation<...>; }[]; })[]; }' is not assignable to type 'IntrinsicAttributes & AnimatedProps<{}>'.
  Property 'children' does not exist on type 'IntrinsicAttributes & AnimatedProps<{}>'.
node_modules/react-native-gesture-handler/src/components/Swipeable.tsx(542,9): error TS2607: JSX element class does not support attributes because it does not have a 'props' property.
node_modules/react-native-gesture-handler/src/components/Swipeable.tsx(542,10): error TS2786: 'View' cannot be used as a JSX component.
  Its type 'typeof View' is not a valid JSX element type.
    Type 'typeof View' is not assignable to type 'new (props: any, context: any) => Component<any, any, any>'.
      Type 'View' is missing the following properties from type 'Component<any, any, any>': context, setState, forceUpdate, render, and 2 more.
node_modules/react-native-gesture-handler/src/components/Swipeable.tsx(543,24): error TS7031: Binding element 'nativeEvent' implicitly has an 'any' type.
node_modules/react-native-gesture-handler/src/components/Swipeable.tsx(557,10): error TS2322: Type '{ children: (Element | undefined)[]; onLayout: ({ nativeEvent }: LayoutChangeEvent) => void; style: (StyleProp<ViewStyle> | { overflow: "hidden"; })[]; }' is not assignable to type 'IntrinsicAttributes & AnimatedProps<{}>'.
  Property 'children' does not exist on type 'IntrinsicAttributes & AnimatedProps<{}>'.
node_modules/react-native-gesture-handler/src/components/Swipeable.tsx(566,14): error TS2322: Type '{ children: ReactNode; pointerEvents: string; style: StyleProp<ViewStyle>[]; }' is not assignable to type 'IntrinsicAttributes & AnimatedProps<{}>'.
  Property 'children' does not exist on type 'IntrinsicAttributes & AnimatedProps<{}>'.
node_modules/react-native-gesture-handler/src/components/Text.tsx(20,42): error TS2344: Type 'typeof Text' does not satisfy the constraint 'ElementType<any, keyof IntrinsicElements>'.
  Type 'typeof Text' is not assignable to type 'ComponentClass<any, any>'.
    Type 'Text' is missing the following properties from type 'Component<any, any, any>': context, setState, forceUpdate, render, and 2 more.
node_modules/react-native-gesture-handler/src/components/Text.tsx(52,48): error TS2344: Type 'typeof Text' does not satisfy the constraint 'ElementType<any, keyof IntrinsicElements>'.
  Type 'typeof Text' is not assignable to type 'ComponentClass<any, any>'.
    Type 'Text' is missing the following properties from type 'Component<any, any, any>': context, setState, forceUpdate, render, and 2 more.
node_modules/react-native-gesture-handler/src/components/Text.tsx(64,9): error TS2607: JSX element class does not support attributes because it does not have a 'props' property.
node_modules/react-native-gesture-handler/src/components/Text.tsx(64,10): error TS2786: 'RNText' cannot be used as a JSX component.
  Its type 'typeof Text' is not a valid JSX element type.
    Type 'typeof Text' is not assignable to type 'new (props: any, context: any) => Component<any, any, any>'.
      Type 'Text' is missing the following properties from type 'Component<any, any, any>': context, setState, forceUpdate, render, and 2 more.
node_modules/react-native-gesture-handler/src/components/Text.tsx(72,7): error TS2607: JSX element class does not support attributes because it does not have a 'props' property.
node_modules/react-native-gesture-handler/src/components/Text.tsx(72,8): error TS2786: 'RNText' cannot be used as a JSX component.
  Its type 'typeof Text' is not a valid JSX element type.
    Type 'typeof Text' is not assignable to type 'new (props: any, context: any) => Component<any, any, any>'.
      Type 'Text' is missing the following properties from type 'Component<any, any, any>': context, setState, forceUpdate, render, and 2 more.
node_modules/react-native-gesture-handler/src/components/touchables/GenericTouchable.tsx(269,10): error TS2322: Type '{ children: ReactNode; style: StyleProp<ViewStyle>; accessible: boolean; accessibilityLabel: string | undefined; accessibilityHint: string | undefined; ... 5 more ...; onLayout: ((event: LayoutChangeEvent) => void) | undefined; }' is not assignable to type 'IntrinsicAttributes & AnimatedProps<{}>'.
  Property 'children' does not exist on type 'IntrinsicAttributes & AnimatedProps<{}>'.
node_modules/react-native-gesture-handler/src/components/touchables/GenericTouchableProps.ts(5,3): error TS2305: Module '"react-native"' has no exported member 'Insets'.
node_modules/react-native-gesture-handler/src/components/touchables/TouchableHighlight.tsx(84,15): error TS2786: 'View' cannot be used as a JSX component.
  Its type 'typeof View' is not a valid JSX element type.
    Type 'typeof View' is not assignable to type 'new (props: any, context: any) => Component<any, any, any>'.
      Type 'View' is missing the following properties from type 'Component<any, any, any>': context, setState, forceUpdate, render, and 2 more.
node_modules/react-native-gesture-handler/src/components/touchables/TouchableOpacity.tsx(74,55): error TS2786: 'View' cannot be used as a JSX component.
  Its type 'typeof View' is not a valid JSX element type.
    Type 'typeof View' is not assignable to type 'new (props: any, context: any) => Component<any, any, any>'.
      Type 'View' is missing the following properties from type 'Component<any, any, any>': context, setState, forceUpdate, render, and 2 more.
node_modules/react-native-gesture-handler/src/web/handlers/FlingGestureHandler.ts(46,5): error TS2322: Type 'Timeout' is not assignable to type 'number'.
node_modules/react-native-gesture-handler/src/web/handlers/LongPressGestureHandler.ts(150,7): error TS2322: Type 'Timeout' is not assignable to type 'number'.
node_modules/react-native-gesture-handler/src/web/handlers/PanGestureHandler.ts(360,5): error TS2322: Type 'Timeout' is not assignable to type 'number'.
node_modules/react-native-gesture-handler/src/web/handlers/PanGestureHandler.ts(529,9): error TS2322: Type 'Timeout' is not assignable to type 'number'.
node_modules/react-native-gesture-handler/src/web/handlers/TapGestureHandler.ts(86,5): error TS2322: Type 'Timeout' is not assignable to type 'number'.
node_modules/react-native-gesture-handler/src/web/handlers/TapGestureHandler.ts(98,7): error TS2322: Type 'Timeout' is not assignable to type 'number'.
src/components/BackendDataFetcher.tsx(32,13): error TS2607: JSX element class does not support attributes because it does not have a 'props' property.
src/components/BackendDataFetcher.tsx(32,14): error TS2786: 'View' cannot be used as a JSX component.
  Its type 'typeof View' is not a valid JSX element type.
    Type 'typeof View' is not assignable to type 'new (props: any, context: any) => Component<any, any, any>'.
      Type 'View' is missing the following properties from type 'Component<any, any, any>': context, setState, forceUpdate, render, and 2 more.
src/components/BackendDataFetcher.tsx(33,17): error TS2607: JSX element class does not support attributes because it does not have a 'props' property.
src/components/BackendDataFetcher.tsx(33,18): error TS2786: 'ActivityIndicator' cannot be used as a JSX component.
  Its type 'typeof ActivityIndicator' is not a valid JSX element type.
    Type 'typeof ActivityIndicator' is not assignable to type 'new (props: any, context: any) => Component<any, any, any>'.
      Type 'ActivityIndicator' is missing the following properties from type 'Component<any, any, any>': context, setState, forceUpdate, render, and 2 more.
src/components/BackendDataFetcher.tsx(34,17): error TS2607: JSX element class does not support attributes because it does not have a 'props' property.
src/components/BackendDataFetcher.tsx(34,18): error TS2786: 'Text' cannot be used as a JSX component.
  Its type 'typeof Text' is not a valid JSX element type.
    Type 'typeof Text' is not assignable to type 'new (props: any, context: any) => Component<any, any, any>'.
      Type 'Text' is missing the following properties from type 'Component<any, any, any>': context, setState, forceUpdate, render, and 2 more.
src/components/BackendDataFetcher.tsx(41,13): error TS2607: JSX element class does not support attributes because it does not have a 'props' property.
src/components/BackendDataFetcher.tsx(41,14): error TS2786: 'View' cannot be used as a JSX component.
  Its type 'typeof View' is not a valid JSX element type.
    Type 'typeof View' is not assignable to type 'new (props: any, context: any) => Component<any, any, any>'.
      Type 'View' is missing the following properties from type 'Component<any, any, any>': context, setState, forceUpdate, render, and 2 more.
src/components/BackendDataFetcher.tsx(42,17): error TS2607: JSX element class does not support attributes because it does not have a 'props' property.
src/components/BackendDataFetcher.tsx(42,18): error TS2786: 'Text' cannot be used as a JSX component.
  Its type 'typeof Text' is not a valid JSX element type.
    Type 'typeof Text' is not assignable to type 'new (props: any, context: any) => Component<any, any, any>'.
      Type 'Text' is missing the following properties from type 'Component<any, any, any>': context, setState, forceUpdate, render, and 2 more.
src/components/BackendDataFetcher.tsx(44,21): error TS2607: JSX element class does not support attributes because it does not have a 'props' property.
src/components/BackendDataFetcher.tsx(44,22): error TS2786: 'Text' cannot be used as a JSX component.
  Its type 'typeof Text' is not a valid JSX element type.
    Type 'typeof Text' is not assignable to type 'new (props: any, context: any) => Component<any, any, any>'.
      Type 'Text' is missing the following properties from type 'Component<any, any, any>': context, setState, forceUpdate, render, and 2 more.
src/components/BackendDataFetcher.tsx(53,9): error TS2607: JSX element class does not support attributes because it does not have a 'props' property.
src/components/BackendDataFetcher.tsx(53,10): error TS2786: 'View' cannot be used as a JSX component.
  Its type 'typeof View' is not a valid JSX element type.
    Type 'typeof View' is not assignable to type 'new (props: any, context: any) => Component<any, any, any>'.
      Type 'View' is missing the following properties from type 'Component<any, any, any>': context, setState, forceUpdate, render, and 2 more.
src/screens/Analytics/AnalyticsScreen.tsx(81,9): error TS2607: JSX element class does not support attributes because it does not have a 'props' property.
src/screens/Analytics/AnalyticsScreen.tsx(81,10): error TS2786: 'View' cannot be used as a JSX component.
  Its type 'typeof View' is not a valid JSX element type.
    Type 'typeof View' is not assignable to type 'new (props: any, context: any) => Component<any, any, any>'.
      Type 'View' is missing the following properties from type 'Component<any, any, any>': context, setState, forceUpdate, render, and 2 more.
src/screens/Analytics/AnalyticsScreen.tsx(82,13): error TS2607: JSX element class does not support attributes because it does not have a 'props' property.
src/screens/Analytics/AnalyticsScreen.tsx(82,14): error TS2786: 'View' cannot be used as a JSX component.
  Its type 'typeof View' is not a valid JSX element type.
    Type 'typeof View' is not assignable to type 'new (props: any, context: any) => Component<any, any, any>'.
      Type 'View' is missing the following properties from type 'Component<any, any, any>': context, setState, forceUpdate, render, and 2 more.
src/screens/Analytics/AnalyticsScreen.tsx(90,17): error TS2607: JSX element class does not support attributes because it does not have a 'props' property.
src/screens/Analytics/AnalyticsScreen.tsx(90,18): error TS2786: 'View' cannot be used as a JSX component.
  Its type 'typeof View' is not a valid JSX element type.
    Type 'typeof View' is not assignable to type 'new (props: any, context: any) => Component<any, any, any>'.
      Type 'View' is missing the following properties from type 'Component<any, any, any>': context, setState, forceUpdate, render, and 2 more.
src/screens/Analytics/AnalyticsScreen.tsx(97,13): error TS2607: JSX element class does not support attributes because it does not have a 'props' property.
src/screens/Analytics/AnalyticsScreen.tsx(97,14): error TS2786: 'Text' cannot be used as a JSX component.
  Its type 'typeof Text' is not a valid JSX element type.
    Type 'typeof Text' is not assignable to type 'new (props: any, context: any) => Component<any, any, any>'.
      Type 'Text' is missing the following properties from type 'Component<any, any, any>': context, setState, forceUpdate, render, and 2 more.
src/screens/Analytics/AnalyticsScreen.tsx(102,9): error TS2607: JSX element class does not support attributes because it does not have a 'props' property.
src/screens/Analytics/AnalyticsScreen.tsx(102,10): error TS2786: 'View' cannot be used as a JSX component.
  Its type 'typeof View' is not a valid JSX element type.
    Type 'typeof View' is not assignable to type 'new (props: any, context: any) => Component<any, any, any>'.
      Type 'View' is missing the following properties from type 'Component<any, any, any>': context, setState, forceUpdate, render, and 2 more.
src/screens/Analytics/AnalyticsScreen.tsx(103,13): error TS2607: JSX element class does not support attributes because it does not have a 'props' property.
src/screens/Analytics/AnalyticsScreen.tsx(103,14): error TS2786: 'View' cannot be used as a JSX component.
  Its type 'typeof View' is not a valid JSX element type.
    Type 'typeof View' is not assignable to type 'new (props: any, context: any) => Component<any, any, any>'.
      Type 'View' is missing the following properties from type 'Component<any, any, any>': context, setState, forceUpdate, render, and 2 more.
src/screens/Analytics/AnalyticsScreen.tsx(106,14): error TS2786: 'View' cannot be used as a JSX component.
  Its type 'typeof View' is not a valid JSX element type.
    Type 'typeof View' is not assignable to type 'new (props: any, context: any) => Component<any, any, any>'.
      Type 'View' is missing the following properties from type 'Component<any, any, any>': context, setState, forceUpdate, render, and 2 more.
src/screens/Analytics/AnalyticsScreen.tsx(107,17): error TS2607: JSX element class does not support attributes because it does not have a 'props' property.
src/screens/Analytics/AnalyticsScreen.tsx(107,18): error TS2786: 'Text' cannot be used as a JSX component.
  Its type 'typeof Text' is not a valid JSX element type.
    Type 'typeof Text' is not assignable to type 'new (props: any, context: any) => Component<any, any, any>'.
      Type 'Text' is missing the following properties from type 'Component<any, any, any>': context, setState, forceUpdate, render, and 2 more.
src/screens/Analytics/AnalyticsScreen.tsx(108,17): error TS2607: JSX element class does not support attributes because it does not have a 'props' property.
src/screens/Analytics/AnalyticsScreen.tsx(108,18): error TS2786: 'Text' cannot be used as a JSX component.
  Its type 'typeof Text' is not a valid JSX element type.
    Type 'typeof Text' is not assignable to type 'new (props: any, context: any) => Component<any, any, any>'.
      Type 'Text' is missing the following properties from type 'Component<any, any, any>': context, setState, forceUpdate, render, and 2 more.
src/screens/Analytics/AnalyticsScreen.tsx(109,17): error TS2607: JSX element class does not support attributes because it does not have a 'props' property.
src/screens/Analytics/AnalyticsScreen.tsx(109,18): error TS2786: 'Text' cannot be used as a JSX component.
  Its type 'typeof Text' is not a valid JSX element type.
    Type 'typeof Text' is not assignable to type 'new (props: any, context: any) => Component<any, any, any>'.
      Type 'Text' is missing the following properties from type 'Component<any, any, any>': context, setState, forceUpdate, render, and 2 more.
src/screens/Analytics/AnalyticsScreen.tsx(119,13): error TS2607: JSX element class does not support attributes because it does not have a 'props' property.
src/screens/Analytics/AnalyticsScreen.tsx(119,14): error TS2786: 'View' cannot be used as a JSX component.
  Its type 'typeof View' is not a valid JSX element type.
    Type 'typeof View' is not assignable to type 'new (props: any, context: any) => Component<any, any, any>'.
      Type 'View' is missing the following properties from type 'Component<any, any, any>': context, setState, forceUpdate, render, and 2 more.
src/screens/Analytics/AnalyticsScreen.tsx(120,17): error TS2607: JSX element class does not support attributes because it does not have a 'props' property.
src/screens/Analytics/AnalyticsScreen.tsx(120,18): error TS2786: 'Text' cannot be used as a JSX component.
  Its type 'typeof Text' is not a valid JSX element type.
    Type 'typeof Text' is not assignable to type 'new (props: any, context: any) => Component<any, any, any>'.
      Type 'Text' is missing the following properties from type 'Component<any, any, any>': context, setState, forceUpdate, render, and 2 more.
src/screens/Analytics/AnalyticsScreen.tsx(122,21): error TS2607: JSX element class does not support attributes because it does not have a 'props' property.
src/screens/Analytics/AnalyticsScreen.tsx(122,22): error TS2786: 'Text' cannot be used as a JSX component.
  Its type 'typeof Text' is not a valid JSX element type.
    Type 'typeof Text' is not assignable to type 'new (props: any, context: any) => Component<any, any, any>'.
      Type 'Text' is missing the following properties from type 'Component<any, any, any>': context, setState, forceUpdate, render, and 2 more.
src/screens/Analytics/AnalyticsScreen.tsx(127,13): error TS2607: JSX element class does not support attributes because it does not have a 'props' property.
src/screens/Analytics/AnalyticsScreen.tsx(127,14): error TS2786: 'ScrollView' cannot be used as a JSX component.
  Its type 'typeof ScrollView' is not a valid JSX element type.
    Type 'typeof ScrollView' is not assignable to type 'new (props: any, context: any) => Component<any, any, any>'.
      Type 'ScrollView' is missing the following properties from type 'Component<any, any, any>': context, setState, forceUpdate, render, and 2 more.
src/screens/Analytics/AnalyticsScreen.tsx(129,17): error TS2607: JSX element class does not support attributes because it does not have a 'props' property.
src/screens/Analytics/AnalyticsScreen.tsx(129,18): error TS2786: 'View' cannot be used as a JSX component.
  Its type 'typeof View' is not a valid JSX element type.
    Type 'typeof View' is not assignable to type 'new (props: any, context: any) => Component<any, any, any>'.
      Type 'View' is missing the following properties from type 'Component<any, any, any>': context, setState, forceUpdate, render, and 2 more.
src/screens/Analytics/AnalyticsScreen.tsx(130,21): error TS2607: JSX element class does not support attributes because it does not have a 'props' property.
src/screens/Analytics/AnalyticsScreen.tsx(130,22): error TS2786: 'View' cannot be used as a JSX component.
  Its type 'typeof View' is not a valid JSX element type.
    Type 'typeof View' is not assignable to type 'new (props: any, context: any) => Component<any, any, any>'.
      Type 'View' is missing the following properties from type 'Component<any, any, any>': context, setState, forceUpdate, render, and 2 more.
src/screens/Analytics/AnalyticsScreen.tsx(131,25): error TS2607: JSX element class does not support attributes because it does not have a 'props' property.
src/screens/Analytics/AnalyticsScreen.tsx(131,26): error TS2786: 'Text' cannot be used as a JSX component.
  Its type 'typeof Text' is not a valid JSX element type.
    Type 'typeof Text' is not assignable to type 'new (props: any, context: any) => Component<any, any, any>'.
      Type 'Text' is missing the following properties from type 'Component<any, any, any>': context, setState, forceUpdate, render, and 2 more.
src/screens/Analytics/AnalyticsScreen.tsx(136,21): error TS2607: JSX element class does not support attributes because it does not have a 'props' property.
src/screens/Analytics/AnalyticsScreen.tsx(136,22): error TS2786: 'ScrollView' cannot be used as a JSX component.
  Its type 'typeof ScrollView' is not a valid JSX element type.
    Type 'typeof ScrollView' is not assignable to type 'new (props: any, context: any) => Component<any, any, any>'.
      Type 'ScrollView' is missing the following properties from type 'Component<any, any, any>': context, setState, forceUpdate, render, and 2 more.
src/screens/Analytics/AnalyticsScreen.tsx(144,17): error TS2607: JSX element class does not support attributes because it does not have a 'props' property.
src/screens/Analytics/AnalyticsScreen.tsx(144,18): error TS2786: 'View' cannot be used as a JSX component.
  Its type 'typeof View' is not a valid JSX element type.
    Type 'typeof View' is not assignable to type 'new (props: any, context: any) => Component<any, any, any>'.
      Type 'View' is missing the following properties from type 'Component<any, any, any>': context, setState, forceUpdate, render, and 2 more.
src/screens/Analytics/AnalyticsScreen.tsx(154,17): error TS2607: JSX element class does not support attributes because it does not have a 'props' property.
src/screens/Analytics/AnalyticsScreen.tsx(154,18): error TS2786: 'Text' cannot be used as a JSX component.
  Its type 'typeof Text' is not a valid JSX element type.
    Type 'typeof Text' is not assignable to type 'new (props: any, context: any) => Component<any, any, any>'.
      Type 'Text' is missing the following properties from type 'Component<any, any, any>': context, setState, forceUpdate, render, and 2 more.
src/screens/Analytics/AnalyticsScreen.tsx(156,21): error TS2607: JSX element class does not support attributes because it does not have a 'props' property.
src/screens/Analytics/AnalyticsScreen.tsx(156,22): error TS2786: 'View' cannot be used as a JSX component.
  Its type 'typeof View' is not a valid JSX element type.
    Type 'typeof View' is not assignable to type 'new (props: any, context: any) => Component<any, any, any>'.
      Type 'View' is missing the following properties from type 'Component<any, any, any>': context, setState, forceUpdate, render, and 2 more.
src/screens/Analytics/AnalyticsScreen.tsx(158,25): error TS2607: JSX element class does not support attributes because it does not have a 'props' property.
src/screens/Analytics/AnalyticsScreen.tsx(158,26): error TS2786: 'View' cannot be used as a JSX component.
  Its type 'typeof View' is not a valid JSX element type.
    Type 'typeof View' is not assignable to type 'new (props: any, context: any) => Component<any, any, any>'.
      Type 'View' is missing the following properties from type 'Component<any, any, any>': context, setState, forceUpdate, render, and 2 more.
src/screens/Analytics/AnalyticsScreen.tsx(159,29): error TS2607: JSX element class does not support attributes because it does not have a 'props' property.
src/screens/Analytics/AnalyticsScreen.tsx(159,30): error TS2786: 'Text' cannot be used as a JSX component.
  Its type 'typeof Text' is not a valid JSX element type.
    Type 'typeof Text' is not assignable to type 'new (props: any, context: any) => Component<any, any, any>'.
      Type 'Text' is missing the following properties from type 'Component<any, any, any>': context, setState, forceUpdate, render, and 2 more.
src/screens/Analytics/AnalyticsScreen.tsx(160,29): error TS2607: JSX element class does not support attributes because it does not have a 'props' property.
src/screens/Analytics/AnalyticsScreen.tsx(160,30): error TS2786: 'Text' cannot be used as a JSX component.
  Its type 'typeof Text' is not a valid JSX element type.
    Type 'typeof Text' is not assignable to type 'new (props: any, context: any) => Component<any, any, any>'.
      Type 'Text' is missing the following properties from type 'Component<any, any, any>': context, setState, forceUpdate, render, and 2 more.
src/screens/Analytics/AnalyticsScreen.tsx(165,17): error TS2607: JSX element class does not support attributes because it does not have a 'props' property.
src/screens/Analytics/AnalyticsScreen.tsx(165,18): error TS2786: 'View' cannot be used as a JSX component.
  Its type 'typeof View' is not a valid JSX element type.
    Type 'typeof View' is not assignable to type 'new (props: any, context: any) => Component<any, any, any>'.
      Type 'View' is missing the following properties from type 'Component<any, any, any>': context, setState, forceUpdate, render, and 2 more.
src/screens/Chat/ChatDetailScreen.tsx(118,13): error TS2607: JSX element class does not support attributes because it does not have a 'props' property.
src/screens/Chat/ChatDetailScreen.tsx(118,14): error TS2786: 'View' cannot be used as a JSX component.
  Its type 'typeof View' is not a valid JSX element type.
    Type 'typeof View' is not assignable to type 'new (props: any, context: any) => Component<any, any, any>'.
      Type 'View' is missing the following properties from type 'Component<any, any, any>': context, setState, forceUpdate, render, and 2 more.
src/screens/Chat/ChatDetailScreen.tsx(123,21): error TS2607: JSX element class does not support attributes because it does not have a 'props' property.
src/screens/Chat/ChatDetailScreen.tsx(123,22): error TS2786: 'Image' cannot be used as a JSX component.
  Its type 'typeof Image' is not a valid JSX element type.
    Type 'typeof Image' is not assignable to type 'new (props: any, context: any) => Component<any, any, any>'.
      Type 'Image' is missing the following properties from type 'Component<any, any, any>': context, setState, forceUpdate, render, and 2 more.
src/screens/Chat/ChatDetailScreen.tsx(125,17): error TS2607: JSX element class does not support attributes because it does not have a 'props' property.
src/screens/Chat/ChatDetailScreen.tsx(125,18): error TS2786: 'View' cannot be used as a JSX component.
  Its type 'typeof View' is not a valid JSX element type.
    Type 'typeof View' is not assignable to type 'new (props: any, context: any) => Component<any, any, any>'.
      Type 'View' is missing the following properties from type 'Component<any, any, any>': context, setState, forceUpdate, render, and 2 more.
src/screens/Chat/ChatDetailScreen.tsx(131,25): error TS2607: JSX element class does not support attributes because it does not have a 'props' property.
src/screens/Chat/ChatDetailScreen.tsx(131,26): error TS2786: 'Image' cannot be used as a JSX component.
  Its type 'typeof Image' is not a valid JSX element type.
    Type 'typeof Image' is not assignable to type 'new (props: any, context: any) => Component<any, any, any>'.
      Type 'Image' is missing the following properties from type 'Component<any, any, any>': context, setState, forceUpdate, render, and 2 more.
src/screens/Chat/ChatDetailScreen.tsx(133,25): error TS2607: JSX element class does not support attributes because it does not have a 'props' property.
src/screens/Chat/ChatDetailScreen.tsx(133,26): error TS2786: 'Text' cannot be used as a JSX component.
  Its type 'typeof Text' is not a valid JSX element type.
    Type 'typeof Text' is not assignable to type 'new (props: any, context: any) => Component<any, any, any>'.
      Type 'Text' is missing the following properties from type 'Component<any, any, any>': context, setState, forceUpdate, render, and 2 more.
src/screens/Chat/ChatDetailScreen.tsx(138,21): error TS2607: JSX element class does not support attributes because it does not have a 'props' property.
src/screens/Chat/ChatDetailScreen.tsx(138,22): error TS2786: 'View' cannot be used as a JSX component.
  Its type 'typeof View' is not a valid JSX element type.
    Type 'typeof View' is not assignable to type 'new (props: any, context: any) => Component<any, any, any>'.
      Type 'View' is missing the following properties from type 'Component<any, any, any>': context, setState, forceUpdate, render, and 2 more.
src/screens/Chat/ChatDetailScreen.tsx(139,25): error TS2607: JSX element class does not support attributes because it does not have a 'props' property.
src/screens/Chat/ChatDetailScreen.tsx(139,26): error TS2786: 'Text' cannot be used as a JSX component.
  Its type 'typeof Text' is not a valid JSX element type.
    Type 'typeof Text' is not assignable to type 'new (props: any, context: any) => Component<any, any, any>'.
      Type 'Text' is missing the following properties from type 'Component<any, any, any>': context, setState, forceUpdate, render, and 2 more.
src/screens/Chat/ChatDetailScreen.tsx(159,13): error TS2607: JSX element class does not support attributes because it does not have a 'props' property.
src/screens/Chat/ChatDetailScreen.tsx(159,14): error TS2786: 'View' cannot be used as a JSX component.
  Its type 'typeof View' is not a valid JSX element type.
    Type 'typeof View' is not assignable to type 'new (props: any, context: any) => Component<any, any, any>'.
      Type 'View' is missing the following properties from type 'Component<any, any, any>': context, setState, forceUpdate, render, and 2 more.
src/screens/Chat/ChatDetailScreen.tsx(164,17): error TS2607: JSX element class does not support attributes because it does not have a 'props' property.
src/screens/Chat/ChatDetailScreen.tsx(164,18): error TS2786: 'View' cannot be used as a JSX component.
  Its type 'typeof View' is not a valid JSX element type.
    Type 'typeof View' is not assignable to type 'new (props: any, context: any) => Component<any, any, any>'.
      Type 'View' is missing the following properties from type 'Component<any, any, any>': context, setState, forceUpdate, render, and 2 more.
src/screens/Chat/ChatDetailScreen.tsx(165,22): error TS2786: 'View' cannot be used as a JSX component.
  Its type 'typeof View' is not a valid JSX element type.
    Type 'typeof View' is not assignable to type 'new (props: any, context: any) => Component<any, any, any>'.
      Type 'View' is missing the following properties from type 'Component<any, any, any>': context, setState, forceUpdate, render, and 2 more.
src/screens/Chat/ChatDetailScreen.tsx(166,25): error TS2607: JSX element class does not support attributes because it does not have a 'props' property.
src/screens/Chat/ChatDetailScreen.tsx(166,26): error TS2786: 'Image' cannot be used as a JSX component.
  Its type 'typeof Image' is not a valid JSX element type.
    Type 'typeof Image' is not assignable to type 'new (props: any, context: any) => Component<any, any, any>'.
      Type 'Image' is missing the following properties from type 'Component<any, any, any>': context, setState, forceUpdate, render, and 2 more.
src/screens/Chat/ChatDetailScreen.tsx(167,36): error TS2607: JSX element class does not support attributes because it does not have a 'props' property.
src/screens/Chat/ChatDetailScreen.tsx(167,37): error TS2786: 'View' cannot be used as a JSX component.
  Its type 'typeof View' is not a valid JSX element type.
    Type 'typeof View' is not assignable to type 'new (props: any, context: any) => Component<any, any, any>'.
      Type 'View' is missing the following properties from type 'Component<any, any, any>': context, setState, forceUpdate, render, and 2 more.
src/screens/Chat/ChatDetailScreen.tsx(169,21): error TS2607: JSX element class does not support attributes because it does not have a 'props' property.
src/screens/Chat/ChatDetailScreen.tsx(169,22): error TS2786: 'View' cannot be used as a JSX component.
  Its type 'typeof View' is not a valid JSX element type.
    Type 'typeof View' is not assignable to type 'new (props: any, context: any) => Component<any, any, any>'.
      Type 'View' is missing the following properties from type 'Component<any, any, any>': context, setState, forceUpdate, render, and 2 more.
src/screens/Chat/ChatDetailScreen.tsx(170,25): error TS2607: JSX element class does not support attributes because it does not have a 'props' property.
src/screens/Chat/ChatDetailScreen.tsx(170,26): error TS2786: 'Text' cannot be used as a JSX component.
  Its type 'typeof Text' is not a valid JSX element type.
    Type 'typeof Text' is not assignable to type 'new (props: any, context: any) => Component<any, any, any>'.
      Type 'Text' is missing the following properties from type 'Component<any, any, any>': context, setState, forceUpdate, render, and 2 more.
src/screens/Chat/ChatDetailScreen.tsx(171,25): error TS2607: JSX element class does not support attributes because it does not have a 'props' property.
src/screens/Chat/ChatDetailScreen.tsx(171,26): error TS2786: 'Text' cannot be used as a JSX component.
  Its type 'typeof Text' is not a valid JSX element type.
    Type 'typeof Text' is not assignable to type 'new (props: any, context: any) => Component<any, any, any>'.
      Type 'Text' is missing the following properties from type 'Component<any, any, any>': context, setState, forceUpdate, render, and 2 more.
src/screens/Chat/ChatDetailScreen.tsx(175,17): error TS2607: JSX element class does not support attributes because it does not have a 'props' property.
src/screens/Chat/ChatDetailScreen.tsx(175,18): error TS2786: 'View' cannot be used as a JSX component.
  Its type 'typeof View' is not a valid JSX element type.
    Type 'typeof View' is not assignable to type 'new (props: any, context: any) => Component<any, any, any>'.
      Type 'View' is missing the following properties from type 'Component<any, any, any>': context, setState, forceUpdate, render, and 2 more.
src/screens/Chat/ChatDetailScreen.tsx(195,25): error TS2607: JSX element class does not support attributes because it does not have a 'props' property.
src/screens/Chat/ChatDetailScreen.tsx(195,26): error TS2786: 'View' cannot be used as a JSX component.
  Its type 'typeof View' is not a valid JSX element type.
    Type 'typeof View' is not assignable to type 'new (props: any, context: any) => Component<any, any, any>'.
      Type 'View' is missing the following properties from type 'Component<any, any, any>': context, setState, forceUpdate, render, and 2 more.
src/screens/Chat/ChatDetailScreen.tsx(196,29): error TS2607: JSX element class does not support attributes because it does not have a 'props' property.
src/screens/Chat/ChatDetailScreen.tsx(196,30): error TS2786: 'Text' cannot be used as a JSX component.
  Its type 'typeof Text' is not a valid JSX element type.
    Type 'typeof Text' is not assignable to type 'new (props: any, context: any) => Component<any, any, any>'.
      Type 'Text' is missing the following properties from type 'Component<any, any, any>': context, setState, forceUpdate, render, and 2 more.
src/screens/Chat/ChatDetailScreen.tsx(203,13): error TS2607: JSX element class does not support attributes because it does not have a 'props' property.
src/screens/Chat/ChatDetailScreen.tsx(203,14): error TS2786: 'KeyboardAvoidingView' cannot be used as a JSX component.
  Its type 'typeof KeyboardAvoidingView' is not a valid JSX element type.
    Type 'typeof KeyboardAvoidingView' is not assignable to type 'new (props: any, context: any) => Component<any, any, any>'.
      Type 'KeyboardAvoidingView' is missing the following properties from type 'Component<any, any, any>': context, setState, forceUpdate, render, and 2 more.
src/screens/Chat/ChatDetailScreen.tsx(207,17): error TS2607: JSX element class does not support attributes because it does not have a 'props' property.
src/screens/Chat/ChatDetailScreen.tsx(207,18): error TS2786: 'View' cannot be used as a JSX component.
  Its type 'typeof View' is not a valid JSX element type.
    Type 'typeof View' is not assignable to type 'new (props: any, context: any) => Component<any, any, any>'.
      Type 'View' is missing the following properties from type 'Component<any, any, any>': context, setState, forceUpdate, render, and 2 more.
src/screens/Chat/ChatDetailScreen.tsx(212,21): error TS2607: JSX element class does not support attributes because it does not have a 'props' property.
src/screens/Chat/ChatDetailScreen.tsx(212,22): error TS2786: 'View' cannot be used as a JSX component.
  Its type 'typeof View' is not a valid JSX element type.
    Type 'typeof View' is not assignable to type 'new (props: any, context: any) => Component<any, any, any>'.
      Type 'View' is missing the following properties from type 'Component<any, any, any>': context, setState, forceUpdate, render, and 2 more.
src/screens/Chat/ChatDetailScreen.tsx(213,25): error TS2607: JSX element class does not support attributes because it does not have a 'props' property.
src/screens/Chat/ChatDetailScreen.tsx(213,26): error TS2786: 'TextInput' cannot be used as a JSX component.
  Its type 'typeof TextInput' is not a valid JSX element type.
    Type 'typeof TextInput' is not assignable to type 'new (props: any, context: any) => Component<any, any, any>'.
      Type 'TextInput' is missing the following properties from type 'Component<any, any, any>': context, setState, forceUpdate, render, and 2 more.
src/screens/Chat/ChatScreen.tsx(73,9): error TS2607: JSX element class does not support attributes because it does not have a 'props' property.
src/screens/Chat/ChatScreen.tsx(73,10): error TS2786: 'View' cannot be used as a JSX component.
  Its type 'typeof View' is not a valid JSX element type.
    Type 'typeof View' is not assignable to type 'new (props: any, context: any) => Component<any, any, any>'.
      Type 'View' is missing the following properties from type 'Component<any, any, any>': context, setState, forceUpdate, render, and 2 more.
src/screens/Chat/ChatScreen.tsx(74,13): error TS2607: JSX element class does not support attributes because it does not have a 'props' property.
src/screens/Chat/ChatScreen.tsx(74,14): error TS2786: 'Text' cannot be used as a JSX component.
  Its type 'typeof Text' is not a valid JSX element type.
    Type 'typeof Text' is not assignable to type 'new (props: any, context: any) => Component<any, any, any>'.
      Type 'Text' is missing the following properties from type 'Component<any, any, any>': context, setState, forceUpdate, render, and 2 more.
src/screens/Chat/ChatScreen.tsx(82,9): error TS2607: JSX element class does not support attributes because it does not have a 'props' property.
src/screens/Chat/ChatScreen.tsx(82,10): error TS2786: 'View' cannot be used as a JSX component.
  Its type 'typeof View' is not a valid JSX element type.
    Type 'typeof View' is not assignable to type 'new (props: any, context: any) => Component<any, any, any>'.
      Type 'View' is missing the following properties from type 'Component<any, any, any>': context, setState, forceUpdate, render, and 2 more.
src/screens/Chat/ChatScreen.tsx(84,13): error TS2607: JSX element class does not support attributes because it does not have a 'props' property.
src/screens/Chat/ChatScreen.tsx(84,14): error TS2786: 'TextInput' cannot be used as a JSX component.
  Its type 'typeof TextInput' is not a valid JSX element type.
    Type 'typeof TextInput' is not assignable to type 'new (props: any, context: any) => Component<any, any, any>'.
      Type 'TextInput' is missing the following properties from type 'Component<any, any, any>': context, setState, forceUpdate, render, and 2 more.
src/screens/Chat/ChatScreen.tsx(93,9): error TS2607: JSX element class does not support attributes because it does not have a 'props' property.
src/screens/Chat/ChatScreen.tsx(93,10): error TS2786: 'View' cannot be used as a JSX component.
  Its type 'typeof View' is not a valid JSX element type.
    Type 'typeof View' is not assignable to type 'new (props: any, context: any) => Component<any, any, any>'.
      Type 'View' is missing the following properties from type 'Component<any, any, any>': context, setState, forceUpdate, render, and 2 more.
src/screens/Chat/ChatScreen.tsx(94,13): error TS2607: JSX element class does not support attributes because it does not have a 'props' property.
src/screens/Chat/ChatScreen.tsx(94,14): error TS2786: 'Text' cannot be used as a JSX component.
  Its type 'typeof Text' is not a valid JSX element type.
    Type 'typeof Text' is not assignable to type 'new (props: any, context: any) => Component<any, any, any>'.
      Type 'Text' is missing the following properties from type 'Component<any, any, any>': context, setState, forceUpdate, render, and 2 more.
src/screens/Chat/ChatScreen.tsx(95,13): error TS2607: JSX element class does not support attributes because it does not have a 'props' property.
src/screens/Chat/ChatScreen.tsx(95,14): error TS2786: 'ScrollView' cannot be used as a JSX component.
  Its type 'typeof ScrollView' is not a valid JSX element type.
    Type 'typeof ScrollView' is not assignable to type 'new (props: any, context: any) => Component<any, any, any>'.
      Type 'ScrollView' is missing the following properties from type 'Component<any, any, any>': context, setState, forceUpdate, render, and 2 more.
src/screens/Chat/ChatScreen.tsx(107,26): error TS2786: 'View' cannot be used as a JSX component.
  Its type 'typeof View' is not a valid JSX element type.
    Type 'typeof View' is not assignable to type 'new (props: any, context: any) => Component<any, any, any>'.
      Type 'View' is missing the following properties from type 'Component<any, any, any>': context, setState, forceUpdate, render, and 2 more.
src/screens/Chat/ChatScreen.tsx(108,29): error TS2607: JSX element class does not support attributes because it does not have a 'props' property.
src/screens/Chat/ChatScreen.tsx(108,30): error TS2786: 'Image' cannot be used as a JSX component.
  Its type 'typeof Image' is not a valid JSX element type.
    Type 'typeof Image' is not assignable to type 'new (props: any, context: any) => Component<any, any, any>'.
      Type 'Image' is missing the following properties from type 'Component<any, any, any>': context, setState, forceUpdate, render, and 2 more.
src/screens/Chat/ChatScreen.tsx(109,45): error TS2607: JSX element class does not support attributes because it does not have a 'props' property.
src/screens/Chat/ChatScreen.tsx(109,46): error TS2786: 'View' cannot be used as a JSX component.
  Its type 'typeof View' is not a valid JSX element type.
    Type 'typeof View' is not assignable to type 'new (props: any, context: any) => Component<any, any, any>'.
      Type 'View' is missing the following properties from type 'Component<any, any, any>': context, setState, forceUpdate, render, and 2 more.
src/screens/Chat/ChatScreen.tsx(111,25): error TS2607: JSX element class does not support attributes because it does not have a 'props' property.
src/screens/Chat/ChatScreen.tsx(111,26): error TS2786: 'Text' cannot be used as a JSX component.
  Its type 'typeof Text' is not a valid JSX element type.
    Type 'typeof Text' is not assignable to type 'new (props: any, context: any) => Component<any, any, any>'.
      Type 'Text' is missing the following properties from type 'Component<any, any, any>': context, setState, forceUpdate, render, and 2 more.
src/screens/Chat/ChatScreen.tsx(120,13): error TS2607: JSX element class does not support attributes because it does not have a 'props' property.
src/screens/Chat/ChatScreen.tsx(120,14): error TS2786: 'Image' cannot be used as a JSX component.
  Its type 'typeof Image' is not a valid JSX element type.
    Type 'typeof Image' is not assignable to type 'new (props: any, context: any) => Component<any, any, any>'.
      Type 'Image' is missing the following properties from type 'Component<any, any, any>': context, setState, forceUpdate, render, and 2 more.
src/screens/Chat/ChatScreen.tsx(121,13): error TS2607: JSX element class does not support attributes because it does not have a 'props' property.
src/screens/Chat/ChatScreen.tsx(121,14): error TS2786: 'View' cannot be used as a JSX component.
  Its type 'typeof View' is not a valid JSX element type.
    Type 'typeof View' is not assignable to type 'new (props: any, context: any) => Component<any, any, any>'.
      Type 'View' is missing the following properties from type 'Component<any, any, any>': context, setState, forceUpdate, render, and 2 more.
src/screens/Chat/ChatScreen.tsx(122,17): error TS2607: JSX element class does not support attributes because it does not have a 'props' property.
src/screens/Chat/ChatScreen.tsx(122,18): error TS2786: 'View' cannot be used as a JSX component.
  Its type 'typeof View' is not a valid JSX element type.
    Type 'typeof View' is not assignable to type 'new (props: any, context: any) => Component<any, any, any>'.
      Type 'View' is missing the following properties from type 'Component<any, any, any>': context, setState, forceUpdate, render, and 2 more.
src/screens/Chat/ChatScreen.tsx(123,21): error TS2607: JSX element class does not support attributes because it does not have a 'props' property.
src/screens/Chat/ChatScreen.tsx(123,22): error TS2786: 'Text' cannot be used as a JSX component.
  Its type 'typeof Text' is not a valid JSX element type.
    Type 'typeof Text' is not assignable to type 'new (props: any, context: any) => Component<any, any, any>'.
      Type 'Text' is missing the following properties from type 'Component<any, any, any>': context, setState, forceUpdate, render, and 2 more.
src/screens/Chat/ChatScreen.tsx(124,21): error TS2607: JSX element class does not support attributes because it does not have a 'props' property.
src/screens/Chat/ChatScreen.tsx(124,22): error TS2786: 'Text' cannot be used as a JSX component.
  Its type 'typeof Text' is not a valid JSX element type.
    Type 'typeof Text' is not assignable to type 'new (props: any, context: any) => Component<any, any, any>'.
      Type 'Text' is missing the following properties from type 'Component<any, any, any>': context, setState, forceUpdate, render, and 2 more.
src/screens/Chat/ChatScreen.tsx(126,17): error TS2607: JSX element class does not support attributes because it does not have a 'props' property.
src/screens/Chat/ChatScreen.tsx(126,18): error TS2786: 'View' cannot be used as a JSX component.
  Its type 'typeof View' is not a valid JSX element type.
    Type 'typeof View' is not assignable to type 'new (props: any, context: any) => Component<any, any, any>'.
      Type 'View' is missing the following properties from type 'Component<any, any, any>': context, setState, forceUpdate, render, and 2 more.
src/screens/Chat/ChatScreen.tsx(127,21): error TS2607: JSX element class does not support attributes because it does not have a 'props' property.
src/screens/Chat/ChatScreen.tsx(127,22): error TS2786: 'Text' cannot be used as a JSX component.
  Its type 'typeof Text' is not a valid JSX element type.
    Type 'typeof Text' is not assignable to type 'new (props: any, context: any) => Component<any, any, any>'.
      Type 'Text' is missing the following properties from type 'Component<any, any, any>': context, setState, forceUpdate, render, and 2 more.
src/screens/Chat/ChatScreen.tsx(129,25): error TS2607: JSX element class does not support attributes because it does not have a 'props' property.
src/screens/Chat/ChatScreen.tsx(129,26): error TS2786: 'View' cannot be used as a JSX component.
  Its type 'typeof View' is not a valid JSX element type.
    Type 'typeof View' is not assignable to type 'new (props: any, context: any) => Component<any, any, any>'.
      Type 'View' is missing the following properties from type 'Component<any, any, any>': context, setState, forceUpdate, render, and 2 more.
src/screens/Chat/ChatScreen.tsx(130,29): error TS2607: JSX element class does not support attributes because it does not have a 'props' property.
src/screens/Chat/ChatScreen.tsx(130,30): error TS2786: 'Text' cannot be used as a JSX component.
  Its type 'typeof Text' is not a valid JSX element type.
    Type 'typeof Text' is not assignable to type 'new (props: any, context: any) => Component<any, any, any>'.
      Type 'Text' is missing the following properties from type 'Component<any, any, any>': context, setState, forceUpdate, render, and 2 more.
src/screens/Chat/ChatScreen.tsx(142,13): error TS2607: JSX element class does not support attributes because it does not have a 'props' property.
src/screens/Chat/ChatScreen.tsx(142,14): error TS2786: 'View' cannot be used as a JSX component.
  Its type 'typeof View' is not a valid JSX element type.
    Type 'typeof View' is not assignable to type 'new (props: any, context: any) => Component<any, any, any>'.
      Type 'View' is missing the following properties from type 'Component<any, any, any>': context, setState, forceUpdate, render, and 2 more.
src/screens/Chat/ChatScreen.tsx(152,29): error TS2607: JSX element class does not support attributes because it does not have a 'props' property.
src/screens/Chat/ChatScreen.tsx(152,30): error TS2786: 'View' cannot be used as a JSX component.
  Its type 'typeof View' is not a valid JSX element type.
    Type 'typeof View' is not assignable to type 'new (props: any, context: any) => Component<any, any, any>'.
      Type 'View' is missing the following properties from type 'Component<any, any, any>': context, setState, forceUpdate, render, and 2 more.
src/screens/Chat/ChatScreen.tsx(153,29): error TS2607: JSX element class does not support attributes because it does not have a 'props' property.
src/screens/Chat/ChatScreen.tsx(153,30): error TS2786: 'Text' cannot be used as a JSX component.
  Its type 'typeof Text' is not a valid JSX element type.
    Type 'typeof Text' is not assignable to type 'new (props: any, context: any) => Component<any, any, any>'.
      Type 'Text' is missing the following properties from type 'Component<any, any, any>': context, setState, forceUpdate, render, and 2 more.
src/screens/Dashboard/Actions/PortfolioScreen.tsx(142,9): error TS2607: JSX element class does not support attributes because it does not have a 'props' property.
src/screens/Dashboard/Actions/PortfolioScreen.tsx(142,10): error TS2786: 'View' cannot be used as a JSX component.
  Its type 'typeof View' is not a valid JSX element type.
    Type 'typeof View' is not assignable to type 'new (props: any, context: any) => Component<any, any, any>'.
      Type 'View' is missing the following properties from type 'Component<any, any, any>': context, setState, forceUpdate, render, and 2 more.
src/screens/Dashboard/Actions/PortfolioScreen.tsx(143,13): error TS2607: JSX element class does not support attributes because it does not have a 'props' property.
src/screens/Dashboard/Actions/PortfolioScreen.tsx(143,14): error TS2786: 'Image' cannot be used as a JSX component.
  Its type 'typeof Image' is not a valid JSX element type.
    Type 'typeof Image' is not assignable to type 'new (props: any, context: any) => Component<any, any, any>'.
      Type 'Image' is missing the following properties from type 'Component<any, any, any>': context, setState, forceUpdate, render, and 2 more.
src/screens/Dashboard/Actions/PortfolioScreen.tsx(144,13): error TS2607: JSX element class does not support attributes because it does not have a 'props' property.
src/screens/Dashboard/Actions/PortfolioScreen.tsx(144,14): error TS2786: 'View' cannot be used as a JSX component.
  Its type 'typeof View' is not a valid JSX element type.
    Type 'typeof View' is not assignable to type 'new (props: any, context: any) => Component<any, any, any>'.
      Type 'View' is missing the following properties from type 'Component<any, any, any>': context, setState, forceUpdate, render, and 2 more.
src/screens/Dashboard/Actions/PortfolioScreen.tsx(145,17): error TS2607: JSX element class does not support attributes because it does not have a 'props' property.
src/screens/Dashboard/Actions/PortfolioScreen.tsx(145,18): error TS2786: 'View' cannot be used as a JSX component.
  Its type 'typeof View' is not a valid JSX element type.
    Type 'typeof View' is not assignable to type 'new (props: any, context: any) => Component<any, any, any>'.
      Type 'View' is missing the following properties from type 'Component<any, any, any>': context, setState, forceUpdate, render, and 2 more.
src/screens/Dashboard/Actions/PortfolioScreen.tsx(146,21): error TS2607: JSX element class does not support attributes because it does not have a 'props' property.
src/screens/Dashboard/Actions/PortfolioScreen.tsx(146,22): error TS2786: 'View' cannot be used as a JSX component.
  Its type 'typeof View' is not a valid JSX element type.
    Type 'typeof View' is not assignable to type 'new (props: any, context: any) => Component<any, any, any>'.
      Type 'View' is missing the following properties from type 'Component<any, any, any>': context, setState, forceUpdate, render, and 2 more.
src/screens/Dashboard/Actions/PortfolioScreen.tsx(147,25): error TS2607: JSX element class does not support attributes because it does not have a 'props' property.
src/screens/Dashboard/Actions/PortfolioScreen.tsx(147,26): error TS2786: 'Text' cannot be used as a JSX component.
  Its type 'typeof Text' is not a valid JSX element type.
    Type 'typeof Text' is not assignable to type 'new (props: any, context: any) => Component<any, any, any>'.
      Type 'Text' is missing the following properties from type 'Component<any, any, any>': context, setState, forceUpdate, render, and 2 more.
src/screens/Dashboard/Actions/PortfolioScreen.tsx(149,21): error TS2607: JSX element class does not support attributes because it does not have a 'props' property.
src/screens/Dashboard/Actions/PortfolioScreen.tsx(149,22): error TS2786: 'View' cannot be used as a JSX component.
  Its type 'typeof View' is not a valid JSX element type.
    Type 'typeof View' is not assignable to type 'new (props: any, context: any) => Component<any, any, any>'.
      Type 'View' is missing the following properties from type 'Component<any, any, any>': context, setState, forceUpdate, render, and 2 more.
src/screens/Dashboard/Actions/PortfolioScreen.tsx(158,17): error TS2607: JSX element class does not support attributes because it does not have a 'props' property.
src/screens/Dashboard/Actions/PortfolioScreen.tsx(158,18): error TS2786: 'View' cannot be used as a JSX component.
  Its type 'typeof View' is not a valid JSX element type.
    Type 'typeof View' is not assignable to type 'new (props: any, context: any) => Component<any, any, any>'.
      Type 'View' is missing the following properties from type 'Component<any, any, any>': context, setState, forceUpdate, render, and 2 more.
src/screens/Dashboard/Actions/PortfolioScreen.tsx(159,22): error TS2786: 'View' cannot be used as a JSX component.
  Its type 'typeof View' is not a valid JSX element type.
    Type 'typeof View' is not assignable to type 'new (props: any, context: any) => Component<any, any, any>'.
      Type 'View' is missing the following properties from type 'Component<any, any, any>': context, setState, forceUpdate, render, and 2 more.
src/screens/Dashboard/Actions/PortfolioScreen.tsx(160,25): error TS2607: JSX element class does not support attributes because it does not have a 'props' property.
src/screens/Dashboard/Actions/PortfolioScreen.tsx(160,26): error TS2786: 'Text' cannot be used as a JSX component.
  Its type 'typeof Text' is not a valid JSX element type.
    Type 'typeof Text' is not assignable to type 'new (props: any, context: any) => Component<any, any, any>'.
      Type 'Text' is missing the following properties from type 'Component<any, any, any>': context, setState, forceUpdate, render, and 2 more.
src/screens/Dashboard/Actions/PortfolioScreen.tsx(161,25): error TS2607: JSX element class does not support attributes because it does not have a 'props' property.
src/screens/Dashboard/Actions/PortfolioScreen.tsx(161,26): error TS2786: 'Text' cannot be used as a JSX component.
  Its type 'typeof Text' is not a valid JSX element type.
    Type 'typeof Text' is not assignable to type 'new (props: any, context: any) => Component<any, any, any>'.
      Type 'Text' is missing the following properties from type 'Component<any, any, any>': context, setState, forceUpdate, render, and 2 more.
src/screens/Dashboard/Actions/PortfolioScreen.tsx(163,21): error TS2607: JSX element class does not support attributes because it does not have a 'props' property.
src/screens/Dashboard/Actions/PortfolioScreen.tsx(163,22): error TS2786: 'View' cannot be used as a JSX component.
  Its type 'typeof View' is not a valid JSX element type.
    Type 'typeof View' is not assignable to type 'new (props: any, context: any) => Component<any, any, any>'.
      Type 'View' is missing the following properties from type 'Component<any, any, any>': context, setState, forceUpdate, render, and 2 more.
src/screens/Dashboard/Actions/PortfolioScreen.tsx(165,25): error TS2607: JSX element class does not support attributes because it does not have a 'props' property.
src/screens/Dashboard/Actions/PortfolioScreen.tsx(165,26): error TS2786: 'Text' cannot be used as a JSX component.
  Its type 'typeof Text' is not a valid JSX element type.
    Type 'typeof Text' is not assignable to type 'new (props: any, context: any) => Component<any, any, any>'.
      Type 'Text' is missing the following properties from type 'Component<any, any, any>': context, setState, forceUpdate, render, and 2 more.
src/screens/Dashboard/Actions/PortfolioScreen.tsx(177,13): error TS2607: JSX element class does not support attributes because it does not have a 'props' property.
src/screens/Dashboard/Actions/PortfolioScreen.tsx(177,14): error TS2786: 'View' cannot be used as a JSX component.
  Its type 'typeof View' is not a valid JSX element type.
    Type 'typeof View' is not assignable to type 'new (props: any, context: any) => Component<any, any, any>'.
      Type 'View' is missing the following properties from type 'Component<any, any, any>': context, setState, forceUpdate, render, and 2 more.
src/screens/Dashboard/Actions/PortfolioScreen.tsx(181,17): error TS2607: JSX element class does not support attributes because it does not have a 'props' property.
src/screens/Dashboard/Actions/PortfolioScreen.tsx(181,18): error TS2786: 'Text' cannot be used as a JSX component.
  Its type 'typeof Text' is not a valid JSX element type.
    Type 'typeof Text' is not assignable to type 'new (props: any, context: any) => Component<any, any, any>'.
      Type 'Text' is missing the following properties from type 'Component<any, any, any>': context, setState, forceUpdate, render, and 2 more.
src/screens/Dashboard/Actions/PortfolioScreen.tsx(187,13): error TS2607: JSX element class does not support attributes because it does not have a 'props' property.
src/screens/Dashboard/Actions/PortfolioScreen.tsx(187,14): error TS2786: 'ScrollView' cannot be used as a JSX component.
  Its type 'typeof ScrollView' is not a valid JSX element type.
    Type 'typeof ScrollView' is not assignable to type 'new (props: any, context: any) => Component<any, any, any>'.
      Type 'ScrollView' is missing the following properties from type 'Component<any, any, any>': context, setState, forceUpdate, render, and 2 more.
src/screens/Dashboard/Actions/PortfolioScreen.tsx(189,17): error TS2607: JSX element class does not support attributes because it does not have a 'props' property.
src/screens/Dashboard/Actions/PortfolioScreen.tsx(189,18): error TS2786: 'View' cannot be used as a JSX component.
  Its type 'typeof View' is not a valid JSX element type.
    Type 'typeof View' is not assignable to type 'new (props: any, context: any) => Component<any, any, any>'.
      Type 'View' is missing the following properties from type 'Component<any, any, any>': context, setState, forceUpdate, render, and 2 more.
src/screens/Dashboard/Actions/PortfolioScreen.tsx(190,21): error TS2607: JSX element class does not support attributes because it does not have a 'props' property.
src/screens/Dashboard/Actions/PortfolioScreen.tsx(190,22): error TS2786: 'View' cannot be used as a JSX component.
  Its type 'typeof View' is not a valid JSX element type.
    Type 'typeof View' is not assignable to type 'new (props: any, context: any) => Component<any, any, any>'.
      Type 'View' is missing the following properties from type 'Component<any, any, any>': context, setState, forceUpdate, render, and 2 more.
src/screens/Dashboard/Actions/PortfolioScreen.tsx(193,21): error TS2607: JSX element class does not support attributes because it does not have a 'props' property.
src/screens/Dashboard/Actions/PortfolioScreen.tsx(193,22): error TS2786: 'View' cannot be used as a JSX component.
  Its type 'typeof View' is not a valid JSX element type.
    Type 'typeof View' is not assignable to type 'new (props: any, context: any) => Component<any, any, any>'.
      Type 'View' is missing the following properties from type 'Component<any, any, any>': context, setState, forceUpdate, render, and 2 more.
src/screens/Dashboard/Actions/PortfolioScreen.tsx(194,25): error TS2607: JSX element class does not support attributes because it does not have a 'props' property.
src/screens/Dashboard/Actions/PortfolioScreen.tsx(194,26): error TS2786: 'Text' cannot be used as a JSX component.
  Its type 'typeof Text' is not a valid JSX element type.
    Type 'typeof Text' is not assignable to type 'new (props: any, context: any) => Component<any, any, any>'.
      Type 'Text' is missing the following properties from type 'Component<any, any, any>': context, setState, forceUpdate, render, and 2 more.
src/screens/Dashboard/Actions/PortfolioScreen.tsx(195,25): error TS2607: JSX element class does not support attributes because it does not have a 'props' property.
src/screens/Dashboard/Actions/PortfolioScreen.tsx(195,26): error TS2786: 'Text' cannot be used as a JSX component.
  Its type 'typeof Text' is not a valid JSX element type.
    Type 'typeof Text' is not assignable to type 'new (props: any, context: any) => Component<any, any, any>'.
      Type 'Text' is missing the following properties from type 'Component<any, any, any>': context, setState, forceUpdate, render, and 2 more.
src/screens/Dashboard/Actions/PortfolioScreen.tsx(199,17): error TS2607: JSX element class does not support attributes because it does not have a 'props' property.
src/screens/Dashboard/Actions/PortfolioScreen.tsx(199,18): error TS2786: 'View' cannot be used as a JSX component.
  Its type 'typeof View' is not a valid JSX element type.
    Type 'typeof View' is not assignable to type 'new (props: any, context: any) => Component<any, any, any>'.
      Type 'View' is missing the following properties from type 'Component<any, any, any>': context, setState, forceUpdate, render, and 2 more.
src/screens/Dashboard/Actions/PortfolioScreen.tsx(200,21): error TS2607: JSX element class does not support attributes because it does not have a 'props' property.
src/screens/Dashboard/Actions/PortfolioScreen.tsx(200,22): error TS2786: 'View' cannot be used as a JSX component.
  Its type 'typeof View' is not a valid JSX element type.
    Type 'typeof View' is not assignable to type 'new (props: any, context: any) => Component<any, any, any>'.
      Type 'View' is missing the following properties from type 'Component<any, any, any>': context, setState, forceUpdate, render, and 2 more.
src/screens/Dashboard/Actions/PortfolioScreen.tsx(201,25): error TS2607: JSX element class does not support attributes because it does not have a 'props' property.
src/screens/Dashboard/Actions/PortfolioScreen.tsx(201,26): error TS2786: 'Text' cannot be used as a JSX component.
  Its type 'typeof Text' is not a valid JSX element type.
    Type 'typeof Text' is not assignable to type 'new (props: any, context: any) => Component<any, any, any>'.
      Type 'Text' is missing the following properties from type 'Component<any, any, any>': context, setState, forceUpdate, render, and 2 more.
src/screens/Dashboard/Actions/PortfolioScreen.tsx(202,25): error TS2607: JSX element class does not support attributes because it does not have a 'props' property.
src/screens/Dashboard/Actions/PortfolioScreen.tsx(202,26): error TS2786: 'Text' cannot be used as a JSX component.
  Its type 'typeof Text' is not a valid JSX element type.
    Type 'typeof Text' is not assignable to type 'new (props: any, context: any) => Component<any, any, any>'.
      Type 'Text' is missing the following properties from type 'Component<any, any, any>': context, setState, forceUpdate, render, and 2 more.
src/screens/Dashboard/Actions/PortfolioScreen.tsx(204,21): error TS2607: JSX element class does not support attributes because it does not have a 'props' property.
src/screens/Dashboard/Actions/PortfolioScreen.tsx(204,22): error TS2786: 'View' cannot be used as a JSX component.
  Its type 'typeof View' is not a valid JSX element type.
    Type 'typeof View' is not assignable to type 'new (props: any, context: any) => Component<any, any, any>'.
      Type 'View' is missing the following properties from type 'Component<any, any, any>': context, setState, forceUpdate, render, and 2 more.
src/screens/Dashboard/Actions/PortfolioScreen.tsx(205,21): error TS2607: JSX element class does not support attributes because it does not have a 'props' property.
src/screens/Dashboard/Actions/PortfolioScreen.tsx(205,22): error TS2786: 'View' cannot be used as a JSX component.
  Its type 'typeof View' is not a valid JSX element type.
    Type 'typeof View' is not assignable to type 'new (props: any, context: any) => Component<any, any, any>'.
      Type 'View' is missing the following properties from type 'Component<any, any, any>': context, setState, forceUpdate, render, and 2 more.
src/screens/Dashboard/Actions/PortfolioScreen.tsx(206,25): error TS2607: JSX element class does not support attributes because it does not have a 'props' property.
src/screens/Dashboard/Actions/PortfolioScreen.tsx(206,26): error TS2786: 'Text' cannot be used as a JSX component.
  Its type 'typeof Text' is not a valid JSX element type.
    Type 'typeof Text' is not assignable to type 'new (props: any, context: any) => Component<any, any, any>'.
      Type 'Text' is missing the following properties from type 'Component<any, any, any>': context, setState, forceUpdate, render, and 2 more.
src/screens/Dashboard/Actions/PortfolioScreen.tsx(207,25): error TS2607: JSX element class does not support attributes because it does not have a 'props' property.
src/screens/Dashboard/Actions/PortfolioScreen.tsx(207,26): error TS2786: 'Text' cannot be used as a JSX component.
  Its type 'typeof Text' is not a valid JSX element type.
    Type 'typeof Text' is not assignable to type 'new (props: any, context: any) => Component<any, any, any>'.
      Type 'Text' is missing the following properties from type 'Component<any, any, any>': context, setState, forceUpdate, render, and 2 more.
src/screens/Dashboard/Actions/PortfolioScreen.tsx(209,21): error TS2607: JSX element class does not support attributes because it does not have a 'props' property.
src/screens/Dashboard/Actions/PortfolioScreen.tsx(209,22): error TS2786: 'View' cannot be used as a JSX component.
  Its type 'typeof View' is not a valid JSX element type.
    Type 'typeof View' is not assignable to type 'new (props: any, context: any) => Component<any, any, any>'.
      Type 'View' is missing the following properties from type 'Component<any, any, any>': context, setState, forceUpdate, render, and 2 more.
src/screens/Dashboard/Actions/PortfolioScreen.tsx(210,21): error TS2607: JSX element class does not support attributes because it does not have a 'props' property.
src/screens/Dashboard/Actions/PortfolioScreen.tsx(210,22): error TS2786: 'View' cannot be used as a JSX component.
  Its type 'typeof View' is not a valid JSX element type.
    Type 'typeof View' is not assignable to type 'new (props: any, context: any) => Component<any, any, any>'.
      Type 'View' is missing the following properties from type 'Component<any, any, any>': context, setState, forceUpdate, render, and 2 more.
src/screens/Dashboard/Actions/PortfolioScreen.tsx(211,25): error TS2607: JSX element class does not support attributes because it does not have a 'props' property.
src/screens/Dashboard/Actions/PortfolioScreen.tsx(211,26): error TS2786: 'Text' cannot be used as a JSX component.
  Its type 'typeof Text' is not a valid JSX element type.
    Type 'typeof Text' is not assignable to type 'new (props: any, context: any) => Component<any, any, any>'.
      Type 'Text' is missing the following properties from type 'Component<any, any, any>': context, setState, forceUpdate, render, and 2 more.
src/screens/Dashboard/Actions/PortfolioScreen.tsx(212,25): error TS2607: JSX element class does not support attributes because it does not have a 'props' property.
src/screens/Dashboard/Actions/PortfolioScreen.tsx(212,26): error TS2786: 'Text' cannot be used as a JSX component.
  Its type 'typeof Text' is not a valid JSX element type.
    Type 'typeof Text' is not assignable to type 'new (props: any, context: any) => Component<any, any, any>'.
      Type 'Text' is missing the following properties from type 'Component<any, any, any>': context, setState, forceUpdate, render, and 2 more.
src/screens/Dashboard/Actions/PortfolioScreen.tsx(216,17): error TS2607: JSX element class does not support attributes because it does not have a 'props' property.
src/screens/Dashboard/Actions/PortfolioScreen.tsx(216,18): error TS2786: 'Text' cannot be used as a JSX component.
  Its type 'typeof Text' is not a valid JSX element type.
    Type 'typeof Text' is not assignable to type 'new (props: any, context: any) => Component<any, any, any>'.
      Type 'Text' is missing the following properties from type 'Component<any, any, any>': context, setState, forceUpdate, render, and 2 more.
src/screens/Dashboard/Actions/PortfolioScreen.tsx(220,17): error TS2607: JSX element class does not support attributes because it does not have a 'props' property.
src/screens/Dashboard/Actions/PortfolioScreen.tsx(220,18): error TS2786: 'View' cannot be used as a JSX component.
  Its type 'typeof View' is not a valid JSX element type.
    Type 'typeof View' is not assignable to type 'new (props: any, context: any) => Component<any, any, any>'.
      Type 'View' is missing the following properties from type 'Component<any, any, any>': context, setState, forceUpdate, render, and 2 more.
src/screens/Dashboard/Actions/PortfolioScreen.tsx(231,17): error TS2607: JSX element class does not support attributes because it does not have a 'props' property.
src/screens/Dashboard/Actions/PortfolioScreen.tsx(231,18): error TS2786: 'KeyboardAvoidingView' cannot be used as a JSX component.
  Its type 'typeof KeyboardAvoidingView' is not a valid JSX element type.
    Type 'typeof KeyboardAvoidingView' is not assignable to type 'new (props: any, context: any) => Component<any, any, any>'.
      Type 'KeyboardAvoidingView' is missing the following properties from type 'Component<any, any, any>': context, setState, forceUpdate, render, and 2 more.
src/screens/Dashboard/Actions/PortfolioScreen.tsx(235,21): error TS2607: JSX element class does not support attributes because it does not have a 'props' property.
src/screens/Dashboard/Actions/PortfolioScreen.tsx(235,22): error TS2786: 'View' cannot be used as a JSX component.
  Its type 'typeof View' is not a valid JSX element type.
    Type 'typeof View' is not assignable to type 'new (props: any, context: any) => Component<any, any, any>'.
      Type 'View' is missing the following properties from type 'Component<any, any, any>': context, setState, forceUpdate, render, and 2 more.
src/screens/Dashboard/Actions/PortfolioScreen.tsx(236,25): error TS2607: JSX element class does not support attributes because it does not have a 'props' property.
src/screens/Dashboard/Actions/PortfolioScreen.tsx(236,26): error TS2786: 'ScrollView' cannot be used as a JSX component.
  Its type 'typeof ScrollView' is not a valid JSX element type.
    Type 'typeof ScrollView' is not assignable to type 'new (props: any, context: any) => Component<any, any, any>'.
      Type 'ScrollView' is missing the following properties from type 'Component<any, any, any>': context, setState, forceUpdate, render, and 2 more.
src/screens/Dashboard/Actions/PortfolioScreen.tsx(237,29): error TS2607: JSX element class does not support attributes because it does not have a 'props' property.
src/screens/Dashboard/Actions/PortfolioScreen.tsx(237,30): error TS2786: 'View' cannot be used as a JSX component.
  Its type 'typeof View' is not a valid JSX element type.
    Type 'typeof View' is not assignable to type 'new (props: any, context: any) => Component<any, any, any>'.
      Type 'View' is missing the following properties from type 'Component<any, any, any>': context, setState, forceUpdate, render, and 2 more.
src/screens/Dashboard/Actions/PortfolioScreen.tsx(238,33): error TS2607: JSX element class does not support attributes because it does not have a 'props' property.
src/screens/Dashboard/Actions/PortfolioScreen.tsx(238,34): error TS2786: 'Text' cannot be used as a JSX component.
  Its type 'typeof Text' is not a valid JSX element type.
    Type 'typeof Text' is not assignable to type 'new (props: any, context: any) => Component<any, any, any>'.
      Type 'Text' is missing the following properties from type 'Component<any, any, any>': context, setState, forceUpdate, render, and 2 more.
src/screens/Dashboard/Actions/PortfolioScreen.tsx(244,29): error TS2607: JSX element class does not support attributes because it does not have a 'props' property.
src/screens/Dashboard/Actions/PortfolioScreen.tsx(244,30): error TS2786: 'Text' cannot be used as a JSX component.
  Its type 'typeof Text' is not a valid JSX element type.
    Type 'typeof Text' is not assignable to type 'new (props: any, context: any) => Component<any, any, any>'.
      Type 'Text' is missing the following properties from type 'Component<any, any, any>': context, setState, forceUpdate, render, and 2 more.
src/screens/Dashboard/Actions/PortfolioScreen.tsx(245,29): error TS2607: JSX element class does not support attributes because it does not have a 'props' property.
src/screens/Dashboard/Actions/PortfolioScreen.tsx(245,30): error TS2786: 'TextInput' cannot be used as a JSX component.
  Its type 'typeof TextInput' is not a valid JSX element type.
    Type 'typeof TextInput' is not assignable to type 'new (props: any, context: any) => Component<any, any, any>'.
      Type 'TextInput' is missing the following properties from type 'Component<any, any, any>': context, setState, forceUpdate, render, and 2 more.
src/screens/Dashboard/Actions/PortfolioScreen.tsx(252,29): error TS2607: JSX element class does not support attributes because it does not have a 'props' property.
src/screens/Dashboard/Actions/PortfolioScreen.tsx(252,30): error TS2786: 'Text' cannot be used as a JSX component.
  Its type 'typeof Text' is not a valid JSX element type.
    Type 'typeof Text' is not assignable to type 'new (props: any, context: any) => Component<any, any, any>'.
      Type 'Text' is missing the following properties from type 'Component<any, any, any>': context, setState, forceUpdate, render, and 2 more.
src/screens/Dashboard/Actions/PortfolioScreen.tsx(257,33): error TS2607: JSX element class does not support attributes because it does not have a 'props' property.
src/screens/Dashboard/Actions/PortfolioScreen.tsx(257,34): error TS2786: 'Text' cannot be used as a JSX component.
  Its type 'typeof Text' is not a valid JSX element type.
    Type 'typeof Text' is not assignable to type 'new (props: any, context: any) => Component<any, any, any>'.
      Type 'Text' is missing the following properties from type 'Component<any, any, any>': context, setState, forceUpdate, render, and 2 more.
src/screens/Dashboard/Actions/PortfolioScreen.tsx(264,33): error TS2607: JSX element class does not support attributes because it does not have a 'props' property.
src/screens/Dashboard/Actions/PortfolioScreen.tsx(264,34): error TS2786: 'View' cannot be used as a JSX component.
  Its type 'typeof View' is not a valid JSX element type.
    Type 'typeof View' is not assignable to type 'new (props: any, context: any) => Component<any, any, any>'.
      Type 'View' is missing the following properties from type 'Component<any, any, any>': context, setState, forceUpdate, render, and 2 more.
src/screens/Dashboard/Actions/PortfolioScreen.tsx(274,45): error TS2607: JSX element class does not support attributes because it does not have a 'props' property.
src/screens/Dashboard/Actions/PortfolioScreen.tsx(274,46): error TS2786: 'Text' cannot be used as a JSX component.
  Its type 'typeof Text' is not a valid JSX element type.
    Type 'typeof Text' is not assignable to type 'new (props: any, context: any) => Component<any, any, any>'.
      Type 'Text' is missing the following properties from type 'Component<any, any, any>': context, setState, forceUpdate, render, and 2 more.
src/screens/Dashboard/Actions/PortfolioScreen.tsx(280,29): error TS2607: JSX element class does not support attributes because it does not have a 'props' property.
src/screens/Dashboard/Actions/PortfolioScreen.tsx(280,30): error TS2786: 'Text' cannot be used as a JSX component.
  Its type 'typeof Text' is not a valid JSX element type.
    Type 'typeof Text' is not assignable to type 'new (props: any, context: any) => Component<any, any, any>'.
      Type 'Text' is missing the following properties from type 'Component<any, any, any>': context, setState, forceUpdate, render, and 2 more.
src/screens/Dashboard/Actions/PortfolioScreen.tsx(283,37): error TS2607: JSX element class does not support attributes because it does not have a 'props' property.
src/screens/Dashboard/Actions/PortfolioScreen.tsx(283,38): error TS2786: 'Image' cannot be used as a JSX component.
  Its type 'typeof Image' is not a valid JSX element type.
    Type 'typeof Image' is not assignable to type 'new (props: any, context: any) => Component<any, any, any>'.
      Type 'Image' is missing the following properties from type 'Component<any, any, any>': context, setState, forceUpdate, render, and 2 more.
src/screens/Dashboard/Actions/PortfolioScreen.tsx(285,37): error TS2607: JSX element class does not support attributes because it does not have a 'props' property.
src/screens/Dashboard/Actions/PortfolioScreen.tsx(285,38): error TS2786: 'View' cannot be used as a JSX component.
  Its type 'typeof View' is not a valid JSX element type.
    Type 'typeof View' is not assignable to type 'new (props: any, context: any) => Component<any, any, any>'.
      Type 'View' is missing the following properties from type 'Component<any, any, any>': context, setState, forceUpdate, render, and 2 more.
src/screens/Dashboard/Actions/PortfolioScreen.tsx(287,41): error TS2607: JSX element class does not support attributes because it does not have a 'props' property.
src/screens/Dashboard/Actions/PortfolioScreen.tsx(287,42): error TS2786: 'Text' cannot be used as a JSX component.
  Its type 'typeof Text' is not a valid JSX element type.
    Type 'typeof Text' is not assignable to type 'new (props: any, context: any) => Component<any, any, any>'.
      Type 'Text' is missing the following properties from type 'Component<any, any, any>': context, setState, forceUpdate, render, and 2 more.
src/screens/Dashboard/Actions/PortfolioScreen.tsx(293,33): error TS2607: JSX element class does not support attributes because it does not have a 'props' property.
src/screens/Dashboard/Actions/PortfolioScreen.tsx(293,34): error TS2786: 'Text' cannot be used as a JSX component.
  Its type 'typeof Text' is not a valid JSX element type.
    Type 'typeof Text' is not assignable to type 'new (props: any, context: any) => Component<any, any, any>'.
      Type 'Text' is missing the following properties from type 'Component<any, any, any>': context, setState, forceUpdate, render, and 2 more.
src/screens/Dashboard/DashboardScreen.tsx(128,13): error TS2607: JSX element class does not support attributes because it does not have a 'props' property.
src/screens/Dashboard/DashboardScreen.tsx(128,14): error TS2786: 'View' cannot be used as a JSX component.
  Its type 'typeof View' is not a valid JSX element type.
    Type 'typeof View' is not assignable to type 'new (props: any, context: any) => Component<any, any, any>'.
      Type 'View' is missing the following properties from type 'Component<any, any, any>': context, setState, forceUpdate, render, and 2 more.
src/screens/Dashboard/DashboardScreen.tsx(129,18): error TS2786: 'View' cannot be used as a JSX component.
  Its type 'typeof View' is not a valid JSX element type.
    Type 'typeof View' is not assignable to type 'new (props: any, context: any) => Component<any, any, any>'.
      Type 'View' is missing the following properties from type 'Component<any, any, any>': context, setState, forceUpdate, render, and 2 more.
src/screens/Dashboard/DashboardScreen.tsx(130,21): error TS2607: JSX element class does not support attributes because it does not have a 'props' property.
src/screens/Dashboard/DashboardScreen.tsx(130,22): error TS2786: 'Text' cannot be used as a JSX component.
  Its type 'typeof Text' is not a valid JSX element type.
    Type 'typeof Text' is not assignable to type 'new (props: any, context: any) => Component<any, any, any>'.
      Type 'Text' is missing the following properties from type 'Component<any, any, any>': context, setState, forceUpdate, render, and 2 more.
src/screens/Dashboard/DashboardScreen.tsx(131,21): error TS2607: JSX element class does not support attributes because it does not have a 'props' property.
src/screens/Dashboard/DashboardScreen.tsx(131,22): error TS2786: 'Text' cannot be used as a JSX component.
  Its type 'typeof Text' is not a valid JSX element type.
    Type 'typeof Text' is not assignable to type 'new (props: any, context: any) => Component<any, any, any>'.
      Type 'Text' is missing the following properties from type 'Component<any, any, any>': context, setState, forceUpdate, render, and 2 more.
src/screens/Dashboard/DashboardScreen.tsx(133,17): error TS2607: JSX element class does not support attributes because it does not have a 'props' property.
src/screens/Dashboard/DashboardScreen.tsx(133,18): error TS2786: 'View' cannot be used as a JSX component.
  Its type 'typeof View' is not a valid JSX element type.
    Type 'typeof View' is not assignable to type 'new (props: any, context: any) => Component<any, any, any>'.
      Type 'View' is missing the following properties from type 'Component<any, any, any>': context, setState, forceUpdate, render, and 2 more.
src/screens/Dashboard/DashboardScreen.tsx(142,21): error TS2607: JSX element class does not support attributes because it does not have a 'props' property.
src/screens/Dashboard/DashboardScreen.tsx(142,22): error TS2786: 'RefreshControl' cannot be used as a JSX component.
  Its type 'typeof RefreshControl' is not a valid JSX element type.
    Type 'typeof RefreshControl' is not assignable to type 'new (props: any, context: any) => Component<any, any, any>'.
      Type 'RefreshControl' is missing the following properties from type 'Component<any, any, any>': context, setState, forceUpdate, render, and 2 more.
src/screens/Dashboard/DashboardScreen.tsx(147,17): error TS2607: JSX element class does not support attributes because it does not have a 'props' property.
src/screens/Dashboard/DashboardScreen.tsx(147,18): error TS2786: 'View' cannot be used as a JSX component.
  Its type 'typeof View' is not a valid JSX element type.
    Type 'typeof View' is not assignable to type 'new (props: any, context: any) => Component<any, any, any>'.
      Type 'View' is missing the following properties from type 'Component<any, any, any>': context, setState, forceUpdate, render, and 2 more.
src/screens/Dashboard/DashboardScreen.tsx(148,21): error TS2607: JSX element class does not support attributes because it does not have a 'props' property.
src/screens/Dashboard/DashboardScreen.tsx(148,22): error TS2786: 'Text' cannot be used as a JSX component.
  Its type 'typeof Text' is not a valid JSX element type.
    Type 'typeof Text' is not assignable to type 'new (props: any, context: any) => Component<any, any, any>'.
      Type 'Text' is missing the following properties from type 'Component<any, any, any>': context, setState, forceUpdate, render, and 2 more.
src/screens/Dashboard/DashboardScreen.tsx(149,21): error TS2607: JSX element class does not support attributes because it does not have a 'props' property.
src/screens/Dashboard/DashboardScreen.tsx(149,22): error TS2786: 'Text' cannot be used as a JSX component.
  Its type 'typeof Text' is not a valid JSX element type.
    Type 'typeof Text' is not assignable to type 'new (props: any, context: any) => Component<any, any, any>'.
      Type 'Text' is missing the following properties from type 'Component<any, any, any>': context, setState, forceUpdate, render, and 2 more.
src/screens/Dashboard/DashboardScreen.tsx(152,17): error TS2607: JSX element class does not support attributes because it does not have a 'props' property.
src/screens/Dashboard/DashboardScreen.tsx(152,18): error TS2786: 'Text' cannot be used as a JSX component.
  Its type 'typeof Text' is not a valid JSX element type.
    Type 'typeof Text' is not assignable to type 'new (props: any, context: any) => Component<any, any, any>'.
      Type 'Text' is missing the following properties from type 'Component<any, any, any>': context, setState, forceUpdate, render, and 2 more.
src/screens/Dashboard/DashboardScreen.tsx(165,17): error TS2607: JSX element class does not support attributes because it does not have a 'props' property.
src/screens/Dashboard/DashboardScreen.tsx(165,18): error TS2786: 'View' cannot be used as a JSX component.
  Its type 'typeof View' is not a valid JSX element type.
    Type 'typeof View' is not assignable to type 'new (props: any, context: any) => Component<any, any, any>'.
      Type 'View' is missing the following properties from type 'Component<any, any, any>': context, setState, forceUpdate, render, and 2 more.
src/screens/Dashboard/Details/BusinessSuiteScreen.tsx(14,13): error TS2607: JSX element class does not support attributes because it does not have a 'props' property.
src/screens/Dashboard/Details/BusinessSuiteScreen.tsx(14,14): error TS2786: 'View' cannot be used as a JSX component.
  Its type 'typeof View' is not a valid JSX element type.
    Type 'typeof View' is not assignable to type 'new (props: any, context: any) => Component<any, any, any>'.
      Type 'View' is missing the following properties from type 'Component<any, any, any>': context, setState, forceUpdate, render, and 2 more.
src/screens/Dashboard/Details/BusinessSuiteScreen.tsx(17,13): error TS2607: JSX element class does not support attributes because it does not have a 'props' property.
src/screens/Dashboard/Details/BusinessSuiteScreen.tsx(17,14): error TS2786: 'View' cannot be used as a JSX component.
  Its type 'typeof View' is not a valid JSX element type.
    Type 'typeof View' is not assignable to type 'new (props: any, context: any) => Component<any, any, any>'.
      Type 'View' is missing the following properties from type 'Component<any, any, any>': context, setState, forceUpdate, render, and 2 more.
src/screens/Dashboard/Details/BusinessSuiteScreen.tsx(18,17): error TS2607: JSX element class does not support attributes because it does not have a 'props' property.
src/screens/Dashboard/Details/BusinessSuiteScreen.tsx(18,18): error TS2786: 'Text' cannot be used as a JSX component.
  Its type 'typeof Text' is not a valid JSX element type.
    Type 'typeof Text' is not assignable to type 'new (props: any, context: any) => Component<any, any, any>'.
      Type 'Text' is missing the following properties from type 'Component<any, any, any>': context, setState, forceUpdate, render, and 2 more.
src/screens/Dashboard/Details/BusinessSuiteScreen.tsx(19,17): error TS2607: JSX element class does not support attributes because it does not have a 'props' property.
src/screens/Dashboard/Details/BusinessSuiteScreen.tsx(19,18): error TS2786: 'Text' cannot be used as a JSX component.
  Its type 'typeof Text' is not a valid JSX element type.
    Type 'typeof Text' is not assignable to type 'new (props: any, context: any) => Component<any, any, any>'.
      Type 'Text' is missing the following properties from type 'Component<any, any, any>': context, setState, forceUpdate, render, and 2 more.
src/screens/Dashboard/Details/BusinessSuiteScreen.tsx(26,9): error TS2607: JSX element class does not support attributes because it does not have a 'props' property.
src/screens/Dashboard/Details/BusinessSuiteScreen.tsx(26,10): error TS2786: 'View' cannot be used as a JSX component.
  Its type 'typeof View' is not a valid JSX element type.
    Type 'typeof View' is not assignable to type 'new (props: any, context: any) => Component<any, any, any>'.
      Type 'View' is missing the following properties from type 'Component<any, any, any>': context, setState, forceUpdate, render, and 2 more.
src/screens/Dashboard/Details/BusinessSuiteScreen.tsx(27,13): error TS2607: JSX element class does not support attributes because it does not have a 'props' property.
src/screens/Dashboard/Details/BusinessSuiteScreen.tsx(27,14): error TS2786: 'Text' cannot be used as a JSX component.
  Its type 'typeof Text' is not a valid JSX element type.
    Type 'typeof Text' is not assignable to type 'new (props: any, context: any) => Component<any, any, any>'.
      Type 'Text' is missing the following properties from type 'Component<any, any, any>': context, setState, forceUpdate, render, and 2 more.
src/screens/Dashboard/Details/BusinessSuiteScreen.tsx(28,13): error TS2607: JSX element class does not support attributes because it does not have a 'props' property.
src/screens/Dashboard/Details/BusinessSuiteScreen.tsx(28,14): error TS2786: 'Text' cannot be used as a JSX component.
  Its type 'typeof Text' is not a valid JSX element type.
    Type 'typeof Text' is not assignable to type 'new (props: any, context: any) => Component<any, any, any>'.
      Type 'Text' is missing the following properties from type 'Component<any, any, any>': context, setState, forceUpdate, render, and 2 more.
src/screens/Dashboard/Details/BusinessSuiteScreen.tsx(29,13): error TS2607: JSX element class does not support attributes because it does not have a 'props' property.
src/screens/Dashboard/Details/BusinessSuiteScreen.tsx(29,14): error TS2786: 'View' cannot be used as a JSX component.
  Its type 'typeof View' is not a valid JSX element type.
    Type 'typeof View' is not assignable to type 'new (props: any, context: any) => Component<any, any, any>'.
      Type 'View' is missing the following properties from type 'Component<any, any, any>': context, setState, forceUpdate, render, and 2 more.
src/screens/Dashboard/Details/BusinessSuiteScreen.tsx(35,17): error TS2607: JSX element class does not support attributes because it does not have a 'props' property.
src/screens/Dashboard/Details/BusinessSuiteScreen.tsx(35,18): error TS2786: 'Text' cannot be used as a JSX component.
  Its type 'typeof Text' is not a valid JSX element type.
    Type 'typeof Text' is not assignable to type 'new (props: any, context: any) => Component<any, any, any>'.
      Type 'Text' is missing the following properties from type 'Component<any, any, any>': context, setState, forceUpdate, render, and 2 more.
src/screens/Dashboard/Details/BusinessSuiteScreen.tsx(47,13): error TS2607: JSX element class does not support attributes because it does not have a 'props' property.
src/screens/Dashboard/Details/BusinessSuiteScreen.tsx(47,14): error TS2786: 'View' cannot be used as a JSX component.
  Its type 'typeof View' is not a valid JSX element type.
    Type 'typeof View' is not assignable to type 'new (props: any, context: any) => Component<any, any, any>'.
      Type 'View' is missing the following properties from type 'Component<any, any, any>': context, setState, forceUpdate, render, and 2 more.
src/screens/Dashboard/Details/BusinessSuiteScreen.tsx(51,17): error TS2607: JSX element class does not support attributes because it does not have a 'props' property.
src/screens/Dashboard/Details/BusinessSuiteScreen.tsx(51,18): error TS2786: 'Text' cannot be used as a JSX component.
  Its type 'typeof Text' is not a valid JSX element type.
    Type 'typeof Text' is not assignable to type 'new (props: any, context: any) => Component<any, any, any>'.
      Type 'Text' is missing the following properties from type 'Component<any, any, any>': context, setState, forceUpdate, render, and 2 more.
src/screens/Dashboard/Details/BusinessSuiteScreen.tsx(57,13): error TS2607: JSX element class does not support attributes because it does not have a 'props' property.
src/screens/Dashboard/Details/BusinessSuiteScreen.tsx(57,14): error TS2786: 'ScrollView' cannot be used as a JSX component.
  Its type 'typeof ScrollView' is not a valid JSX element type.
    Type 'typeof ScrollView' is not assignable to type 'new (props: any, context: any) => Component<any, any, any>'.
      Type 'ScrollView' is missing the following properties from type 'Component<any, any, any>': context, setState, forceUpdate, render, and 2 more.
src/screens/Dashboard/Details/BusinessSuiteScreen.tsx(59,17): error TS2607: JSX element class does not support attributes because it does not have a 'props' property.
src/screens/Dashboard/Details/BusinessSuiteScreen.tsx(59,18): error TS2786: 'Text' cannot be used as a JSX component.
  Its type 'typeof Text' is not a valid JSX element type.
    Type 'typeof Text' is not assignable to type 'new (props: any, context: any) => Component<any, any, any>'.
      Type 'Text' is missing the following properties from type 'Component<any, any, any>': context, setState, forceUpdate, render, and 2 more.
src/screens/Dashboard/Details/BusinessSuiteScreen.tsx(60,17): error TS2607: JSX element class does not support attributes because it does not have a 'props' property.
src/screens/Dashboard/Details/BusinessSuiteScreen.tsx(60,18): error TS2786: 'View' cannot be used as a JSX component.
  Its type 'typeof View' is not a valid JSX element type.
    Type 'typeof View' is not assignable to type 'new (props: any, context: any) => Component<any, any, any>'.
      Type 'View' is missing the following properties from type 'Component<any, any, any>': context, setState, forceUpdate, render, and 2 more.
src/screens/Dashboard/Details/BusinessSuiteScreen.tsx(66,17): error TS2607: JSX element class does not support attributes because it does not have a 'props' property.
src/screens/Dashboard/Details/BusinessSuiteScreen.tsx(66,18): error TS2786: 'Text' cannot be used as a JSX component.
  Its type 'typeof Text' is not a valid JSX element type.
    Type 'typeof Text' is not assignable to type 'new (props: any, context: any) => Component<any, any, any>'.
      Type 'Text' is missing the following properties from type 'Component<any, any, any>': context, setState, forceUpdate, render, and 2 more.
src/screens/Dashboard/Details/BusinessSuiteScreen.tsx(97,17): error TS2607: JSX element class does not support attributes because it does not have a 'props' property.
src/screens/Dashboard/Details/BusinessSuiteScreen.tsx(97,18): error TS2786: 'Text' cannot be used as a JSX component.
  Its type 'typeof Text' is not a valid JSX element type.
    Type 'typeof Text' is not assignable to type 'new (props: any, context: any) => Component<any, any, any>'.
      Type 'Text' is missing the following properties from type 'Component<any, any, any>': context, setState, forceUpdate, render, and 2 more.
src/screens/Dashboard/Details/BusinessSuiteScreen.tsx(98,17): error TS2607: JSX element class does not support attributes because it does not have a 'props' property.
src/screens/Dashboard/Details/BusinessSuiteScreen.tsx(98,18): error TS2786: 'View' cannot be used as a JSX component.
  Its type 'typeof View' is not a valid JSX element type.
    Type 'typeof View' is not assignable to type 'new (props: any, context: any) => Component<any, any, any>'.
      Type 'View' is missing the following properties from type 'Component<any, any, any>': context, setState, forceUpdate, render, and 2 more.
src/screens/Dashboard/Details/BusinessSuiteScreen.tsx(106,21): error TS2607: JSX element class does not support attributes because it does not have a 'props' property.
src/screens/Dashboard/Details/BusinessSuiteScreen.tsx(106,22): error TS2786: 'View' cannot be used as a JSX component.
  Its type 'typeof View' is not a valid JSX element type.
    Type 'typeof View' is not assignable to type 'new (props: any, context: any) => Component<any, any, any>'.
      Type 'View' is missing the following properties from type 'Component<any, any, any>': context, setState, forceUpdate, render, and 2 more.
src/screens/Dashboard/Details/BusinessSuiteScreen.tsx(116,17): error TS2607: JSX element class does not support attributes because it does not have a 'props' property.
src/screens/Dashboard/Details/BusinessSuiteScreen.tsx(116,18): error TS2786: 'View' cannot be used as a JSX component.
  Its type 'typeof View' is not a valid JSX element type.
    Type 'typeof View' is not assignable to type 'new (props: any, context: any) => Component<any, any, any>'.
      Type 'View' is missing the following properties from type 'Component<any, any, any>': context, setState, forceUpdate, render, and 2 more.
src/screens/Dashboard/Details/BusinessSuiteScreen.tsx(124,5): error TS2607: JSX element class does not support attributes because it does not have a 'props' property.
src/screens/Dashboard/Details/BusinessSuiteScreen.tsx(124,6): error TS2786: 'View' cannot be used as a JSX component.
  Its type 'typeof View' is not a valid JSX element type.
    Type 'typeof View' is not assignable to type 'new (props: any, context: any) => Component<any, any, any>'.
      Type 'View' is missing the following properties from type 'Component<any, any, any>': context, setState, forceUpdate, render, and 2 more.
src/screens/Dashboard/Details/BusinessSuiteScreen.tsx(125,9): error TS2607: JSX element class does not support attributes because it does not have a 'props' property.
src/screens/Dashboard/Details/BusinessSuiteScreen.tsx(125,10): error TS2786: 'View' cannot be used as a JSX component.
  Its type 'typeof View' is not a valid JSX element type.
    Type 'typeof View' is not assignable to type 'new (props: any, context: any) => Component<any, any, any>'.
      Type 'View' is missing the following properties from type 'Component<any, any, any>': context, setState, forceUpdate, render, and 2 more.
src/screens/Dashboard/Details/BusinessSuiteScreen.tsx(132,9): error TS2607: JSX element class does not support attributes because it does not have a 'props' property.
src/screens/Dashboard/Details/BusinessSuiteScreen.tsx(132,10): error TS2786: 'View' cannot be used as a JSX component.
  Its type 'typeof View' is not a valid JSX element type.
    Type 'typeof View' is not assignable to type 'new (props: any, context: any) => Component<any, any, any>'.
      Type 'View' is missing the following properties from type 'Component<any, any, any>': context, setState, forceUpdate, render, and 2 more.
src/screens/Dashboard/Details/BusinessSuiteScreen.tsx(133,13): error TS2607: JSX element class does not support attributes because it does not have a 'props' property.
src/screens/Dashboard/Details/BusinessSuiteScreen.tsx(133,14): error TS2786: 'Text' cannot be used as a JSX component.
  Its type 'typeof Text' is not a valid JSX element type.
    Type 'typeof Text' is not assignable to type 'new (props: any, context: any) => Component<any, any, any>'.
      Type 'Text' is missing the following properties from type 'Component<any, any, any>': context, setState, forceUpdate, render, and 2 more.
src/screens/Dashboard/Details/BusinessSuiteScreen.tsx(134,13): error TS2607: JSX element class does not support attributes because it does not have a 'props' property.
src/screens/Dashboard/Details/BusinessSuiteScreen.tsx(134,14): error TS2786: 'Text' cannot be used as a JSX component.
  Its type 'typeof Text' is not a valid JSX element type.
    Type 'typeof Text' is not assignable to type 'new (props: any, context: any) => Component<any, any, any>'.
      Type 'Text' is missing the following properties from type 'Component<any, any, any>': context, setState, forceUpdate, render, and 2 more.
src/screens/Dashboard/Details/BusinessSuiteScreen.tsx(136,9): error TS2607: JSX element class does not support attributes because it does not have a 'props' property.
src/screens/Dashboard/Details/BusinessSuiteScreen.tsx(136,10): error TS2786: 'View' cannot be used as a JSX component.
  Its type 'typeof View' is not a valid JSX element type.
    Type 'typeof View' is not assignable to type 'new (props: any, context: any) => Component<any, any, any>'.
      Type 'View' is missing the following properties from type 'Component<any, any, any>': context, setState, forceUpdate, render, and 2 more.
src/screens/Dashboard/Details/BusinessSuiteScreen.tsx(137,13): error TS2607: JSX element class does not support attributes because it does not have a 'props' property.
src/screens/Dashboard/Details/BusinessSuiteScreen.tsx(137,14): error TS2786: 'Text' cannot be used as a JSX component.
  Its type 'typeof Text' is not a valid JSX element type.
    Type 'typeof Text' is not assignable to type 'new (props: any, context: any) => Component<any, any, any>'.
      Type 'Text' is missing the following properties from type 'Component<any, any, any>': context, setState, forceUpdate, render, and 2 more.
src/screens/Dashboard/Details/BusinessSuiteScreen.tsx(140,13): error TS2607: JSX element class does not support attributes because it does not have a 'props' property.
src/screens/Dashboard/Details/BusinessSuiteScreen.tsx(140,14): error TS2786: 'Text' cannot be used as a JSX component.
  Its type 'typeof Text' is not a valid JSX element type.
    Type 'typeof Text' is not assignable to type 'new (props: any, context: any) => Component<any, any, any>'.
      Type 'Text' is missing the following properties from type 'Component<any, any, any>': context, setState, forceUpdate, render, and 2 more.
src/screens/Dashboard/Details/DigitalToolsScreen.tsx(41,13): error TS2607: JSX element class does not support attributes because it does not have a 'props' property.
src/screens/Dashboard/Details/DigitalToolsScreen.tsx(41,14): error TS2786: 'Text' cannot be used as a JSX component.
  Its type 'typeof Text' is not a valid JSX element type.
    Type 'typeof Text' is not assignable to type 'new (props: any, context: any) => Component<any, any, any>'.
      Type 'Text' is missing the following properties from type 'Component<any, any, any>': context, setState, forceUpdate, render, and 2 more.
src/screens/Dashboard/Details/DigitalToolsScreen.tsx(50,13): error TS2607: JSX element class does not support attributes because it does not have a 'props' property.
src/screens/Dashboard/Details/DigitalToolsScreen.tsx(50,14): error TS2786: 'View' cannot be used as a JSX component.
  Its type 'typeof View' is not a valid JSX element type.
    Type 'typeof View' is not assignable to type 'new (props: any, context: any) => Component<any, any, any>'.
      Type 'View' is missing the following properties from type 'Component<any, any, any>': context, setState, forceUpdate, render, and 2 more.
src/screens/Dashboard/Details/DigitalToolsScreen.tsx(54,17): error TS2607: JSX element class does not support attributes because it does not have a 'props' property.
src/screens/Dashboard/Details/DigitalToolsScreen.tsx(54,18): error TS2786: 'Text' cannot be used as a JSX component.
  Its type 'typeof Text' is not a valid JSX element type.
    Type 'typeof Text' is not assignable to type 'new (props: any, context: any) => Component<any, any, any>'.
      Type 'Text' is missing the following properties from type 'Component<any, any, any>': context, setState, forceUpdate, render, and 2 more.
src/screens/Dashboard/Details/DigitalToolsScreen.tsx(55,17): error TS2607: JSX element class does not support attributes because it does not have a 'props' property.
src/screens/Dashboard/Details/DigitalToolsScreen.tsx(55,18): error TS2786: 'View' cannot be used as a JSX component.
  Its type 'typeof View' is not a valid JSX element type.
    Type 'typeof View' is not assignable to type 'new (props: any, context: any) => Component<any, any, any>'.
      Type 'View' is missing the following properties from type 'Component<any, any, any>': context, setState, forceUpdate, render, and 2 more.
src/screens/Dashboard/Details/DigitalToolsScreen.tsx(59,13): error TS2607: JSX element class does not support attributes because it does not have a 'props' property.
src/screens/Dashboard/Details/DigitalToolsScreen.tsx(59,14): error TS2786: 'View' cannot be used as a JSX component.
  Its type 'typeof View' is not a valid JSX element type.
    Type 'typeof View' is not assignable to type 'new (props: any, context: any) => Component<any, any, any>'.
      Type 'View' is missing the following properties from type 'Component<any, any, any>': context, setState, forceUpdate, render, and 2 more.
src/screens/Dashboard/Details/DigitalToolsScreen.tsx(65,13): error TS2607: JSX element class does not support attributes because it does not have a 'props' property.
src/screens/Dashboard/Details/DigitalToolsScreen.tsx(65,14): error TS2786: 'ScrollView' cannot be used as a JSX component.
  Its type 'typeof ScrollView' is not a valid JSX element type.
    Type 'typeof ScrollView' is not assignable to type 'new (props: any, context: any) => Component<any, any, any>'.
      Type 'ScrollView' is missing the following properties from type 'Component<any, any, any>': context, setState, forceUpdate, render, and 2 more.
src/screens/Dashboard/Details/DigitalToolsScreen.tsx(68,21): error TS2607: JSX element class does not support attributes because it does not have a 'props' property.
src/screens/Dashboard/Details/DigitalToolsScreen.tsx(68,22): error TS2786: 'View' cannot be used as a JSX component.
  Its type 'typeof View' is not a valid JSX element type.
    Type 'typeof View' is not assignable to type 'new (props: any, context: any) => Component<any, any, any>'.
      Type 'View' is missing the following properties from type 'Component<any, any, any>': context, setState, forceUpdate, render, and 2 more.
src/screens/Dashboard/Details/DigitalToolsScreen.tsx(69,25): error TS2607: JSX element class does not support attributes because it does not have a 'props' property.
src/screens/Dashboard/Details/DigitalToolsScreen.tsx(69,26): error TS2786: 'Text' cannot be used as a JSX component.
  Its type 'typeof Text' is not a valid JSX element type.
    Type 'typeof Text' is not assignable to type 'new (props: any, context: any) => Component<any, any, any>'.
      Type 'Text' is missing the following properties from type 'Component<any, any, any>': context, setState, forceUpdate, render, and 2 more.
src/screens/Dashboard/Details/DigitalToolsScreen.tsx(70,25): error TS2607: JSX element class does not support attributes because it does not have a 'props' property.
src/screens/Dashboard/Details/DigitalToolsScreen.tsx(70,26): error TS2786: 'Text' cannot be used as a JSX component.
  Its type 'typeof Text' is not a valid JSX element type.
    Type 'typeof Text' is not assignable to type 'new (props: any, context: any) => Component<any, any, any>'.
      Type 'Text' is missing the following properties from type 'Component<any, any, any>': context, setState, forceUpdate, render, and 2 more.
src/screens/Dashboard/Details/DigitalToolsScreen.tsx(72,25): error TS2607: JSX element class does not support attributes because it does not have a 'props' property.
src/screens/Dashboard/Details/DigitalToolsScreen.tsx(72,26): error TS2786: 'View' cannot be used as a JSX component.
  Its type 'typeof View' is not a valid JSX element type.
    Type 'typeof View' is not assignable to type 'new (props: any, context: any) => Component<any, any, any>'.
      Type 'View' is missing the following properties from type 'Component<any, any, any>': context, setState, forceUpdate, render, and 2 more.
src/screens/Dashboard/Details/DigitalToolsScreen.tsx(73,29): error TS2607: JSX element class does not support attributes because it does not have a 'props' property.
src/screens/Dashboard/Details/DigitalToolsScreen.tsx(73,30): error TS2786: 'Text' cannot be used as a JSX component.
  Its type 'typeof Text' is not a valid JSX element type.
    Type 'typeof Text' is not assignable to type 'new (props: any, context: any) => Component<any, any, any>'.
      Type 'Text' is missing the following properties from type 'Component<any, any, any>': context, setState, forceUpdate, render, and 2 more.
src/screens/Dashboard/Details/DigitalToolsScreen.tsx(74,29): error TS2607: JSX element class does not support attributes because it does not have a 'props' property.
src/screens/Dashboard/Details/DigitalToolsScreen.tsx(74,30): error TS2786: 'TextInput' cannot be used as a JSX component.
  Its type 'typeof TextInput' is not a valid JSX element type.
    Type 'typeof TextInput' is not assignable to type 'new (props: any, context: any) => Component<any, any, any>'.
      Type 'TextInput' is missing the following properties from type 'Component<any, any, any>': context, setState, forceUpdate, render, and 2 more.
src/screens/Dashboard/Details/DigitalToolsScreen.tsx(82,25): error TS2607: JSX element class does not support attributes because it does not have a 'props' property.
src/screens/Dashboard/Details/DigitalToolsScreen.tsx(82,26): error TS2786: 'View' cannot be used as a JSX component.
  Its type 'typeof View' is not a valid JSX element type.
    Type 'typeof View' is not assignable to type 'new (props: any, context: any) => Component<any, any, any>'.
      Type 'View' is missing the following properties from type 'Component<any, any, any>': context, setState, forceUpdate, render, and 2 more.
src/screens/Dashboard/Details/DigitalToolsScreen.tsx(83,29): error TS2607: JSX element class does not support attributes because it does not have a 'props' property.
src/screens/Dashboard/Details/DigitalToolsScreen.tsx(83,30): error TS2786: 'Text' cannot be used as a JSX component.
  Its type 'typeof Text' is not a valid JSX element type.
    Type 'typeof Text' is not assignable to type 'new (props: any, context: any) => Component<any, any, any>'.
      Type 'Text' is missing the following properties from type 'Component<any, any, any>': context, setState, forceUpdate, render, and 2 more.
src/screens/Dashboard/Details/DigitalToolsScreen.tsx(84,29): error TS2607: JSX element class does not support attributes because it does not have a 'props' property.
src/screens/Dashboard/Details/DigitalToolsScreen.tsx(84,30): error TS2786: 'TextInput' cannot be used as a JSX component.
  Its type 'typeof TextInput' is not a valid JSX element type.
    Type 'typeof TextInput' is not assignable to type 'new (props: any, context: any) => Component<any, any, any>'.
      Type 'TextInput' is missing the following properties from type 'Component<any, any, any>': context, setState, forceUpdate, render, and 2 more.
src/screens/Dashboard/Details/DigitalToolsScreen.tsx(94,29): error TS2607: JSX element class does not support attributes because it does not have a 'props' property.
src/screens/Dashboard/Details/DigitalToolsScreen.tsx(94,30): error TS2786: 'Text' cannot be used as a JSX component.
  Its type 'typeof Text' is not a valid JSX element type.
    Type 'typeof Text' is not assignable to type 'new (props: any, context: any) => Component<any, any, any>'.
      Type 'Text' is missing the following properties from type 'Component<any, any, any>': context, setState, forceUpdate, render, and 2 more.
src/screens/Dashboard/Details/DigitalToolsScreen.tsx(98,29): error TS2607: JSX element class does not support attributes because it does not have a 'props' property.
src/screens/Dashboard/Details/DigitalToolsScreen.tsx(98,30): error TS2786: 'View' cannot be used as a JSX component.
  Its type 'typeof View' is not a valid JSX element type.
    Type 'typeof View' is not assignable to type 'new (props: any, context: any) => Component<any, any, any>'.
      Type 'View' is missing the following properties from type 'Component<any, any, any>': context, setState, forceUpdate, render, and 2 more.
src/screens/Dashboard/Details/DigitalToolsScreen.tsx(99,33): error TS2607: JSX element class does not support attributes because it does not have a 'props' property.
src/screens/Dashboard/Details/DigitalToolsScreen.tsx(99,34): error TS2786: 'Text' cannot be used as a JSX component.
  Its type 'typeof Text' is not a valid JSX element type.
    Type 'typeof Text' is not assignable to type 'new (props: any, context: any) => Component<any, any, any>'.
      Type 'Text' is missing the following properties from type 'Component<any, any, any>': context, setState, forceUpdate, render, and 2 more.
src/screens/Dashboard/Details/DigitalToolsScreen.tsx(100,33): error TS2607: JSX element class does not support attributes because it does not have a 'props' property.
src/screens/Dashboard/Details/DigitalToolsScreen.tsx(100,34): error TS2786: 'Text' cannot be used as a JSX component.
  Its type 'typeof Text' is not a valid JSX element type.
    Type 'typeof Text' is not assignable to type 'new (props: any, context: any) => Component<any, any, any>'.
      Type 'Text' is missing the following properties from type 'Component<any, any, any>': context, setState, forceUpdate, render, and 2 more.
src/screens/Dashboard/Details/DigitalToolsScreen.tsx(101,33): error TS2607: JSX element class does not support attributes because it does not have a 'props' property.
src/screens/Dashboard/Details/DigitalToolsScreen.tsx(101,34): error TS2786: 'Text' cannot be used as a JSX component.
  Its type 'typeof Text' is not a valid JSX element type.
    Type 'typeof Text' is not assignable to type 'new (props: any, context: any) => Component<any, any, any>'.
      Type 'Text' is missing the following properties from type 'Component<any, any, any>': context, setState, forceUpdate, render, and 2 more.
src/screens/Dashboard/Details/DigitalToolsScreen.tsx(108,21): error TS2607: JSX element class does not support attributes because it does not have a 'props' property.
src/screens/Dashboard/Details/DigitalToolsScreen.tsx(108,22): error TS2786: 'View' cannot be used as a JSX component.
  Its type 'typeof View' is not a valid JSX element type.
    Type 'typeof View' is not assignable to type 'new (props: any, context: any) => Component<any, any, any>'.
      Type 'View' is missing the following properties from type 'Component<any, any, any>': context, setState, forceUpdate, render, and 2 more.
src/screens/Dashboard/Details/DigitalToolsScreen.tsx(109,25): error TS2607: JSX element class does not support attributes because it does not have a 'props' property.
src/screens/Dashboard/Details/DigitalToolsScreen.tsx(109,26): error TS2786: 'Text' cannot be used as a JSX component.
  Its type 'typeof Text' is not a valid JSX element type.
    Type 'typeof Text' is not assignable to type 'new (props: any, context: any) => Component<any, any, any>'.
      Type 'Text' is missing the following properties from type 'Component<any, any, any>': context, setState, forceUpdate, render, and 2 more.
src/screens/Dashboard/Details/DigitalToolsScreen.tsx(110,25): error TS2607: JSX element class does not support attributes because it does not have a 'props' property.
src/screens/Dashboard/Details/DigitalToolsScreen.tsx(110,26): error TS2786: 'Text' cannot be used as a JSX component.
  Its type 'typeof Text' is not a valid JSX element type.
    Type 'typeof Text' is not assignable to type 'new (props: any, context: any) => Component<any, any, any>'.
      Type 'Text' is missing the following properties from type 'Component<any, any, any>': context, setState, forceUpdate, render, and 2 more.
src/screens/Dashboard/Details/DigitalToolsScreen.tsx(112,25): error TS2607: JSX element class does not support attributes because it does not have a 'props' property.
src/screens/Dashboard/Details/DigitalToolsScreen.tsx(112,26): error TS2786: 'View' cannot be used as a JSX component.
  Its type 'typeof View' is not a valid JSX element type.
    Type 'typeof View' is not assignable to type 'new (props: any, context: any) => Component<any, any, any>'.
      Type 'View' is missing the following properties from type 'Component<any, any, any>': context, setState, forceUpdate, render, and 2 more.
src/screens/Dashboard/Details/DigitalToolsScreen.tsx(113,29): error TS2607: JSX element class does not support attributes because it does not have a 'props' property.
src/screens/Dashboard/Details/DigitalToolsScreen.tsx(113,30): error TS2786: 'Text' cannot be used as a JSX component.
  Its type 'typeof Text' is not a valid JSX element type.
    Type 'typeof Text' is not assignable to type 'new (props: any, context: any) => Component<any, any, any>'.
      Type 'Text' is missing the following properties from type 'Component<any, any, any>': context, setState, forceUpdate, render, and 2 more.
src/screens/Dashboard/Details/DigitalToolsScreen.tsx(114,29): error TS2607: JSX element class does not support attributes because it does not have a 'props' property.
src/screens/Dashboard/Details/DigitalToolsScreen.tsx(114,30): error TS2786: 'TextInput' cannot be used as a JSX component.
  Its type 'typeof TextInput' is not a valid JSX element type.
    Type 'typeof TextInput' is not assignable to type 'new (props: any, context: any) => Component<any, any, any>'.
      Type 'TextInput' is missing the following properties from type 'Component<any, any, any>': context, setState, forceUpdate, render, and 2 more.
src/screens/Dashboard/Details/DigitalToolsScreen.tsx(124,29): error TS2607: JSX element class does not support attributes because it does not have a 'props' property.
src/screens/Dashboard/Details/DigitalToolsScreen.tsx(124,30): error TS2786: 'Text' cannot be used as a JSX component.
  Its type 'typeof Text' is not a valid JSX element type.
    Type 'typeof Text' is not assignable to type 'new (props: any, context: any) => Component<any, any, any>'.
      Type 'Text' is missing the following properties from type 'Component<any, any, any>': context, setState, forceUpdate, render, and 2 more.
src/screens/Dashboard/Details/DigitalToolsScreen.tsx(128,29): error TS2607: JSX element class does not support attributes because it does not have a 'props' property.
src/screens/Dashboard/Details/DigitalToolsScreen.tsx(128,30): error TS2786: 'View' cannot be used as a JSX component.
  Its type 'typeof View' is not a valid JSX element type.
    Type 'typeof View' is not assignable to type 'new (props: any, context: any) => Component<any, any, any>'.
      Type 'View' is missing the following properties from type 'Component<any, any, any>': context, setState, forceUpdate, render, and 2 more.
src/screens/Dashboard/Details/DigitalToolsScreen.tsx(129,33): error TS2607: JSX element class does not support attributes because it does not have a 'props' property.
src/screens/Dashboard/Details/DigitalToolsScreen.tsx(129,34): error TS2786: 'Text' cannot be used as a JSX component.
  Its type 'typeof Text' is not a valid JSX element type.
    Type 'typeof Text' is not assignable to type 'new (props: any, context: any) => Component<any, any, any>'.
      Type 'Text' is missing the following properties from type 'Component<any, any, any>': context, setState, forceUpdate, render, and 2 more.
src/screens/Dashboard/Details/DigitalToolsScreen.tsx(130,33): error TS2607: JSX element class does not support attributes because it does not have a 'props' property.
src/screens/Dashboard/Details/DigitalToolsScreen.tsx(130,34): error TS2786: 'Text' cannot be used as a JSX component.
  Its type 'typeof Text' is not a valid JSX element type.
    Type 'typeof Text' is not assignable to type 'new (props: any, context: any) => Component<any, any, any>'.
      Type 'Text' is missing the following properties from type 'Component<any, any, any>': context, setState, forceUpdate, render, and 2 more.
src/screens/Dashboard/Details/DigitalToolsScreen.tsx(137,22): error TS2786: 'View' cannot be used as a JSX component.
  Its type 'typeof View' is not a valid JSX element type.
    Type 'typeof View' is not assignable to type 'new (props: any, context: any) => Component<any, any, any>'.
      Type 'View' is missing the following properties from type 'Component<any, any, any>': context, setState, forceUpdate, render, and 2 more.
src/screens/Dashboard/Details/DigitalToolsScreen.tsx(138,25): error TS2607: JSX element class does not support attributes because it does not have a 'props' property.
src/screens/Dashboard/Details/DigitalToolsScreen.tsx(138,26): error TS2786: 'Text' cannot be used as a JSX component.
  Its type 'typeof Text' is not a valid JSX element type.
    Type 'typeof Text' is not assignable to type 'new (props: any, context: any) => Component<any, any, any>'.
      Type 'Text' is missing the following properties from type 'Component<any, any, any>': context, setState, forceUpdate, render, and 2 more.
src/screens/Dashboard/Details/DigitalToolsScreen.tsx(142,33): error TS2607: JSX element class does not support attributes because it does not have a 'props' property.
src/screens/Dashboard/Details/DigitalToolsScreen.tsx(142,34): error TS2786: 'View' cannot be used as a JSX component.
  Its type 'typeof View' is not a valid JSX element type.
    Type 'typeof View' is not assignable to type 'new (props: any, context: any) => Component<any, any, any>'.
      Type 'View' is missing the following properties from type 'Component<any, any, any>': context, setState, forceUpdate, render, and 2 more.
src/screens/Dashboard/Details/DigitalToolsScreen.tsx(145,33): error TS2607: JSX element class does not support attributes because it does not have a 'props' property.
src/screens/Dashboard/Details/DigitalToolsScreen.tsx(145,34): error TS2786: 'View' cannot be used as a JSX component.
  Its type 'typeof View' is not a valid JSX element type.
    Type 'typeof View' is not assignable to type 'new (props: any, context: any) => Component<any, any, any>'.
      Type 'View' is missing the following properties from type 'Component<any, any, any>': context, setState, forceUpdate, render, and 2 more.
src/screens/Dashboard/Details/DigitalToolsScreen.tsx(146,37): error TS2607: JSX element class does not support attributes because it does not have a 'props' property.
src/screens/Dashboard/Details/DigitalToolsScreen.tsx(146,38): error TS2786: 'Text' cannot be used as a JSX component.
  Its type 'typeof Text' is not a valid JSX element type.
    Type 'typeof Text' is not assignable to type 'new (props: any, context: any) => Component<any, any, any>'.
      Type 'Text' is missing the following properties from type 'Component<any, any, any>': context, setState, forceUpdate, render, and 2 more.
src/screens/Dashboard/Details/DigitalToolsScreen.tsx(147,37): error TS2607: JSX element class does not support attributes because it does not have a 'props' property.
src/screens/Dashboard/Details/DigitalToolsScreen.tsx(147,38): error TS2786: 'Text' cannot be used as a JSX component.
  Its type 'typeof Text' is not a valid JSX element type.
    Type 'typeof Text' is not assignable to type 'new (props: any, context: any) => Component<any, any, any>'.
      Type 'Text' is missing the following properties from type 'Component<any, any, any>': context, setState, forceUpdate, render, and 2 more.
src/screens/Dashboard/Details/DigitalToolsScreen.tsx(155,29): error TS2607: JSX element class does not support attributes because it does not have a 'props' property.
src/screens/Dashboard/Details/DigitalToolsScreen.tsx(155,30): error TS2786: 'Text' cannot be used as a JSX component.
  Its type 'typeof Text' is not a valid JSX element type.
    Type 'typeof Text' is not assignable to type 'new (props: any, context: any) => Component<any, any, any>'.
      Type 'Text' is missing the following properties from type 'Component<any, any, any>': context, setState, forceUpdate, render, and 2 more.
src/screens/Dashboard/Details/JobConnectScreen.tsx(72,13): error TS2607: JSX element class does not support attributes because it does not have a 'props' property.
src/screens/Dashboard/Details/JobConnectScreen.tsx(72,14): error TS2786: 'View' cannot be used as a JSX component.
  Its type 'typeof View' is not a valid JSX element type.
    Type 'typeof View' is not assignable to type 'new (props: any, context: any) => Component<any, any, any>'.
      Type 'View' is missing the following properties from type 'Component<any, any, any>': context, setState, forceUpdate, render, and 2 more.
src/screens/Dashboard/Details/JobConnectScreen.tsx(73,18): error TS2786: 'View' cannot be used as a JSX component.
  Its type 'typeof View' is not a valid JSX element type.
    Type 'typeof View' is not assignable to type 'new (props: any, context: any) => Component<any, any, any>'.
      Type 'View' is missing the following properties from type 'Component<any, any, any>': context, setState, forceUpdate, render, and 2 more.
src/screens/Dashboard/Details/JobConnectScreen.tsx(74,21): error TS2607: JSX element class does not support attributes because it does not have a 'props' property.
src/screens/Dashboard/Details/JobConnectScreen.tsx(74,22): error TS2786: 'Text' cannot be used as a JSX component.
  Its type 'typeof Text' is not a valid JSX element type.
    Type 'typeof Text' is not assignable to type 'new (props: any, context: any) => Component<any, any, any>'.
      Type 'Text' is missing the following properties from type 'Component<any, any, any>': context, setState, forceUpdate, render, and 2 more.
src/screens/Dashboard/Details/JobConnectScreen.tsx(75,21): error TS2607: JSX element class does not support attributes because it does not have a 'props' property.
src/screens/Dashboard/Details/JobConnectScreen.tsx(75,22): error TS2786: 'Text' cannot be used as a JSX component.
  Its type 'typeof Text' is not a valid JSX element type.
    Type 'typeof Text' is not assignable to type 'new (props: any, context: any) => Component<any, any, any>'.
      Type 'Text' is missing the following properties from type 'Component<any, any, any>': context, setState, forceUpdate, render, and 2 more.
src/screens/Dashboard/Details/JobConnectScreen.tsx(78,21): error TS2607: JSX element class does not support attributes because it does not have a 'props' property.
src/screens/Dashboard/Details/JobConnectScreen.tsx(78,22): error TS2786: 'View' cannot be used as a JSX component.
  Its type 'typeof View' is not a valid JSX element type.
    Type 'typeof View' is not assignable to type 'new (props: any, context: any) => Component<any, any, any>'.
      Type 'View' is missing the following properties from type 'Component<any, any, any>': context, setState, forceUpdate, render, and 2 more.
src/screens/Dashboard/Details/JobConnectScreen.tsx(79,25): error TS2607: JSX element class does not support attributes because it does not have a 'props' property.
src/screens/Dashboard/Details/JobConnectScreen.tsx(79,26): error TS2786: 'Text' cannot be used as a JSX component.
  Its type 'typeof Text' is not a valid JSX element type.
    Type 'typeof Text' is not assignable to type 'new (props: any, context: any) => Component<any, any, any>'.
      Type 'Text' is missing the following properties from type 'Component<any, any, any>': context, setState, forceUpdate, render, and 2 more.
src/screens/Dashboard/Details/JobConnectScreen.tsx(84,13): error TS2607: JSX element class does not support attributes because it does not have a 'props' property.
src/screens/Dashboard/Details/JobConnectScreen.tsx(84,14): error TS2786: 'View' cannot be used as a JSX component.
  Its type 'typeof View' is not a valid JSX element type.
    Type 'typeof View' is not assignable to type 'new (props: any, context: any) => Component<any, any, any>'.
      Type 'View' is missing the following properties from type 'Component<any, any, any>': context, setState, forceUpdate, render, and 2 more.
src/screens/Dashboard/Details/JobConnectScreen.tsx(86,21): error TS2607: JSX element class does not support attributes because it does not have a 'props' property.
src/screens/Dashboard/Details/JobConnectScreen.tsx(86,22): error TS2786: 'View' cannot be used as a JSX component.
  Its type 'typeof View' is not a valid JSX element type.
    Type 'typeof View' is not assignable to type 'new (props: any, context: any) => Component<any, any, any>'.
      Type 'View' is missing the following properties from type 'Component<any, any, any>': context, setState, forceUpdate, render, and 2 more.
src/screens/Dashboard/Details/JobConnectScreen.tsx(87,25): error TS2607: JSX element class does not support attributes because it does not have a 'props' property.
src/screens/Dashboard/Details/JobConnectScreen.tsx(87,26): error TS2786: 'Text' cannot be used as a JSX component.
  Its type 'typeof Text' is not a valid JSX element type.
    Type 'typeof Text' is not assignable to type 'new (props: any, context: any) => Component<any, any, any>'.
      Type 'Text' is missing the following properties from type 'Component<any, any, any>': context, setState, forceUpdate, render, and 2 more.
src/screens/Dashboard/Details/JobConnectScreen.tsx(92,13): error TS2607: JSX element class does not support attributes because it does not have a 'props' property.
src/screens/Dashboard/Details/JobConnectScreen.tsx(92,14): error TS2786: 'View' cannot be used as a JSX component.
  Its type 'typeof View' is not a valid JSX element type.
    Type 'typeof View' is not assignable to type 'new (props: any, context: any) => Component<any, any, any>'.
      Type 'View' is missing the following properties from type 'Component<any, any, any>': context, setState, forceUpdate, render, and 2 more.
src/screens/Dashboard/Details/JobConnectScreen.tsx(94,13): error TS2607: JSX element class does not support attributes because it does not have a 'props' property.
src/screens/Dashboard/Details/JobConnectScreen.tsx(94,14): error TS2786: 'View' cannot be used as a JSX component.
  Its type 'typeof View' is not a valid JSX element type.
    Type 'typeof View' is not assignable to type 'new (props: any, context: any) => Component<any, any, any>'.
      Type 'View' is missing the following properties from type 'Component<any, any, any>': context, setState, forceUpdate, render, and 2 more.
src/screens/Dashboard/Details/JobConnectScreen.tsx(95,17): error TS2607: JSX element class does not support attributes because it does not have a 'props' property.
src/screens/Dashboard/Details/JobConnectScreen.tsx(95,18): error TS2786: 'View' cannot be used as a JSX component.
  Its type 'typeof View' is not a valid JSX element type.
    Type 'typeof View' is not assignable to type 'new (props: any, context: any) => Component<any, any, any>'.
      Type 'View' is missing the following properties from type 'Component<any, any, any>': context, setState, forceUpdate, render, and 2 more.
src/screens/Dashboard/Details/JobConnectScreen.tsx(96,21): error TS2607: JSX element class does not support attributes because it does not have a 'props' property.
src/screens/Dashboard/Details/JobConnectScreen.tsx(96,22): error TS2786: 'Text' cannot be used as a JSX component.
  Its type 'typeof Text' is not a valid JSX element type.
    Type 'typeof Text' is not assignable to type 'new (props: any, context: any) => Component<any, any, any>'.
      Type 'Text' is missing the following properties from type 'Component<any, any, any>': context, setState, forceUpdate, render, and 2 more.
src/screens/Dashboard/Details/JobConnectScreen.tsx(97,21): error TS2607: JSX element class does not support attributes because it does not have a 'props' property.
src/screens/Dashboard/Details/JobConnectScreen.tsx(97,22): error TS2786: 'Text' cannot be used as a JSX component.
  Its type 'typeof Text' is not a valid JSX element type.
    Type 'typeof Text' is not assignable to type 'new (props: any, context: any) => Component<any, any, any>'.
      Type 'Text' is missing the following properties from type 'Component<any, any, any>': context, setState, forceUpdate, render, and 2 more.
src/screens/Dashboard/Details/JobConnectScreen.tsx(99,17): error TS2607: JSX element class does not support attributes because it does not have a 'props' property.
src/screens/Dashboard/Details/JobConnectScreen.tsx(99,18): error TS2786: 'View' cannot be used as a JSX component.
  Its type 'typeof View' is not a valid JSX element type.
    Type 'typeof View' is not assignable to type 'new (props: any, context: any) => Component<any, any, any>'.
      Type 'View' is missing the following properties from type 'Component<any, any, any>': context, setState, forceUpdate, render, and 2 more.
src/screens/Dashboard/Details/JobConnectScreen.tsx(101,21): error TS2607: JSX element class does not support attributes because it does not have a 'props' property.
src/screens/Dashboard/Details/JobConnectScreen.tsx(101,22): error TS2786: 'Text' cannot be used as a JSX component.
  Its type 'typeof Text' is not a valid JSX element type.
    Type 'typeof Text' is not assignable to type 'new (props: any, context: any) => Component<any, any, any>'.
      Type 'Text' is missing the following properties from type 'Component<any, any, any>': context, setState, forceUpdate, render, and 2 more.
src/screens/Dashboard/Details/JobConnectScreen.tsx(106,17): error TS2607: JSX element class does not support attributes because it does not have a 'props' property.
src/screens/Dashboard/Details/JobConnectScreen.tsx(106,18): error TS2786: 'Text' cannot be used as a JSX component.
  Its type 'typeof Text' is not a valid JSX element type.
    Type 'typeof Text' is not assignable to type 'new (props: any, context: any) => Component<any, any, any>'.
      Type 'Text' is missing the following properties from type 'Component<any, any, any>': context, setState, forceUpdate, render, and 2 more.
src/screens/Dashboard/Details/JobConnectScreen.tsx(117,13): error TS2607: JSX element class does not support attributes because it does not have a 'props' property.
src/screens/Dashboard/Details/JobConnectScreen.tsx(117,14): error TS2786: 'View' cannot be used as a JSX component.
  Its type 'typeof View' is not a valid JSX element type.
    Type 'typeof View' is not assignable to type 'new (props: any, context: any) => Component<any, any, any>'.
      Type 'View' is missing the following properties from type 'Component<any, any, any>': context, setState, forceUpdate, render, and 2 more.
src/screens/Dashboard/Details/JobConnectScreen.tsx(121,17): error TS2607: JSX element class does not support attributes because it does not have a 'props' property.
src/screens/Dashboard/Details/JobConnectScreen.tsx(121,18): error TS2786: 'Text' cannot be used as a JSX component.
  Its type 'typeof Text' is not a valid JSX element type.
    Type 'typeof Text' is not assignable to type 'new (props: any, context: any) => Component<any, any, any>'.
      Type 'Text' is missing the following properties from type 'Component<any, any, any>': context, setState, forceUpdate, render, and 2 more.
src/screens/Dashboard/Details/JobConnectScreen.tsx(128,13): error TS2607: JSX element class does not support attributes because it does not have a 'props' property.
src/screens/Dashboard/Details/JobConnectScreen.tsx(128,14): error TS2786: 'View' cannot be used as a JSX component.
  Its type 'typeof View' is not a valid JSX element type.
    Type 'typeof View' is not assignable to type 'new (props: any, context: any) => Component<any, any, any>'.
      Type 'View' is missing the following properties from type 'Component<any, any, any>': context, setState, forceUpdate, render, and 2 more.
src/screens/Dashboard/Details/JobConnectScreen.tsx(129,17): error TS2607: JSX element class does not support attributes because it does not have a 'props' property.
src/screens/Dashboard/Details/JobConnectScreen.tsx(129,18): error TS2786: 'Text' cannot be used as a JSX component.
  Its type 'typeof Text' is not a valid JSX element type.
    Type 'typeof Text' is not assignable to type 'new (props: any, context: any) => Component<any, any, any>'.
      Type 'Text' is missing the following properties from type 'Component<any, any, any>': context, setState, forceUpdate, render, and 2 more.
src/screens/Dashboard/Details/JobConnectScreen.tsx(141,21): error TS2607: JSX element class does not support attributes because it does not have a 'props' property.
src/screens/Dashboard/Details/JobConnectScreen.tsx(141,22): error TS2786: 'View' cannot be used as a JSX component.
  Its type 'typeof View' is not a valid JSX element type.
    Type 'typeof View' is not assignable to type 'new (props: any, context: any) => Component<any, any, any>'.
      Type 'View' is missing the following properties from type 'Component<any, any, any>': context, setState, forceUpdate, render, and 2 more.
src/screens/Dashboard/Details/JobConnectScreen.tsx(143,25): error TS2607: JSX element class does not support attributes because it does not have a 'props' property.
src/screens/Dashboard/Details/JobConnectScreen.tsx(143,26): error TS2786: 'Text' cannot be used as a JSX component.
  Its type 'typeof Text' is not a valid JSX element type.
    Type 'typeof Text' is not assignable to type 'new (props: any, context: any) => Component<any, any, any>'.
      Type 'Text' is missing the following properties from type 'Component<any, any, any>': context, setState, forceUpdate, render, and 2 more.
src/screens/Dashboard/Details/JobConnectScreen.tsx(160,21): error TS2607: JSX element class does not support attributes because it does not have a 'props' property.
src/screens/Dashboard/Details/JobConnectScreen.tsx(160,22): error TS2786: 'View' cannot be used as a JSX component.
  Its type 'typeof View' is not a valid JSX element type.
    Type 'typeof View' is not assignable to type 'new (props: any, context: any) => Component<any, any, any>'.
      Type 'View' is missing the following properties from type 'Component<any, any, any>': context, setState, forceUpdate, render, and 2 more.
src/screens/Dashboard/Details/JobConnectScreen.tsx(161,25): error TS2607: JSX element class does not support attributes because it does not have a 'props' property.
src/screens/Dashboard/Details/JobConnectScreen.tsx(161,26): error TS2786: 'View' cannot be used as a JSX component.
  Its type 'typeof View' is not a valid JSX element type.
    Type 'typeof View' is not assignable to type 'new (props: any, context: any) => Component<any, any, any>'.
      Type 'View' is missing the following properties from type 'Component<any, any, any>': context, setState, forceUpdate, render, and 2 more.
src/screens/Dashboard/Details/JobConnectScreen.tsx(162,29): error TS2607: JSX element class does not support attributes because it does not have a 'props' property.
src/screens/Dashboard/Details/JobConnectScreen.tsx(162,30): error TS2786: 'Text' cannot be used as a JSX component.
  Its type 'typeof Text' is not a valid JSX element type.
    Type 'typeof Text' is not assignable to type 'new (props: any, context: any) => Component<any, any, any>'.
      Type 'Text' is missing the following properties from type 'Component<any, any, any>': context, setState, forceUpdate, render, and 2 more.
src/screens/Dashboard/Details/JobConnectScreen.tsx(168,25): error TS2607: JSX element class does not support attributes because it does not have a 'props' property.
src/screens/Dashboard/Details/JobConnectScreen.tsx(168,26): error TS2786: 'View' cannot be used as a JSX component.
  Its type 'typeof View' is not a valid JSX element type.
    Type 'typeof View' is not assignable to type 'new (props: any, context: any) => Component<any, any, any>'.
      Type 'View' is missing the following properties from type 'Component<any, any, any>': context, setState, forceUpdate, render, and 2 more.
src/screens/Dashboard/Details/JobConnectScreen.tsx(181,37): error TS2607: JSX element class does not support attributes because it does not have a 'props' property.
src/screens/Dashboard/Details/JobConnectScreen.tsx(181,38): error TS2786: 'Text' cannot be used as a JSX component.
  Its type 'typeof Text' is not a valid JSX element type.
    Type 'typeof Text' is not assignable to type 'new (props: any, context: any) => Component<any, any, any>'.
      Type 'Text' is missing the following properties from type 'Component<any, any, any>': context, setState, forceUpdate, render, and 2 more.
src/screens/Dashboard/Details/SkillsTrainingScreen.tsx(66,13): error TS2607: JSX element class does not support attributes because it does not have a 'props' property.
src/screens/Dashboard/Details/SkillsTrainingScreen.tsx(66,14): error TS2786: 'View' cannot be used as a JSX component.
  Its type 'typeof View' is not a valid JSX element type.
    Type 'typeof View' is not assignable to type 'new (props: any, context: any) => Component<any, any, any>'.
      Type 'View' is missing the following properties from type 'Component<any, any, any>': context, setState, forceUpdate, render, and 2 more.
src/screens/Dashboard/Details/SkillsTrainingScreen.tsx(68,17): error TS2607: JSX element class does not support attributes because it does not have a 'props' property.
src/screens/Dashboard/Details/SkillsTrainingScreen.tsx(68,18): error TS2786: 'Image' cannot be used as a JSX component.
  Its type 'typeof Image' is not a valid JSX element type.
    Type 'typeof Image' is not assignable to type 'new (props: any, context: any) => Component<any, any, any>'.
      Type 'Image' is missing the following properties from type 'Component<any, any, any>': context, setState, forceUpdate, render, and 2 more.
src/screens/Dashboard/Details/SkillsTrainingScreen.tsx(73,17): error TS2607: JSX element class does not support attributes because it does not have a 'props' property.
src/screens/Dashboard/Details/SkillsTrainingScreen.tsx(73,18): error TS2786: 'View' cannot be used as a JSX component.
  Its type 'typeof View' is not a valid JSX element type.
    Type 'typeof View' is not assignable to type 'new (props: any, context: any) => Component<any, any, any>'.
      Type 'View' is missing the following properties from type 'Component<any, any, any>': context, setState, forceUpdate, render, and 2 more.
src/screens/Dashboard/Details/SkillsTrainingScreen.tsx(75,21): error TS2607: JSX element class does not support attributes because it does not have a 'props' property.
src/screens/Dashboard/Details/SkillsTrainingScreen.tsx(75,22): error TS2786: 'Text' cannot be used as a JSX component.
  Its type 'typeof Text' is not a valid JSX element type.
    Type 'typeof Text' is not assignable to type 'new (props: any, context: any) => Component<any, any, any>'.
      Type 'Text' is missing the following properties from type 'Component<any, any, any>': context, setState, forceUpdate, render, and 2 more.
src/screens/Dashboard/Details/SkillsTrainingScreen.tsx(79,13): error TS2607: JSX element class does not support attributes because it does not have a 'props' property.
src/screens/Dashboard/Details/SkillsTrainingScreen.tsx(79,14): error TS2786: 'View' cannot be used as a JSX component.
  Its type 'typeof View' is not a valid JSX element type.
    Type 'typeof View' is not assignable to type 'new (props: any, context: any) => Component<any, any, any>'.
      Type 'View' is missing the following properties from type 'Component<any, any, any>': context, setState, forceUpdate, render, and 2 more.
src/screens/Dashboard/Details/SkillsTrainingScreen.tsx(80,17): error TS2607: JSX element class does not support attributes because it does not have a 'props' property.
src/screens/Dashboard/Details/SkillsTrainingScreen.tsx(80,18): error TS2786: 'Text' cannot be used as a JSX component.
  Its type 'typeof Text' is not a valid JSX element type.
    Type 'typeof Text' is not assignable to type 'new (props: any, context: any) => Component<any, any, any>'.
      Type 'Text' is missing the following properties from type 'Component<any, any, any>': context, setState, forceUpdate, render, and 2 more.
src/screens/Dashboard/Details/SkillsTrainingScreen.tsx(81,17): error TS2607: JSX element class does not support attributes because it does not have a 'props' property.
src/screens/Dashboard/Details/SkillsTrainingScreen.tsx(81,18): error TS2786: 'Text' cannot be used as a JSX component.
  Its type 'typeof Text' is not a valid JSX element type.
    Type 'typeof Text' is not assignable to type 'new (props: any, context: any) => Component<any, any, any>'.
      Type 'Text' is missing the following properties from type 'Component<any, any, any>': context, setState, forceUpdate, render, and 2 more.
src/screens/Dashboard/Details/SkillsTrainingScreen.tsx(83,17): error TS2607: JSX element class does not support attributes because it does not have a 'props' property.
src/screens/Dashboard/Details/SkillsTrainingScreen.tsx(83,18): error TS2786: 'View' cannot be used as a JSX component.
  Its type 'typeof View' is not a valid JSX element type.
    Type 'typeof View' is not assignable to type 'new (props: any, context: any) => Component<any, any, any>'.
      Type 'View' is missing the following properties from type 'Component<any, any, any>': context, setState, forceUpdate, render, and 2 more.
src/screens/Dashboard/Details/SkillsTrainingScreen.tsx(84,21): error TS2607: JSX element class does not support attributes because it does not have a 'props' property.
src/screens/Dashboard/Details/SkillsTrainingScreen.tsx(84,22): error TS2786: 'View' cannot be used as a JSX component.
  Its type 'typeof View' is not a valid JSX element type.
    Type 'typeof View' is not assignable to type 'new (props: any, context: any) => Component<any, any, any>'.
      Type 'View' is missing the following properties from type 'Component<any, any, any>': context, setState, forceUpdate, render, and 2 more.
src/screens/Dashboard/Details/SkillsTrainingScreen.tsx(85,25): error TS2607: JSX element class does not support attributes because it does not have a 'props' property.
src/screens/Dashboard/Details/SkillsTrainingScreen.tsx(85,26): error TS2786: 'View' cannot be used as a JSX component.
  Its type 'typeof View' is not a valid JSX element type.
    Type 'typeof View' is not assignable to type 'new (props: any, context: any) => Component<any, any, any>'.
      Type 'View' is missing the following properties from type 'Component<any, any, any>': context, setState, forceUpdate, render, and 2 more.
src/screens/Dashboard/Details/SkillsTrainingScreen.tsx(87,21): error TS2607: JSX element class does not support attributes because it does not have a 'props' property.
src/screens/Dashboard/Details/SkillsTrainingScreen.tsx(87,22): error TS2786: 'Text' cannot be used as a JSX component.
  Its type 'typeof Text' is not a valid JSX element type.
    Type 'typeof Text' is not assignable to type 'new (props: any, context: any) => Component<any, any, any>'.
      Type 'Text' is missing the following properties from type 'Component<any, any, any>': context, setState, forceUpdate, render, and 2 more.
src/screens/Dashboard/Details/SkillsTrainingScreen.tsx(96,21): error TS2607: JSX element class does not support attributes because it does not have a 'props' property.
src/screens/Dashboard/Details/SkillsTrainingScreen.tsx(96,22): error TS2786: 'Text' cannot be used as a JSX component.
  Its type 'typeof Text' is not a valid JSX element type.
    Type 'typeof Text' is not assignable to type 'new (props: any, context: any) => Component<any, any, any>'.
      Type 'Text' is missing the following properties from type 'Component<any, any, any>': context, setState, forceUpdate, render, and 2 more.
src/screens/Dashboard/Details/SkillsTrainingScreen.tsx(109,13): error TS2607: JSX element class does not support attributes because it does not have a 'props' property.
src/screens/Dashboard/Details/SkillsTrainingScreen.tsx(109,14): error TS2786: 'View' cannot be used as a JSX component.
  Its type 'typeof View' is not a valid JSX element type.
    Type 'typeof View' is not assignable to type 'new (props: any, context: any) => Component<any, any, any>'.
      Type 'View' is missing the following properties from type 'Component<any, any, any>': context, setState, forceUpdate, render, and 2 more.
src/screens/Dashboard/Details/SkillsTrainingScreen.tsx(113,17): error TS2607: JSX element class does not support attributes because it does not have a 'props' property.
src/screens/Dashboard/Details/SkillsTrainingScreen.tsx(113,18): error TS2786: 'Text' cannot be used as a JSX component.
  Its type 'typeof Text' is not a valid JSX element type.
    Type 'typeof Text' is not assignable to type 'new (props: any, context: any) => Component<any, any, any>'.
      Type 'Text' is missing the following properties from type 'Component<any, any, any>': context, setState, forceUpdate, render, and 2 more.
src/screens/Dashboard/Details/SkillsTrainingScreen.tsx(121,17): error TS2607: JSX element class does not support attributes because it does not have a 'props' property.
src/screens/Dashboard/Details/SkillsTrainingScreen.tsx(121,18): error TS2786: 'View' cannot be used as a JSX component.
  Its type 'typeof View' is not a valid JSX element type.
    Type 'typeof View' is not assignable to type 'new (props: any, context: any) => Component<any, any, any>'.
      Type 'View' is missing the following properties from type 'Component<any, any, any>': context, setState, forceUpdate, render, and 2 more.
src/screens/Dashboard/Details/SkillsTrainingScreen.tsx(122,21): error TS2607: JSX element class does not support attributes because it does not have a 'props' property.
src/screens/Dashboard/Details/SkillsTrainingScreen.tsx(122,22): error TS2786: 'ScrollView' cannot be used as a JSX component.
  Its type 'typeof ScrollView' is not a valid JSX element type.
    Type 'typeof ScrollView' is not assignable to type 'new (props: any, context: any) => Component<any, any, any>'.
      Type 'ScrollView' is missing the following properties from type 'Component<any, any, any>': context, setState, forceUpdate, render, and 2 more.
src/screens/Dashboard/Details/SkillsTrainingScreen.tsx(132,33): error TS2607: JSX element class does not support attributes because it does not have a 'props' property.
src/screens/Dashboard/Details/SkillsTrainingScreen.tsx(132,34): error TS2786: 'Text' cannot be used as a JSX component.
  Its type 'typeof Text' is not a valid JSX element type.
    Type 'typeof Text' is not assignable to type 'new (props: any, context: any) => Component<any, any, any>'.
      Type 'Text' is missing the following properties from type 'Component<any, any, any>': context, setState, forceUpdate, render, and 2 more.
src/screens/Dashboard/Details/SkillsTrainingScreen.tsx(144,13): error TS2607: JSX element class does not support attributes because it does not have a 'props' property.
src/screens/Dashboard/Details/SkillsTrainingScreen.tsx(144,14): error TS2786: 'ScrollView' cannot be used as a JSX component.
  Its type 'typeof ScrollView' is not a valid JSX element type.
    Type 'typeof ScrollView' is not assignable to type 'new (props: any, context: any) => Component<any, any, any>'.
      Type 'ScrollView' is missing the following properties from type 'Component<any, any, any>': context, setState, forceUpdate, render, and 2 more.
src/screens/Dashboard/Details/SkillsTrainingScreen.tsx(147,17): error TS2607: JSX element class does not support attributes because it does not have a 'props' property.
src/screens/Dashboard/Details/SkillsTrainingScreen.tsx(147,18): error TS2786: 'View' cannot be used as a JSX component.
  Its type 'typeof View' is not a valid JSX element type.
    Type 'typeof View' is not assignable to type 'new (props: any, context: any) => Component<any, any, any>'.
      Type 'View' is missing the following properties from type 'Component<any, any, any>': context, setState, forceUpdate, render, and 2 more.
src/screens/Dashboard/Details/SkillsTrainingScreen.tsx(148,21): error TS2607: JSX element class does not support attributes because it does not have a 'props' property.
src/screens/Dashboard/Details/SkillsTrainingScreen.tsx(148,22): error TS2786: 'Text' cannot be used as a JSX component.
  Its type 'typeof Text' is not a valid JSX element type.
    Type 'typeof Text' is not assignable to type 'new (props: any, context: any) => Component<any, any, any>'.
      Type 'Text' is missing the following properties from type 'Component<any, any, any>': context, setState, forceUpdate, render, and 2 more.
src/screens/Dashboard/Details/SkillsTrainingScreen.tsx(153,29): error TS2607: JSX element class does not support attributes because it does not have a 'props' property.
src/screens/Dashboard/Details/SkillsTrainingScreen.tsx(153,30): error TS2786: 'Text' cannot be used as a JSX component.
  Its type 'typeof Text' is not a valid JSX element type.
    Type 'typeof Text' is not assignable to type 'new (props: any, context: any) => Component<any, any, any>'.
      Type 'Text' is missing the following properties from type 'Component<any, any, any>': context, setState, forceUpdate, render, and 2 more.
src/screens/Dashboard/Details/SkillsTrainingScreen.tsx(162,21): error TS2607: JSX element class does not support attributes because it does not have a 'props' property.
src/screens/Dashboard/Details/SkillsTrainingScreen.tsx(162,22): error TS2786: 'View' cannot be used as a JSX component.
  Its type 'typeof View' is not a valid JSX element type.
    Type 'typeof View' is not assignable to type 'new (props: any, context: any) => Component<any, any, any>'.
      Type 'View' is missing the following properties from type 'Component<any, any, any>': context, setState, forceUpdate, render, and 2 more.
src/screens/Dashboard/Details/SkillsTrainingScreen.tsx(163,25): error TS2607: JSX element class does not support attributes because it does not have a 'props' property.
src/screens/Dashboard/Details/SkillsTrainingScreen.tsx(163,26): error TS2786: 'Text' cannot be used as a JSX component.
  Its type 'typeof Text' is not a valid JSX element type.
    Type 'typeof Text' is not assignable to type 'new (props: any, context: any) => Component<any, any, any>'.
      Type 'Text' is missing the following properties from type 'Component<any, any, any>': context, setState, forceUpdate, render, and 2 more.
src/screens/Dashboard/Details/SkillsTrainingScreen.tsx(169,25): error TS2607: JSX element class does not support attributes because it does not have a 'props' property.
src/screens/Dashboard/Details/SkillsTrainingScreen.tsx(169,26): error TS2786: 'View' cannot be used as a JSX component.
  Its type 'typeof View' is not a valid JSX element type.
    Type 'typeof View' is not assignable to type 'new (props: any, context: any) => Component<any, any, any>'.
      Type 'View' is missing the following properties from type 'Component<any, any, any>': context, setState, forceUpdate, render, and 2 more.
src/screens/Dashboard/Details/SkillsTrainingScreen.tsx(170,29): error TS2607: JSX element class does not support attributes because it does not have a 'props' property.
src/screens/Dashboard/Details/SkillsTrainingScreen.tsx(170,30): error TS2786: 'Text' cannot be used as a JSX component.
  Its type 'typeof Text' is not a valid JSX element type.
    Type 'typeof Text' is not assignable to type 'new (props: any, context: any) => Component<any, any, any>'.
      Type 'Text' is missing the following properties from type 'Component<any, any, any>': context, setState, forceUpdate, render, and 2 more.
src/screens/Dashboard/Details/SkillsTrainingScreen.tsx(174,29): error TS2607: JSX element class does not support attributes because it does not have a 'props' property.
src/screens/Dashboard/Details/SkillsTrainingScreen.tsx(174,30): error TS2786: 'View' cannot be used as a JSX component.
  Its type 'typeof View' is not a valid JSX element type.
    Type 'typeof View' is not assignable to type 'new (props: any, context: any) => Component<any, any, any>'.
      Type 'View' is missing the following properties from type 'Component<any, any, any>': context, setState, forceUpdate, render, and 2 more.
src/screens/Dashboard/Details/SkillsTrainingScreen.tsx(175,33): error TS2607: JSX element class does not support attributes because it does not have a 'props' property.
src/screens/Dashboard/Details/SkillsTrainingScreen.tsx(175,34): error TS2786: 'Text' cannot be used as a JSX component.
  Its type 'typeof Text' is not a valid JSX element type.
    Type 'typeof Text' is not assignable to type 'new (props: any, context: any) => Component<any, any, any>'.
      Type 'Text' is missing the following properties from type 'Component<any, any, any>': context, setState, forceUpdate, render, and 2 more.
src/screens/Dashboard/Details/SkillsTrainingScreen.tsx(176,33): error TS2607: JSX element class does not support attributes because it does not have a 'props' property.
src/screens/Dashboard/Details/SkillsTrainingScreen.tsx(176,34): error TS2786: 'Text' cannot be used as a JSX component.
  Its type 'typeof Text' is not a valid JSX element type.
    Type 'typeof Text' is not assignable to type 'new (props: any, context: any) => Component<any, any, any>'.
      Type 'Text' is missing the following properties from type 'Component<any, any, any>': context, setState, forceUpdate, render, and 2 more.
src/screens/Dashboard/Details/SkillsTrainingScreen.tsx(177,33): error TS2607: JSX element class does not support attributes because it does not have a 'props' property.
src/screens/Dashboard/Details/SkillsTrainingScreen.tsx(177,34): error TS2786: 'View' cannot be used as a JSX component.
  Its type 'typeof View' is not a valid JSX element type.
    Type 'typeof View' is not assignable to type 'new (props: any, context: any) => Component<any, any, any>'.
      Type 'View' is missing the following properties from type 'Component<any, any, any>': context, setState, forceUpdate, render, and 2 more.
src/screens/Dashboard/Details/SkillsTrainingScreen.tsx(178,37): error TS2607: JSX element class does not support attributes because it does not have a 'props' property.
src/screens/Dashboard/Details/SkillsTrainingScreen.tsx(178,38): error TS2786: 'Text' cannot be used as a JSX component.
  Its type 'typeof Text' is not a valid JSX element type.
    Type 'typeof Text' is not assignable to type 'new (props: any, context: any) => Component<any, any, any>'.
      Type 'Text' is missing the following properties from type 'Component<any, any, any>': context, setState, forceUpdate, render, and 2 more.
src/screens/Dashboard/Details/SkillsTrainingScreen.tsx(186,17): error TS2607: JSX element class does not support attributes because it does not have a 'props' property.
src/screens/Dashboard/Details/SkillsTrainingScreen.tsx(186,18): error TS2786: 'View' cannot be used as a JSX component.
  Its type 'typeof View' is not a valid JSX element type.
    Type 'typeof View' is not assignable to type 'new (props: any, context: any) => Component<any, any, any>'.
      Type 'View' is missing the following properties from type 'Component<any, any, any>': context, setState, forceUpdate, render, and 2 more.
src/screens/Dashboard/Details/SkillsTrainingScreen.tsx(197,21): error TS2607: JSX element class does not support attributes because it does not have a 'props' property.
src/screens/Dashboard/Details/SkillsTrainingScreen.tsx(197,22): error TS2786: 'View' cannot be used as a JSX component.
  Its type 'typeof View' is not a valid JSX element type.
    Type 'typeof View' is not assignable to type 'new (props: any, context: any) => Component<any, any, any>'.
      Type 'View' is missing the following properties from type 'Component<any, any, any>': context, setState, forceUpdate, render, and 2 more.
src/screens/Dashboard/Details/SkillsTrainingScreen.tsx(198,25): error TS2607: JSX element class does not support attributes because it does not have a 'props' property.
src/screens/Dashboard/Details/SkillsTrainingScreen.tsx(198,26): error TS2786: 'View' cannot be used as a JSX component.
  Its type 'typeof View' is not a valid JSX element type.
    Type 'typeof View' is not assignable to type 'new (props: any, context: any) => Component<any, any, any>'.
      Type 'View' is missing the following properties from type 'Component<any, any, any>': context, setState, forceUpdate, render, and 2 more.
src/screens/Dashboard/Details/SkillsTrainingScreen.tsx(202,29): error TS2607: JSX element class does not support attributes because it does not have a 'props' property.
src/screens/Dashboard/Details/SkillsTrainingScreen.tsx(202,30): error TS2786: 'Text' cannot be used as a JSX component.
  Its type 'typeof Text' is not a valid JSX element type.
    Type 'typeof Text' is not assignable to type 'new (props: any, context: any) => Component<any, any, any>'.
      Type 'Text' is missing the following properties from type 'Component<any, any, any>': context, setState, forceUpdate, render, and 2 more.
src/screens/Dashboard/Details/SkillsTrainingScreen.tsx(203,29): error TS2607: JSX element class does not support attributes because it does not have a 'props' property.
src/screens/Dashboard/Details/SkillsTrainingScreen.tsx(203,30): error TS2786: 'View' cannot be used as a JSX component.
  Its type 'typeof View' is not a valid JSX element type.
    Type 'typeof View' is not assignable to type 'new (props: any, context: any) => Component<any, any, any>'.
      Type 'View' is missing the following properties from type 'Component<any, any, any>': context, setState, forceUpdate, render, and 2 more.
src/screens/Dashboard/Details/SkillsTrainingScreen.tsx(206,25): error TS2607: JSX element class does not support attributes because it does not have a 'props' property.
src/screens/Dashboard/Details/SkillsTrainingScreen.tsx(206,26): error TS2786: 'View' cannot be used as a JSX component.
  Its type 'typeof View' is not a valid JSX element type.
    Type 'typeof View' is not assignable to type 'new (props: any, context: any) => Component<any, any, any>'.
      Type 'View' is missing the following properties from type 'Component<any, any, any>': context, setState, forceUpdate, render, and 2 more.
src/screens/Dashboard/Details/SkillsTrainingScreen.tsx(208,29): error TS2607: JSX element class does not support attributes because it does not have a 'props' property.
src/screens/Dashboard/Details/SkillsTrainingScreen.tsx(208,30): error TS2786: 'Text' cannot be used as a JSX component.
  Its type 'typeof Text' is not a valid JSX element type.
    Type 'typeof Text' is not assignable to type 'new (props: any, context: any) => Component<any, any, any>'.
      Type 'Text' is missing the following properties from type 'Component<any, any, any>': context, setState, forceUpdate, render, and 2 more.
src/screens/Dashboard/Details/SkillsTrainingScreen.tsx(211,25): error TS2607: JSX element class does not support attributes because it does not have a 'props' property.
src/screens/Dashboard/Details/SkillsTrainingScreen.tsx(211,26): error TS2786: 'ScrollView' cannot be used as a JSX component.
  Its type 'typeof ScrollView' is not a valid JSX element type.
    Type 'typeof ScrollView' is not assignable to type 'new (props: any, context: any) => Component<any, any, any>'.
      Type 'ScrollView' is missing the following properties from type 'Component<any, any, any>': context, setState, forceUpdate, render, and 2 more.
src/screens/Dashboard/Details/SkillsTrainingScreen.tsx(212,29): error TS2607: JSX element class does not support attributes because it does not have a 'props' property.
src/screens/Dashboard/Details/SkillsTrainingScreen.tsx(212,30): error TS2786: 'Text' cannot be used as a JSX component.
  Its type 'typeof Text' is not a valid JSX element type.
    Type 'typeof Text' is not assignable to type 'new (props: any, context: any) => Component<any, any, any>'.
      Type 'Text' is missing the following properties from type 'Component<any, any, any>': context, setState, forceUpdate, render, and 2 more.
src/screens/Dashboard/Details/SkillsTrainingScreen.tsx(213,29): error TS2607: JSX element class does not support attributes because it does not have a 'props' property.
src/screens/Dashboard/Details/SkillsTrainingScreen.tsx(213,30): error TS2786: 'Text' cannot be used as a JSX component.
  Its type 'typeof Text' is not a valid JSX element type.
    Type 'typeof Text' is not assignable to type 'new (props: any, context: any) => Component<any, any, any>'.
      Type 'Text' is missing the following properties from type 'Component<any, any, any>': context, setState, forceUpdate, render, and 2 more.
src/screens/Dashboard/Details/SkillsTrainingScreen.tsx(215,29): error TS2607: JSX element class does not support attributes because it does not have a 'props' property.
src/screens/Dashboard/Details/SkillsTrainingScreen.tsx(215,30): error TS2786: 'View' cannot be used as a JSX component.
  Its type 'typeof View' is not a valid JSX element type.
    Type 'typeof View' is not assignable to type 'new (props: any, context: any) => Component<any, any, any>'.
      Type 'View' is missing the following properties from type 'Component<any, any, any>': context, setState, forceUpdate, render, and 2 more.
src/screens/Dashboard/Details/SkillsTrainingScreen.tsx(216,33): error TS2607: JSX element class does not support attributes because it does not have a 'props' property.
src/screens/Dashboard/Details/SkillsTrainingScreen.tsx(216,34): error TS2786: 'View' cannot be used as a JSX component.
  Its type 'typeof View' is not a valid JSX element type.
    Type 'typeof View' is not assignable to type 'new (props: any, context: any) => Component<any, any, any>'.
      Type 'View' is missing the following properties from type 'Component<any, any, any>': context, setState, forceUpdate, render, and 2 more.
src/screens/Dashboard/Details/SkillsTrainingScreen.tsx(218,37): error TS2607: JSX element class does not support attributes because it does not have a 'props' property.
src/screens/Dashboard/Details/SkillsTrainingScreen.tsx(218,38): error TS2786: 'Text' cannot be used as a JSX component.
  Its type 'typeof Text' is not a valid JSX element type.
    Type 'typeof Text' is not assignable to type 'new (props: any, context: any) => Component<any, any, any>'.
      Type 'Text' is missing the following properties from type 'Component<any, any, any>': context, setState, forceUpdate, render, and 2 more.
src/screens/Dashboard/Details/SkillsTrainingScreen.tsx(220,33): error TS2607: JSX element class does not support attributes because it does not have a 'props' property.
src/screens/Dashboard/Details/SkillsTrainingScreen.tsx(220,34): error TS2786: 'View' cannot be used as a JSX component.
  Its type 'typeof View' is not a valid JSX element type.
    Type 'typeof View' is not assignable to type 'new (props: any, context: any) => Component<any, any, any>'.
      Type 'View' is missing the following properties from type 'Component<any, any, any>': context, setState, forceUpdate, render, and 2 more.
src/screens/Dashboard/Details/SkillsTrainingScreen.tsx(222,37): error TS2607: JSX element class does not support attributes because it does not have a 'props' property.
src/screens/Dashboard/Details/SkillsTrainingScreen.tsx(222,38): error TS2786: 'Text' cannot be used as a JSX component.
  Its type 'typeof Text' is not a valid JSX element type.
    Type 'typeof Text' is not assignable to type 'new (props: any, context: any) => Component<any, any, any>'.
      Type 'Text' is missing the following properties from type 'Component<any, any, any>': context, setState, forceUpdate, render, and 2 more.
src/screens/Dashboard/Details/SkillsTrainingScreen.tsx(226,29): error TS2607: JSX element class does not support attributes because it does not have a 'props' property.
src/screens/Dashboard/Details/SkillsTrainingScreen.tsx(226,30): error TS2786: 'Text' cannot be used as a JSX component.
  Its type 'typeof Text' is not a valid JSX element type.
    Type 'typeof Text' is not assignable to type 'new (props: any, context: any) => Component<any, any, any>'.
      Type 'Text' is missing the following properties from type 'Component<any, any, any>': context, setState, forceUpdate, render, and 2 more.
src/screens/Dashboard/Details/SkillsTrainingScreen.tsx(227,29): error TS2607: JSX element class does not support attributes because it does not have a 'props' property.
src/screens/Dashboard/Details/SkillsTrainingScreen.tsx(227,30): error TS2786: 'Text' cannot be used as a JSX component.
  Its type 'typeof Text' is not a valid JSX element type.
    Type 'typeof Text' is not assignable to type 'new (props: any, context: any) => Component<any, any, any>'.
      Type 'Text' is missing the following properties from type 'Component<any, any, any>': context, setState, forceUpdate, render, and 2 more.
src/screens/Dashboard/Details/SkillsTrainingScreen.tsx(232,29): error TS2607: JSX element class does not support attributes because it does not have a 'props' property.
src/screens/Dashboard/Details/SkillsTrainingScreen.tsx(232,30): error TS2786: 'Text' cannot be used as a JSX component.
  Its type 'typeof Text' is not a valid JSX element type.
    Type 'typeof Text' is not assignable to type 'new (props: any, context: any) => Component<any, any, any>'.
      Type 'Text' is missing the following properties from type 'Component<any, any, any>': context, setState, forceUpdate, render, and 2 more.
src/screens/Dashboard/Details/SkillsTrainingScreen.tsx(234,33): error TS2607: JSX element class does not support attributes because it does not have a 'props' property.
src/screens/Dashboard/Details/SkillsTrainingScreen.tsx(234,34): error TS2786: 'View' cannot be used as a JSX component.
  Its type 'typeof View' is not a valid JSX element type.
    Type 'typeof View' is not assignable to type 'new (props: any, context: any) => Component<any, any, any>'.
      Type 'View' is missing the following properties from type 'Component<any, any, any>': context, setState, forceUpdate, render, and 2 more.
src/screens/Dashboard/Details/SkillsTrainingScreen.tsx(235,37): error TS2607: JSX element class does not support attributes because it does not have a 'props' property.
src/screens/Dashboard/Details/SkillsTrainingScreen.tsx(235,38): error TS2786: 'View' cannot be used as a JSX component.
  Its type 'typeof View' is not a valid JSX element type.
    Type 'typeof View' is not assignable to type 'new (props: any, context: any) => Component<any, any, any>'.
      Type 'View' is missing the following properties from type 'Component<any, any, any>': context, setState, forceUpdate, render, and 2 more.
src/screens/Dashboard/Details/SkillsTrainingScreen.tsx(242,37): error TS2607: JSX element class does not support attributes because it does not have a 'props' property.
src/screens/Dashboard/Details/SkillsTrainingScreen.tsx(242,38): error TS2786: 'View' cannot be used as a JSX component.
  Its type 'typeof View' is not a valid JSX element type.
    Type 'typeof View' is not assignable to type 'new (props: any, context: any) => Component<any, any, any>'.
      Type 'View' is missing the following properties from type 'Component<any, any, any>': context, setState, forceUpdate, render, and 2 more.
src/screens/Dashboard/Details/SkillsTrainingScreen.tsx(243,41): error TS2607: JSX element class does not support attributes because it does not have a 'props' property.
src/screens/Dashboard/Details/SkillsTrainingScreen.tsx(243,42): error TS2786: 'Text' cannot be used as a JSX component.
  Its type 'typeof Text' is not a valid JSX element type.
    Type 'typeof Text' is not assignable to type 'new (props: any, context: any) => Component<any, any, any>'.
      Type 'Text' is missing the following properties from type 'Component<any, any, any>': context, setState, forceUpdate, render, and 2 more.
src/screens/Dashboard/Details/SkillsTrainingScreen.tsx(246,41): error TS2607: JSX element class does not support attributes because it does not have a 'props' property.
src/screens/Dashboard/Details/SkillsTrainingScreen.tsx(246,42): error TS2786: 'Text' cannot be used as a JSX component.
  Its type 'typeof Text' is not a valid JSX element type.
    Type 'typeof Text' is not assignable to type 'new (props: any, context: any) => Component<any, any, any>'.
      Type 'Text' is missing the following properties from type 'Component<any, any, any>': context, setState, forceUpdate, render, and 2 more.
src/screens/Dashboard/Details/SkillsTrainingScreen.tsx(251,29): error TS2607: JSX element class does not support attributes because it does not have a 'props' property.
src/screens/Dashboard/Details/SkillsTrainingScreen.tsx(251,30): error TS2786: 'View' cannot be used as a JSX component.
  Its type 'typeof View' is not a valid JSX element type.
    Type 'typeof View' is not assignable to type 'new (props: any, context: any) => Component<any, any, any>'.
      Type 'View' is missing the following properties from type 'Component<any, any, any>': context, setState, forceUpdate, render, and 2 more.
src/screens/Dashboard/Details/SkillsTrainingScreen.tsx(254,25): error TS2607: JSX element class does not support attributes because it does not have a 'props' property.
src/screens/Dashboard/Details/SkillsTrainingScreen.tsx(254,26): error TS2786: 'View' cannot be used as a JSX component.
  Its type 'typeof View' is not a valid JSX element type.
    Type 'typeof View' is not assignable to type 'new (props: any, context: any) => Component<any, any, any>'.
      Type 'View' is missing the following properties from type 'Component<any, any, any>': context, setState, forceUpdate, render, and 2 more.
src/screens/Dashboard/Details/SkillsTrainingScreen.tsx(256,33): error TS2607: JSX element class does not support attributes because it does not have a 'props' property.
src/screens/Dashboard/Details/SkillsTrainingScreen.tsx(256,34): error TS2786: 'Text' cannot be used as a JSX component.
  Its type 'typeof Text' is not a valid JSX element type.
    Type 'typeof Text' is not assignable to type 'new (props: any, context: any) => Component<any, any, any>'.
      Type 'Text' is missing the following properties from type 'Component<any, any, any>': context, setState, forceUpdate, render, and 2 more.
src/screens/Dashboard/PortfolioListScreen.tsx(14,9): error TS2607: JSX element class does not support attributes because it does not have a 'props' property.
src/screens/Dashboard/PortfolioListScreen.tsx(14,10): error TS2786: 'View' cannot be used as a JSX component.
  Its type 'typeof View' is not a valid JSX element type.
    Type 'typeof View' is not assignable to type 'new (props: any, context: any) => Component<any, any, any>'.
      Type 'View' is missing the following properties from type 'Component<any, any, any>': context, setState, forceUpdate, render, and 2 more.
src/screens/Dashboard/PortfolioListScreen.tsx(15,13): error TS2607: JSX element class does not support attributes because it does not have a 'props' property.
src/screens/Dashboard/PortfolioListScreen.tsx(15,14): error TS2786: 'Text' cannot be used as a JSX component.
  Its type 'typeof Text' is not a valid JSX element type.
    Type 'typeof Text' is not assignable to type 'new (props: any, context: any) => Component<any, any, any>'.
      Type 'Text' is missing the following properties from type 'Component<any, any, any>': context, setState, forceUpdate, render, and 2 more.
src/screens/Dashboard/PortfolioListScreen.tsx(24,29): error TS2607: JSX element class does not support attributes because it does not have a 'props' property.
src/screens/Dashboard/PortfolioListScreen.tsx(24,30): error TS2786: 'View' cannot be used as a JSX component.
  Its type 'typeof View' is not a valid JSX element type.
    Type 'typeof View' is not assignable to type 'new (props: any, context: any) => Component<any, any, any>'.
      Type 'View' is missing the following properties from type 'Component<any, any, any>': context, setState, forceUpdate, render, and 2 more.
src/screens/Dashboard/PortfolioListScreen.tsx(25,33): error TS2607: JSX element class does not support attributes because it does not have a 'props' property.
src/screens/Dashboard/PortfolioListScreen.tsx(25,34): error TS2786: 'Text' cannot be used as a JSX component.
  Its type 'typeof Text' is not a valid JSX element type.
    Type 'typeof Text' is not assignable to type 'new (props: any, context: any) => Component<any, any, any>'.
      Type 'Text' is missing the following properties from type 'Component<any, any, any>': context, setState, forceUpdate, render, and 2 more.
src/screens/Dashboard/PortfolioListScreen.tsx(26,33): error TS2607: JSX element class does not support attributes because it does not have a 'props' property.
src/screens/Dashboard/PortfolioListScreen.tsx(26,34): error TS2786: 'Text' cannot be used as a JSX component.
  Its type 'typeof Text' is not a valid JSX element type.
    Type 'typeof Text' is not assignable to type 'new (props: any, context: any) => Component<any, any, any>'.
      Type 'Text' is missing the following properties from type 'Component<any, any, any>': context, setState, forceUpdate, render, and 2 more.
src/screens/Dashboard/PortfolioListScreen.tsx(30,45): error TS2607: JSX element class does not support attributes because it does not have a 'props' property.
src/screens/Dashboard/PortfolioListScreen.tsx(30,46): error TS2786: 'Text' cannot be used as a JSX component.
  Its type 'typeof Text' is not a valid JSX element type.
    Type 'typeof Text' is not assignable to type 'new (props: any, context: any) => Component<any, any, any>'.
      Type 'Text' is missing the following properties from type 'Component<any, any, any>': context, setState, forceUpdate, render, and 2 more.
src/screens/MainApp.tsx(17,7): error TS2607: JSX element class does not support attributes because it does not have a 'props' property.
src/screens/MainApp.tsx(17,8): error TS2786: 'View' cannot be used as a JSX component.
  Its type 'typeof View' is not a valid JSX element type.
    Type 'typeof View' is not assignable to type 'new (props: any, context: any) => Component<any, any, any>'.
      Type 'View' is missing the following properties from type 'Component<any, any, any>': context, setState, forceUpdate, render, and 2 more.
src/screens/Profile/AboutPage.tsx(15,13): error TS2607: JSX element class does not support attributes because it does not have a 'props' property.
src/screens/Profile/AboutPage.tsx(15,14): error TS2786: 'Text' cannot be used as a JSX component.
  Its type 'typeof Text' is not a valid JSX element type.
    Type 'typeof Text' is not assignable to type 'new (props: any, context: any) => Component<any, any, any>'.
      Type 'Text' is missing the following properties from type 'Component<any, any, any>': context, setState, forceUpdate, render, and 2 more.
src/screens/Profile/AboutPage.tsx(22,13): error TS2607: JSX element class does not support attributes because it does not have a 'props' property.
src/screens/Profile/AboutPage.tsx(22,14): error TS2786: 'View' cannot be used as a JSX component.
  Its type 'typeof View' is not a valid JSX element type.
    Type 'typeof View' is not assignable to type 'new (props: any, context: any) => Component<any, any, any>'.
      Type 'View' is missing the following properties from type 'Component<any, any, any>': context, setState, forceUpdate, render, and 2 more.
src/screens/Profile/AboutPage.tsx(26,17): error TS2607: JSX element class does not support attributes because it does not have a 'props' property.
src/screens/Profile/AboutPage.tsx(26,18): error TS2786: 'Text' cannot be used as a JSX component.
  Its type 'typeof Text' is not a valid JSX element type.
    Type 'typeof Text' is not assignable to type 'new (props: any, context: any) => Component<any, any, any>'.
      Type 'Text' is missing the following properties from type 'Component<any, any, any>': context, setState, forceUpdate, render, and 2 more.
src/screens/Profile/AboutPage.tsx(27,17): error TS2607: JSX element class does not support attributes because it does not have a 'props' property.
src/screens/Profile/AboutPage.tsx(27,18): error TS2786: 'View' cannot be used as a JSX component.
  Its type 'typeof View' is not a valid JSX element type.
    Type 'typeof View' is not assignable to type 'new (props: any, context: any) => Component<any, any, any>'.
      Type 'View' is missing the following properties from type 'Component<any, any, any>': context, setState, forceUpdate, render, and 2 more.
src/screens/Profile/AboutPage.tsx(30,13): error TS2607: JSX element class does not support attributes because it does not have a 'props' property.
src/screens/Profile/AboutPage.tsx(30,14): error TS2786: 'ScrollView' cannot be used as a JSX component.
  Its type 'typeof ScrollView' is not a valid JSX element type.
    Type 'typeof ScrollView' is not assignable to type 'new (props: any, context: any) => Component<any, any, any>'.
      Type 'ScrollView' is missing the following properties from type 'Component<any, any, any>': context, setState, forceUpdate, render, and 2 more.
src/screens/Profile/AboutPage.tsx(31,17): error TS2607: JSX element class does not support attributes because it does not have a 'props' property.
src/screens/Profile/AboutPage.tsx(31,18): error TS2786: 'View' cannot be used as a JSX component.
  Its type 'typeof View' is not a valid JSX element type.
    Type 'typeof View' is not assignable to type 'new (props: any, context: any) => Component<any, any, any>'.
      Type 'View' is missing the following properties from type 'Component<any, any, any>': context, setState, forceUpdate, render, and 2 more.
src/screens/Profile/AboutPage.tsx(32,21): error TS2607: JSX element class does not support attributes because it does not have a 'props' property.
src/screens/Profile/AboutPage.tsx(32,22): error TS2786: 'View' cannot be used as a JSX component.
  Its type 'typeof View' is not a valid JSX element type.
    Type 'typeof View' is not assignable to type 'new (props: any, context: any) => Component<any, any, any>'.
      Type 'View' is missing the following properties from type 'Component<any, any, any>': context, setState, forceUpdate, render, and 2 more.
src/screens/Profile/AboutPage.tsx(35,21): error TS2607: JSX element class does not support attributes because it does not have a 'props' property.
src/screens/Profile/AboutPage.tsx(35,22): error TS2786: 'Text' cannot be used as a JSX component.
  Its type 'typeof Text' is not a valid JSX element type.
    Type 'typeof Text' is not assignable to type 'new (props: any, context: any) => Component<any, any, any>'.
      Type 'Text' is missing the following properties from type 'Component<any, any, any>': context, setState, forceUpdate, render, and 2 more.
src/screens/Profile/AboutPage.tsx(36,21): error TS2607: JSX element class does not support attributes because it does not have a 'props' property.
src/screens/Profile/AboutPage.tsx(36,22): error TS2786: 'Text' cannot be used as a JSX component.
  Its type 'typeof Text' is not a valid JSX element type.
    Type 'typeof Text' is not assignable to type 'new (props: any, context: any) => Component<any, any, any>'.
      Type 'Text' is missing the following properties from type 'Component<any, any, any>': context, setState, forceUpdate, render, and 2 more.
src/screens/Profile/AboutPage.tsx(39,17): error TS2607: JSX element class does not support attributes because it does not have a 'props' property.
src/screens/Profile/AboutPage.tsx(39,18): error TS2786: 'Text' cannot be used as a JSX component.
  Its type 'typeof Text' is not a valid JSX element type.
    Type 'typeof Text' is not assignable to type 'new (props: any, context: any) => Component<any, any, any>'.
      Type 'Text' is missing the following properties from type 'Component<any, any, any>': context, setState, forceUpdate, render, and 2 more.
src/screens/Profile/AboutPage.tsx(44,17): error TS2607: JSX element class does not support attributes because it does not have a 'props' property.
src/screens/Profile/AboutPage.tsx(44,18): error TS2786: 'View' cannot be used as a JSX component.
  Its type 'typeof View' is not a valid JSX element type.
    Type 'typeof View' is not assignable to type 'new (props: any, context: any) => Component<any, any, any>'.
      Type 'View' is missing the following properties from type 'Component<any, any, any>': context, setState, forceUpdate, render, and 2 more.
src/screens/Profile/AboutPage.tsx(46,17): error TS2607: JSX element class does not support attributes because it does not have a 'props' property.
src/screens/Profile/AboutPage.tsx(46,18): error TS2786: 'Text' cannot be used as a JSX component.
  Its type 'typeof Text' is not a valid JSX element type.
    Type 'typeof Text' is not assignable to type 'new (props: any, context: any) => Component<any, any, any>'.
      Type 'Text' is missing the following properties from type 'Component<any, any, any>': context, setState, forceUpdate, render, and 2 more.
src/screens/Profile/AboutPage.tsx(51,17): error TS2607: JSX element class does not support attributes because it does not have a 'props' property.
src/screens/Profile/AboutPage.tsx(51,18): error TS2786: 'View' cannot be used as a JSX component.
  Its type 'typeof View' is not a valid JSX element type.
    Type 'typeof View' is not assignable to type 'new (props: any, context: any) => Component<any, any, any>'.
      Type 'View' is missing the following properties from type 'Component<any, any, any>': context, setState, forceUpdate, render, and 2 more.
src/screens/Profile/AboutPage.tsx(53,17): error TS2607: JSX element class does not support attributes because it does not have a 'props' property.
src/screens/Profile/AboutPage.tsx(53,18): error TS2786: 'Text' cannot be used as a JSX component.
  Its type 'typeof Text' is not a valid JSX element type.
    Type 'typeof Text' is not assignable to type 'new (props: any, context: any) => Component<any, any, any>'.
      Type 'Text' is missing the following properties from type 'Component<any, any, any>': context, setState, forceUpdate, render, and 2 more.
src/screens/Profile/AboutPage.tsx(54,17): error TS2607: JSX element class does not support attributes because it does not have a 'props' property.
src/screens/Profile/AboutPage.tsx(54,18): error TS2786: 'View' cannot be used as a JSX component.
  Its type 'typeof View' is not a valid JSX element type.
    Type 'typeof View' is not assignable to type 'new (props: any, context: any) => Component<any, any, any>'.
      Type 'View' is missing the following properties from type 'Component<any, any, any>': context, setState, forceUpdate, render, and 2 more.
src/screens/Profile/AboutPage.tsx(62,17): error TS2607: JSX element class does not support attributes because it does not have a 'props' property.
src/screens/Profile/AboutPage.tsx(62,18): error TS2786: 'Text' cannot be used as a JSX component.
  Its type 'typeof Text' is not a valid JSX element type.
    Type 'typeof Text' is not assignable to type 'new (props: any, context: any) => Component<any, any, any>'.
      Type 'Text' is missing the following properties from type 'Component<any, any, any>': context, setState, forceUpdate, render, and 2 more.
src/screens/Profile/EditProfile.tsx(23,13): error TS2607: JSX element class does not support attributes because it does not have a 'props' property.
src/screens/Profile/EditProfile.tsx(23,14): error TS2786: 'View' cannot be used as a JSX component.
  Its type 'typeof View' is not a valid JSX element type.
    Type 'typeof View' is not assignable to type 'new (props: any, context: any) => Component<any, any, any>'.
      Type 'View' is missing the following properties from type 'Component<any, any, any>': context, setState, forceUpdate, render, and 2 more.
src/screens/Profile/EditProfile.tsx(27,17): error TS2607: JSX element class does not support attributes because it does not have a 'props' property.
src/screens/Profile/EditProfile.tsx(27,18): error TS2786: 'Text' cannot be used as a JSX component.
  Its type 'typeof Text' is not a valid JSX element type.
    Type 'typeof Text' is not assignable to type 'new (props: any, context: any) => Component<any, any, any>'.
      Type 'Text' is missing the following properties from type 'Component<any, any, any>': context, setState, forceUpdate, render, and 2 more.
src/screens/Profile/EditProfile.tsx(29,21): error TS2607: JSX element class does not support attributes because it does not have a 'props' property.
src/screens/Profile/EditProfile.tsx(29,22): error TS2786: 'Text' cannot be used as a JSX component.
  Its type 'typeof Text' is not a valid JSX element type.
    Type 'typeof Text' is not assignable to type 'new (props: any, context: any) => Component<any, any, any>'.
      Type 'Text' is missing the following properties from type 'Component<any, any, any>': context, setState, forceUpdate, render, and 2 more.
src/screens/Profile/EditProfile.tsx(33,13): error TS2607: JSX element class does not support attributes because it does not have a 'props' property.
src/screens/Profile/EditProfile.tsx(33,14): error TS2786: 'ScrollView' cannot be used as a JSX component.
  Its type 'typeof ScrollView' is not a valid JSX element type.
    Type 'typeof ScrollView' is not assignable to type 'new (props: any, context: any) => Component<any, any, any>'.
      Type 'ScrollView' is missing the following properties from type 'Component<any, any, any>': context, setState, forceUpdate, render, and 2 more.
src/screens/Profile/EditProfile.tsx(34,17): error TS2607: JSX element class does not support attributes because it does not have a 'props' property.
src/screens/Profile/EditProfile.tsx(34,18): error TS2786: 'View' cannot be used as a JSX component.
  Its type 'typeof View' is not a valid JSX element type.
    Type 'typeof View' is not assignable to type 'new (props: any, context: any) => Component<any, any, any>'.
      Type 'View' is missing the following properties from type 'Component<any, any, any>': context, setState, forceUpdate, render, and 2 more.
src/screens/Profile/EditProfile.tsx(35,21): error TS2607: JSX element class does not support attributes because it does not have a 'props' property.
src/screens/Profile/EditProfile.tsx(35,22): error TS2786: 'Text' cannot be used as a JSX component.
  Its type 'typeof Text' is not a valid JSX element type.
    Type 'typeof Text' is not assignable to type 'new (props: any, context: any) => Component<any, any, any>'.
      Type 'Text' is missing the following properties from type 'Component<any, any, any>': context, setState, forceUpdate, render, and 2 more.
src/screens/Profile/EditProfile.tsx(36,21): error TS2607: JSX element class does not support attributes because it does not have a 'props' property.
src/screens/Profile/EditProfile.tsx(36,22): error TS2786: 'TextInput' cannot be used as a JSX component.
  Its type 'typeof TextInput' is not a valid JSX element type.
    Type 'typeof TextInput' is not assignable to type 'new (props: any, context: any) => Component<any, any, any>'.
      Type 'TextInput' is missing the following properties from type 'Component<any, any, any>': context, setState, forceUpdate, render, and 2 more.
src/screens/Profile/EditProfile.tsx(43,17): error TS2607: JSX element class does not support attributes because it does not have a 'props' property.
src/screens/Profile/EditProfile.tsx(43,18): error TS2786: 'View' cannot be used as a JSX component.
  Its type 'typeof View' is not a valid JSX element type.
    Type 'typeof View' is not assignable to type 'new (props: any, context: any) => Component<any, any, any>'.
      Type 'View' is missing the following properties from type 'Component<any, any, any>': context, setState, forceUpdate, render, and 2 more.
src/screens/Profile/EditProfile.tsx(44,21): error TS2607: JSX element class does not support attributes because it does not have a 'props' property.
src/screens/Profile/EditProfile.tsx(44,22): error TS2786: 'Text' cannot be used as a JSX component.
  Its type 'typeof Text' is not a valid JSX element type.
    Type 'typeof Text' is not assignable to type 'new (props: any, context: any) => Component<any, any, any>'.
      Type 'Text' is missing the following properties from type 'Component<any, any, any>': context, setState, forceUpdate, render, and 2 more.
src/screens/Profile/EditProfile.tsx(45,21): error TS2607: JSX element class does not support attributes because it does not have a 'props' property.
src/screens/Profile/EditProfile.tsx(45,22): error TS2786: 'TextInput' cannot be used as a JSX component.
  Its type 'typeof TextInput' is not a valid JSX element type.
    Type 'typeof TextInput' is not assignable to type 'new (props: any, context: any) => Component<any, any, any>'.
      Type 'TextInput' is missing the following properties from type 'Component<any, any, any>': context, setState, forceUpdate, render, and 2 more.
src/screens/Profile/EditProfile.tsx(53,17): error TS2607: JSX element class does not support attributes because it does not have a 'props' property.
src/screens/Profile/EditProfile.tsx(53,18): error TS2786: 'View' cannot be used as a JSX component.
  Its type 'typeof View' is not a valid JSX element type.
    Type 'typeof View' is not assignable to type 'new (props: any, context: any) => Component<any, any, any>'.
      Type 'View' is missing the following properties from type 'Component<any, any, any>': context, setState, forceUpdate, render, and 2 more.
src/screens/Profile/EditProfile.tsx(54,21): error TS2607: JSX element class does not support attributes because it does not have a 'props' property.
src/screens/Profile/EditProfile.tsx(54,22): error TS2786: 'Text' cannot be used as a JSX component.
  Its type 'typeof Text' is not a valid JSX element type.
    Type 'typeof Text' is not assignable to type 'new (props: any, context: any) => Component<any, any, any>'.
      Type 'Text' is missing the following properties from type 'Component<any, any, any>': context, setState, forceUpdate, render, and 2 more.
src/screens/Profile/EditProfile.tsx(55,21): error TS2607: JSX element class does not support attributes because it does not have a 'props' property.
src/screens/Profile/EditProfile.tsx(55,22): error TS2786: 'TextInput' cannot be used as a JSX component.
  Its type 'typeof TextInput' is not a valid JSX element type.
    Type 'typeof TextInput' is not assignable to type 'new (props: any, context: any) => Component<any, any, any>'.
      Type 'TextInput' is missing the following properties from type 'Component<any, any, any>': context, setState, forceUpdate, render, and 2 more.
src/screens/Profile/EditProfile.tsx(63,17): error TS2607: JSX element class does not support attributes because it does not have a 'props' property.
src/screens/Profile/EditProfile.tsx(63,18): error TS2786: 'View' cannot be used as a JSX component.
  Its type 'typeof View' is not a valid JSX element type.
    Type 'typeof View' is not assignable to type 'new (props: any, context: any) => Component<any, any, any>'.
      Type 'View' is missing the following properties from type 'Component<any, any, any>': context, setState, forceUpdate, render, and 2 more.
src/screens/Profile/EditProfile.tsx(64,21): error TS2607: JSX element class does not support attributes because it does not have a 'props' property.
src/screens/Profile/EditProfile.tsx(64,22): error TS2786: 'Text' cannot be used as a JSX component.
  Its type 'typeof Text' is not a valid JSX element type.
    Type 'typeof Text' is not assignable to type 'new (props: any, context: any) => Component<any, any, any>'.
      Type 'Text' is missing the following properties from type 'Component<any, any, any>': context, setState, forceUpdate, render, and 2 more.
src/screens/Profile/EditProfile.tsx(65,21): error TS2607: JSX element class does not support attributes because it does not have a 'props' property.
src/screens/Profile/EditProfile.tsx(65,22): error TS2786: 'TextInput' cannot be used as a JSX component.
  Its type 'typeof TextInput' is not a valid JSX element type.
    Type 'typeof TextInput' is not assignable to type 'new (props: any, context: any) => Component<any, any, any>'.
      Type 'TextInput' is missing the following properties from type 'Component<any, any, any>': context, setState, forceUpdate, render, and 2 more.
src/screens/Profile/HelpCenter.tsx(96,7): error TS2607: JSX element class does not support attributes because it does not have a 'props' property.
src/screens/Profile/HelpCenter.tsx(96,8): error TS2786: 'View' cannot be used as a JSX component.
  Its type 'typeof View' is not a valid JSX element type.
    Type 'typeof View' is not assignable to type 'new (props: any, context: any) => Component<any, any, any>'.
      Type 'View' is missing the following properties from type 'Component<any, any, any>': context, setState, forceUpdate, render, and 2 more.
src/screens/Profile/HelpCenter.tsx(102,11): error TS2607: JSX element class does not support attributes because it does not have a 'props' property.
src/screens/Profile/HelpCenter.tsx(102,12): error TS2786: 'Text' cannot be used as a JSX component.
  Its type 'typeof Text' is not a valid JSX element type.
    Type 'typeof Text' is not assignable to type 'new (props: any, context: any) => Component<any, any, any>'.
      Type 'Text' is missing the following properties from type 'Component<any, any, any>': context, setState, forceUpdate, render, and 2 more.
src/screens/Profile/HelpCenter.tsx(110,11): error TS2607: JSX element class does not support attributes because it does not have a 'props' property.
src/screens/Profile/HelpCenter.tsx(110,12): error TS2786: 'View' cannot be used as a JSX component.
  Its type 'typeof View' is not a valid JSX element type.
    Type 'typeof View' is not assignable to type 'new (props: any, context: any) => Component<any, any, any>'.
      Type 'View' is missing the following properties from type 'Component<any, any, any>': context, setState, forceUpdate, render, and 2 more.
src/screens/Profile/HelpCenter.tsx(111,13): error TS2607: JSX element class does not support attributes because it does not have a 'props' property.
src/screens/Profile/HelpCenter.tsx(111,14): error TS2786: 'Text' cannot be used as a JSX component.
  Its type 'typeof Text' is not a valid JSX element type.
    Type 'typeof Text' is not assignable to type 'new (props: any, context: any) => Component<any, any, any>'.
      Type 'Text' is missing the following properties from type 'Component<any, any, any>': context, setState, forceUpdate, render, and 2 more.
src/screens/Profile/HelpCenter.tsx(120,7): error TS2607: JSX element class does not support attributes because it does not have a 'props' property.
src/screens/Profile/HelpCenter.tsx(120,8): error TS2786: 'View' cannot be used as a JSX component.
  Its type 'typeof View' is not a valid JSX element type.
    Type 'typeof View' is not assignable to type 'new (props: any, context: any) => Component<any, any, any>'.
      Type 'View' is missing the following properties from type 'Component<any, any, any>': context, setState, forceUpdate, render, and 2 more.
src/screens/Profile/HelpCenter.tsx(124,9): error TS2607: JSX element class does not support attributes because it does not have a 'props' property.
src/screens/Profile/HelpCenter.tsx(124,10): error TS2786: 'Text' cannot be used as a JSX component.
  Its type 'typeof Text' is not a valid JSX element type.
    Type 'typeof Text' is not assignable to type 'new (props: any, context: any) => Component<any, any, any>'.
      Type 'Text' is missing the following properties from type 'Component<any, any, any>': context, setState, forceUpdate, render, and 2 more.
src/screens/Profile/HelpCenter.tsx(125,9): error TS2607: JSX element class does not support attributes because it does not have a 'props' property.
src/screens/Profile/HelpCenter.tsx(125,10): error TS2786: 'View' cannot be used as a JSX component.
  Its type 'typeof View' is not a valid JSX element type.
    Type 'typeof View' is not assignable to type 'new (props: any, context: any) => Component<any, any, any>'.
      Type 'View' is missing the following properties from type 'Component<any, any, any>': context, setState, forceUpdate, render, and 2 more.
src/screens/Profile/HelpCenter.tsx(128,7): error TS2607: JSX element class does not support attributes because it does not have a 'props' property.
src/screens/Profile/HelpCenter.tsx(128,8): error TS2786: 'View' cannot be used as a JSX component.
  Its type 'typeof View' is not a valid JSX element type.
    Type 'typeof View' is not assignable to type 'new (props: any, context: any) => Component<any, any, any>'.
      Type 'View' is missing the following properties from type 'Component<any, any, any>': context, setState, forceUpdate, render, and 2 more.
src/screens/Profile/HelpCenter.tsx(130,9): error TS2607: JSX element class does not support attributes because it does not have a 'props' property.
src/screens/Profile/HelpCenter.tsx(130,10): error TS2786: 'View' cannot be used as a JSX component.
  Its type 'typeof View' is not a valid JSX element type.
    Type 'typeof View' is not assignable to type 'new (props: any, context: any) => Component<any, any, any>'.
      Type 'View' is missing the following properties from type 'Component<any, any, any>': context, setState, forceUpdate, render, and 2 more.
src/screens/Profile/HelpCenter.tsx(132,11): error TS2607: JSX element class does not support attributes because it does not have a 'props' property.
src/screens/Profile/HelpCenter.tsx(132,12): error TS2786: 'TextInput' cannot be used as a JSX component.
  Its type 'typeof TextInput' is not a valid JSX element type.
    Type 'typeof TextInput' is not assignable to type 'new (props: any, context: any) => Component<any, any, any>'.
      Type 'TextInput' is missing the following properties from type 'Component<any, any, any>': context, setState, forceUpdate, render, and 2 more.
src/screens/Profile/HelpCenter.tsx(137,28): error TS7006: Parameter 'text' implicitly has an 'any' type.
src/screens/Profile/HelpCenter.tsx(150,9): error TS2607: JSX element class does not support attributes because it does not have a 'props' property.
src/screens/Profile/HelpCenter.tsx(150,10): error TS2786: 'ScrollView' cannot be used as a JSX component.
  Its type 'typeof ScrollView' is not a valid JSX element type.
    Type 'typeof ScrollView' is not assignable to type 'new (props: any, context: any) => Component<any, any, any>'.
      Type 'ScrollView' is missing the following properties from type 'Component<any, any, any>': context, setState, forceUpdate, render, and 2 more.
src/screens/Profile/HelpCenter.tsx(160,15): error TS2607: JSX element class does not support attributes because it does not have a 'props' property.
src/screens/Profile/HelpCenter.tsx(160,16): error TS2786: 'Text' cannot be used as a JSX component.
  Its type 'typeof Text' is not a valid JSX element type.
    Type 'typeof Text' is not assignable to type 'new (props: any, context: any) => Component<any, any, any>'.
      Type 'Text' is missing the following properties from type 'Component<any, any, any>': context, setState, forceUpdate, render, and 2 more.
src/screens/Profile/HelpCenter.tsx(168,7): error TS2607: JSX element class does not support attributes because it does not have a 'props' property.
src/screens/Profile/HelpCenter.tsx(168,8): error TS2786: 'ScrollView' cannot be used as a JSX component.
  Its type 'typeof ScrollView' is not a valid JSX element type.
    Type 'typeof ScrollView' is not assignable to type 'new (props: any, context: any) => Component<any, any, any>'.
      Type 'ScrollView' is missing the following properties from type 'Component<any, any, any>': context, setState, forceUpdate, render, and 2 more.
src/screens/Profile/HelpCenter.tsx(171,11): error TS2607: JSX element class does not support attributes because it does not have a 'props' property.
src/screens/Profile/HelpCenter.tsx(171,12): error TS2786: 'View' cannot be used as a JSX component.
  Its type 'typeof View' is not a valid JSX element type.
    Type 'typeof View' is not assignable to type 'new (props: any, context: any) => Component<any, any, any>'.
      Type 'View' is missing the following properties from type 'Component<any, any, any>': context, setState, forceUpdate, render, and 2 more.
src/screens/Profile/HelpCenter.tsx(172,13): error TS2607: JSX element class does not support attributes because it does not have a 'props' property.
src/screens/Profile/HelpCenter.tsx(172,14): error TS2786: 'View' cannot be used as a JSX component.
  Its type 'typeof View' is not a valid JSX element type.
    Type 'typeof View' is not assignable to type 'new (props: any, context: any) => Component<any, any, any>'.
      Type 'View' is missing the following properties from type 'Component<any, any, any>': context, setState, forceUpdate, render, and 2 more.
src/screens/Profile/HelpCenter.tsx(175,13): error TS2607: JSX element class does not support attributes because it does not have a 'props' property.
src/screens/Profile/HelpCenter.tsx(175,14): error TS2786: 'Text' cannot be used as a JSX component.
  Its type 'typeof Text' is not a valid JSX element type.
    Type 'typeof Text' is not assignable to type 'new (props: any, context: any) => Component<any, any, any>'.
      Type 'Text' is missing the following properties from type 'Component<any, any, any>': context, setState, forceUpdate, render, and 2 more.
src/screens/Profile/HelpCenter.tsx(176,13): error TS2607: JSX element class does not support attributes because it does not have a 'props' property.
src/screens/Profile/HelpCenter.tsx(176,14): error TS2786: 'Text' cannot be used as a JSX component.
  Its type 'typeof Text' is not a valid JSX element type.
    Type 'typeof Text' is not assignable to type 'new (props: any, context: any) => Component<any, any, any>'.
      Type 'Text' is missing the following properties from type 'Component<any, any, any>': context, setState, forceUpdate, render, and 2 more.
src/screens/Profile/HelpCenter.tsx(179,15): error TS2607: JSX element class does not support attributes because it does not have a 'props' property.
src/screens/Profile/HelpCenter.tsx(179,16): error TS2786: 'Text' cannot be used as a JSX component.
  Its type 'typeof Text' is not a valid JSX element type.
    Type 'typeof Text' is not assignable to type 'new (props: any, context: any) => Component<any, any, any>'.
      Type 'Text' is missing the following properties from type 'Component<any, any, any>': context, setState, forceUpdate, render, and 2 more.
src/screens/Profile/HelpCenter.tsx(184,9): error TS2607: JSX element class does not support attributes because it does not have a 'props' property.
src/screens/Profile/HelpCenter.tsx(184,10): error TS2786: 'Text' cannot be used as a JSX component.
  Its type 'typeof Text' is not a valid JSX element type.
    Type 'typeof Text' is not assignable to type 'new (props: any, context: any) => Component<any, any, any>'.
      Type 'Text' is missing the following properties from type 'Component<any, any, any>': context, setState, forceUpdate, render, and 2 more.
src/screens/Profile/HelpCenter.tsx(193,11): error TS2607: JSX element class does not support attributes because it does not have a 'props' property.
src/screens/Profile/HelpCenter.tsx(193,12): error TS2786: 'View' cannot be used as a JSX component.
  Its type 'typeof View' is not a valid JSX element type.
    Type 'typeof View' is not assignable to type 'new (props: any, context: any) => Component<any, any, any>'.
      Type 'View' is missing the following properties from type 'Component<any, any, any>': context, setState, forceUpdate, render, and 2 more.
src/screens/Profile/HelpCenter.tsx(195,13): error TS2607: JSX element class does not support attributes because it does not have a 'props' property.
src/screens/Profile/HelpCenter.tsx(195,14): error TS2786: 'Text' cannot be used as a JSX component.
  Its type 'typeof Text' is not a valid JSX element type.
    Type 'typeof Text' is not assignable to type 'new (props: any, context: any) => Component<any, any, any>'.
      Type 'Text' is missing the following properties from type 'Component<any, any, any>': context, setState, forceUpdate, render, and 2 more.
src/screens/Profile/HelpCenter.tsx(199,9): error TS2607: JSX element class does not support attributes because it does not have a 'props' property.
src/screens/Profile/HelpCenter.tsx(199,10): error TS2786: 'View' cannot be used as a JSX component.
  Its type 'typeof View' is not a valid JSX element type.
    Type 'typeof View' is not assignable to type 'new (props: any, context: any) => Component<any, any, any>'.
      Type 'View' is missing the following properties from type 'Component<any, any, any>': context, setState, forceUpdate, render, and 2 more.
src/screens/Profile/NotificationScreen.tsx(19,5): error TS2607: JSX element class does not support attributes because it does not have a 'props' property.
src/screens/Profile/NotificationScreen.tsx(19,6): error TS2786: 'View' cannot be used as a JSX component.
  Its type 'typeof View' is not a valid JSX element type.
    Type 'typeof View' is not assignable to type 'new (props: any, context: any) => Component<any, any, any>'.
      Type 'View' is missing the following properties from type 'Component<any, any, any>': context, setState, forceUpdate, render, and 2 more.
src/screens/Profile/NotificationScreen.tsx(20,7): error TS2607: JSX element class does not support attributes because it does not have a 'props' property.
src/screens/Profile/NotificationScreen.tsx(20,8): error TS2786: 'View' cannot be used as a JSX component.
  Its type 'typeof View' is not a valid JSX element type.
    Type 'typeof View' is not assignable to type 'new (props: any, context: any) => Component<any, any, any>'.
      Type 'View' is missing the following properties from type 'Component<any, any, any>': context, setState, forceUpdate, render, and 2 more.
src/screens/Profile/NotificationScreen.tsx(21,9): error TS2607: JSX element class does not support attributes because it does not have a 'props' property.
src/screens/Profile/NotificationScreen.tsx(21,10): error TS2786: 'Text' cannot be used as a JSX component.
  Its type 'typeof Text' is not a valid JSX element type.
    Type 'typeof Text' is not assignable to type 'new (props: any, context: any) => Component<any, any, any>'.
      Type 'Text' is missing the following properties from type 'Component<any, any, any>': context, setState, forceUpdate, render, and 2 more.
src/screens/Profile/NotificationScreen.tsx(22,22): error TS2607: JSX element class does not support attributes because it does not have a 'props' property.
src/screens/Profile/NotificationScreen.tsx(22,23): error TS2786: 'Text' cannot be used as a JSX component.
  Its type 'typeof Text' is not a valid JSX element type.
    Type 'typeof Text' is not assignable to type 'new (props: any, context: any) => Component<any, any, any>'.
      Type 'Text' is missing the following properties from type 'Component<any, any, any>': context, setState, forceUpdate, render, and 2 more.
src/screens/Profile/NotificationScreen.tsx(24,7): error TS2607: JSX element class does not support attributes because it does not have a 'props' property.
src/screens/Profile/NotificationScreen.tsx(24,8): error TS2786: 'Switch' cannot be used as a JSX component.
  Its type 'typeof Switch' is not a valid JSX element type.
    Type 'typeof Switch' is not assignable to type 'new (props: any, context: any) => Component<any, any, any>'.
      Type 'Switch' is missing the following properties from type 'Component<any, any, any>': context, setState, forceUpdate, render, and 2 more.
src/screens/Profile/NotificationScreen.tsx(35,7): error TS2607: JSX element class does not support attributes because it does not have a 'props' property.
src/screens/Profile/NotificationScreen.tsx(35,8): error TS2786: 'View' cannot be used as a JSX component.
  Its type 'typeof View' is not a valid JSX element type.
    Type 'typeof View' is not assignable to type 'new (props: any, context: any) => Component<any, any, any>'.
      Type 'View' is missing the following properties from type 'Component<any, any, any>': context, setState, forceUpdate, render, and 2 more.
src/screens/Profile/NotificationScreen.tsx(39,9): error TS2607: JSX element class does not support attributes because it does not have a 'props' property.
src/screens/Profile/NotificationScreen.tsx(39,10): error TS2786: 'Text' cannot be used as a JSX component.
  Its type 'typeof Text' is not a valid JSX element type.
    Type 'typeof Text' is not assignable to type 'new (props: any, context: any) => Component<any, any, any>'.
      Type 'Text' is missing the following properties from type 'Component<any, any, any>': context, setState, forceUpdate, render, and 2 more.
src/screens/Profile/NotificationScreen.tsx(40,9): error TS2607: JSX element class does not support attributes because it does not have a 'props' property.
src/screens/Profile/NotificationScreen.tsx(40,10): error TS2786: 'View' cannot be used as a JSX component.
  Its type 'typeof View' is not a valid JSX element type.
    Type 'typeof View' is not assignable to type 'new (props: any, context: any) => Component<any, any, any>'.
      Type 'View' is missing the following properties from type 'Component<any, any, any>': context, setState, forceUpdate, render, and 2 more.
src/screens/Profile/NotificationScreen.tsx(43,7): error TS2607: JSX element class does not support attributes because it does not have a 'props' property.
src/screens/Profile/NotificationScreen.tsx(43,8): error TS2786: 'ScrollView' cannot be used as a JSX component.
  Its type 'typeof ScrollView' is not a valid JSX element type.
    Type 'typeof ScrollView' is not assignable to type 'new (props: any, context: any) => Component<any, any, any>'.
      Type 'ScrollView' is missing the following properties from type 'Component<any, any, any>': context, setState, forceUpdate, render, and 2 more.
src/screens/Profile/NotificationScreen.tsx(44,9): error TS2607: JSX element class does not support attributes because it does not have a 'props' property.
src/screens/Profile/NotificationScreen.tsx(44,10): error TS2786: 'Text' cannot be used as a JSX component.
  Its type 'typeof Text' is not a valid JSX element type.
    Type 'typeof Text' is not assignable to type 'new (props: any, context: any) => Component<any, any, any>'.
      Type 'Text' is missing the following properties from type 'Component<any, any, any>': context, setState, forceUpdate, render, and 2 more.
src/screens/Profile/NotificationScreen.tsx(58,9): error TS2607: JSX element class does not support attributes because it does not have a 'props' property.
src/screens/Profile/NotificationScreen.tsx(58,10): error TS2786: 'View' cannot be used as a JSX component.
  Its type 'typeof View' is not a valid JSX element type.
    Type 'typeof View' is not assignable to type 'new (props: any, context: any) => Component<any, any, any>'.
      Type 'View' is missing the following properties from type 'Component<any, any, any>': context, setState, forceUpdate, render, and 2 more.
src/screens/Profile/NotificationScreen.tsx(60,9): error TS2607: JSX element class does not support attributes because it does not have a 'props' property.
src/screens/Profile/NotificationScreen.tsx(60,10): error TS2786: 'Text' cannot be used as a JSX component.
  Its type 'typeof Text' is not a valid JSX element type.
    Type 'typeof Text' is not assignable to type 'new (props: any, context: any) => Component<any, any, any>'.
      Type 'Text' is missing the following properties from type 'Component<any, any, any>': context, setState, forceUpdate, render, and 2 more.
src/screens/Profile/ProfileScreen.tsx(42,13): error TS2607: JSX element class does not support attributes because it does not have a 'props' property.
src/screens/Profile/ProfileScreen.tsx(42,14): error TS2786: 'ScrollView' cannot be used as a JSX component.
  Its type 'typeof ScrollView' is not a valid JSX element type.
    Type 'typeof ScrollView' is not assignable to type 'new (props: any, context: any) => Component<any, any, any>'.
      Type 'ScrollView' is missing the following properties from type 'Component<any, any, any>': context, setState, forceUpdate, render, and 2 more.
src/screens/Profile/ProfileScreen.tsx(55,17): error TS2607: JSX element class does not support attributes because it does not have a 'props' property.
src/screens/Profile/ProfileScreen.tsx(55,18): error TS2786: 'View' cannot be used as a JSX component.
  Its type 'typeof View' is not a valid JSX element type.
    Type 'typeof View' is not assignable to type 'new (props: any, context: any) => Component<any, any, any>'.
      Type 'View' is missing the following properties from type 'Component<any, any, any>': context, setState, forceUpdate, render, and 2 more.
src/screens/Profile/ProfileScreen.tsx(56,21): error TS2607: JSX element class does not support attributes because it does not have a 'props' property.
src/screens/Profile/ProfileScreen.tsx(56,22): error TS2786: 'Text' cannot be used as a JSX component.
  Its type 'typeof Text' is not a valid JSX element type.
    Type 'typeof Text' is not assignable to type 'new (props: any, context: any) => Component<any, any, any>'.
      Type 'Text' is missing the following properties from type 'Component<any, any, any>': context, setState, forceUpdate, render, and 2 more.
src/screens/Profile/ProfileScreen.tsx(80,17): error TS2607: JSX element class does not support attributes because it does not have a 'props' property.
src/screens/Profile/ProfileScreen.tsx(80,18): error TS2786: 'View' cannot be used as a JSX component.
  Its type 'typeof View' is not a valid JSX element type.
    Type 'typeof View' is not assignable to type 'new (props: any, context: any) => Component<any, any, any>'.
      Type 'View' is missing the following properties from type 'Component<any, any, any>': context, setState, forceUpdate, render, and 2 more.
src/screens/Profile/ProfileScreen.tsx(81,21): error TS2607: JSX element class does not support attributes because it does not have a 'props' property.
src/screens/Profile/ProfileScreen.tsx(81,22): error TS2786: 'Text' cannot be used as a JSX component.
  Its type 'typeof Text' is not a valid JSX element type.
    Type 'typeof Text' is not assignable to type 'new (props: any, context: any) => Component<any, any, any>'.
      Type 'Text' is missing the following properties from type 'Component<any, any, any>': context, setState, forceUpdate, render, and 2 more.
src/screens/Profile/ProfileScreen.tsx(86,17): error TS2607: JSX element class does not support attributes because it does not have a 'props' property.
src/screens/Profile/ProfileScreen.tsx(86,18): error TS2786: 'View' cannot be used as a JSX component.
  Its type 'typeof View' is not a valid JSX element type.
    Type 'typeof View' is not assignable to type 'new (props: any, context: any) => Component<any, any, any>'.
      Type 'View' is missing the following properties from type 'Component<any, any, any>': context, setState, forceUpdate, render, and 2 more.
src/screens/Profile/ProfileScreen.tsx(87,21): error TS2607: JSX element class does not support attributes because it does not have a 'props' property.
src/screens/Profile/ProfileScreen.tsx(87,22): error TS2786: 'Text' cannot be used as a JSX component.
  Its type 'typeof Text' is not a valid JSX element type.
    Type 'typeof Text' is not assignable to type 'new (props: any, context: any) => Component<any, any, any>'.
      Type 'Text' is missing the following properties from type 'Component<any, any, any>': context, setState, forceUpdate, render, and 2 more.
src/screens/Profile/ProfileScreen.tsx(102,21): error TS2607: JSX element class does not support attributes because it does not have a 'props' property.
src/screens/Profile/ProfileScreen.tsx(102,22): error TS2786: 'Text' cannot be used as a JSX component.
  Its type 'typeof Text' is not a valid JSX element type.
    Type 'typeof Text' is not assignable to type 'new (props: any, context: any) => Component<any, any, any>'.
      Type 'Text' is missing the following properties from type 'Component<any, any, any>': context, setState, forceUpdate, render, and 2 more.
src/screens/Profile/ProfileScreen.tsx(105,17): error TS2607: JSX element class does not support attributes because it does not have a 'props' property.
src/screens/Profile/ProfileScreen.tsx(105,18): error TS2786: 'View' cannot be used as a JSX component.
  Its type 'typeof View' is not a valid JSX element type.
    Type 'typeof View' is not assignable to type 'new (props: any, context: any) => Component<any, any, any>'.
      Type 'View' is missing the following properties from type 'Component<any, any, any>': context, setState, forceUpdate, render, and 2 more.
src/screens/Profile/SettingsScreen.tsx(115,7): error TS2607: JSX element class does not support attributes because it does not have a 'props' property.
src/screens/Profile/SettingsScreen.tsx(115,8): error TS2786: 'View' cannot be used as a JSX component.
  Its type 'typeof View' is not a valid JSX element type.
    Type 'typeof View' is not assignable to type 'new (props: any, context: any) => Component<any, any, any>'.
      Type 'View' is missing the following properties from type 'Component<any, any, any>': context, setState, forceUpdate, render, and 2 more.
src/screens/Profile/SettingsScreen.tsx(118,7): error TS2607: JSX element class does not support attributes because it does not have a 'props' property.
src/screens/Profile/SettingsScreen.tsx(118,8): error TS2786: 'View' cannot be used as a JSX component.
  Its type 'typeof View' is not a valid JSX element type.
    Type 'typeof View' is not assignable to type 'new (props: any, context: any) => Component<any, any, any>'.
      Type 'View' is missing the following properties from type 'Component<any, any, any>': context, setState, forceUpdate, render, and 2 more.
src/screens/Profile/SettingsScreen.tsx(119,9): error TS2607: JSX element class does not support attributes because it does not have a 'props' property.
src/screens/Profile/SettingsScreen.tsx(119,10): error TS2786: 'Text' cannot be used as a JSX component.
  Its type 'typeof Text' is not a valid JSX element type.
    Type 'typeof Text' is not assignable to type 'new (props: any, context: any) => Component<any, any, any>'.
      Type 'Text' is missing the following properties from type 'Component<any, any, any>': context, setState, forceUpdate, render, and 2 more.
src/screens/Profile/SettingsScreen.tsx(120,9): error TS2607: JSX element class does not support attributes because it does not have a 'props' property.
src/screens/Profile/SettingsScreen.tsx(120,10): error TS2786: 'Text' cannot be used as a JSX component.
  Its type 'typeof Text' is not a valid JSX element type.
    Type 'typeof Text' is not assignable to type 'new (props: any, context: any) => Component<any, any, any>'.
      Type 'Text' is missing the following properties from type 'Component<any, any, any>': context, setState, forceUpdate, render, and 2 more.
src/screens/Profile/SettingsScreen.tsx(124,9): error TS2607: JSX element class does not support attributes because it does not have a 'props' property.
src/screens/Profile/SettingsScreen.tsx(124,10): error TS2786: 'Switch' cannot be used as a JSX component.
  Its type 'typeof Switch' is not a valid JSX element type.
    Type 'typeof Switch' is not assignable to type 'new (props: any, context: any) => Component<any, any, any>'.
      Type 'Switch' is missing the following properties from type 'Component<any, any, any>': context, setState, forceUpdate, render, and 2 more.
src/screens/Profile/SettingsScreen.tsx(139,7): error TS2607: JSX element class does not support attributes because it does not have a 'props' property.
src/screens/Profile/SettingsScreen.tsx(139,8): error TS2786: 'View' cannot be used as a JSX component.
  Its type 'typeof View' is not a valid JSX element type.
    Type 'typeof View' is not assignable to type 'new (props: any, context: any) => Component<any, any, any>'.
      Type 'View' is missing the following properties from type 'Component<any, any, any>': context, setState, forceUpdate, render, and 2 more.
src/screens/Profile/SettingsScreen.tsx(143,9): error TS2607: JSX element class does not support attributes because it does not have a 'props' property.
src/screens/Profile/SettingsScreen.tsx(143,10): error TS2786: 'Text' cannot be used as a JSX component.
  Its type 'typeof Text' is not a valid JSX element type.
    Type 'typeof Text' is not assignable to type 'new (props: any, context: any) => Component<any, any, any>'.
      Type 'Text' is missing the following properties from type 'Component<any, any, any>': context, setState, forceUpdate, render, and 2 more.
src/screens/Profile/SettingsScreen.tsx(144,9): error TS2607: JSX element class does not support attributes because it does not have a 'props' property.
src/screens/Profile/SettingsScreen.tsx(144,10): error TS2786: 'View' cannot be used as a JSX component.
  Its type 'typeof View' is not a valid JSX element type.
    Type 'typeof View' is not assignable to type 'new (props: any, context: any) => Component<any, any, any>'.
      Type 'View' is missing the following properties from type 'Component<any, any, any>': context, setState, forceUpdate, render, and 2 more.
src/screens/Profile/SettingsScreen.tsx(147,7): error TS2607: JSX element class does not support attributes because it does not have a 'props' property.
src/screens/Profile/SettingsScreen.tsx(147,8): error TS2786: 'ScrollView' cannot be used as a JSX component.
  Its type 'typeof ScrollView' is not a valid JSX element type.
    Type 'typeof ScrollView' is not assignable to type 'new (props: any, context: any) => Component<any, any, any>'.
      Type 'ScrollView' is missing the following properties from type 'Component<any, any, any>': context, setState, forceUpdate, render, and 2 more.
src/screens/Profile/SettingsScreen.tsx(148,9): error TS2607: JSX element class does not support attributes because it does not have a 'props' property.
src/screens/Profile/SettingsScreen.tsx(148,10): error TS2786: 'Text' cannot be used as a JSX component.
  Its type 'typeof Text' is not a valid JSX element type.
    Type 'typeof Text' is not assignable to type 'new (props: any, context: any) => Component<any, any, any>'.
      Type 'Text' is missing the following properties from type 'Component<any, any, any>': context, setState, forceUpdate, render, and 2 more.
src/screens/Profile/SettingsScreen.tsx(174,9): error TS2607: JSX element class does not support attributes because it does not have a 'props' property.
src/screens/Profile/SettingsScreen.tsx(174,10): error TS2786: 'View' cannot be used as a JSX component.
  Its type 'typeof View' is not a valid JSX element type.
    Type 'typeof View' is not assignable to type 'new (props: any, context: any) => Component<any, any, any>'.
      Type 'View' is missing the following properties from type 'Component<any, any, any>': context, setState, forceUpdate, render, and 2 more.
src/screens/Profile/SettingsScreen.tsx(176,9): error TS2607: JSX element class does not support attributes because it does not have a 'props' property.
src/screens/Profile/SettingsScreen.tsx(176,10): error TS2786: 'Text' cannot be used as a JSX component.
  Its type 'typeof Text' is not a valid JSX element type.
    Type 'typeof Text' is not assignable to type 'new (props: any, context: any) => Component<any, any, any>'.
      Type 'Text' is missing the following properties from type 'Component<any, any, any>': context, setState, forceUpdate, render, and 2 more.
src/screens/Profile/SettingsScreen.tsx(207,9): error TS2607: JSX element class does not support attributes because it does not have a 'props' property.
src/screens/Profile/SettingsScreen.tsx(207,10): error TS2786: 'KeyboardAvoidingView' cannot be used as a JSX component.
  Its type 'typeof KeyboardAvoidingView' is not a valid JSX element type.
    Type 'typeof KeyboardAvoidingView' is not assignable to type 'new (props: any, context: any) => Component<any, any, any>'.
      Type 'KeyboardAvoidingView' is missing the following properties from type 'Component<any, any, any>': context, setState, forceUpdate, render, and 2 more.
src/screens/Profile/SettingsScreen.tsx(211,11): error TS2607: JSX element class does not support attributes because it does not have a 'props' property.
src/screens/Profile/SettingsScreen.tsx(211,12): error TS2786: 'View' cannot be used as a JSX component.
  Its type 'typeof View' is not a valid JSX element type.
    Type 'typeof View' is not assignable to type 'new (props: any, context: any) => Component<any, any, any>'.
      Type 'View' is missing the following properties from type 'Component<any, any, any>': context, setState, forceUpdate, render, and 2 more.
src/screens/Profile/SettingsScreen.tsx(212,13): error TS2607: JSX element class does not support attributes because it does not have a 'props' property.
src/screens/Profile/SettingsScreen.tsx(212,14): error TS2786: 'View' cannot be used as a JSX component.
  Its type 'typeof View' is not a valid JSX element type.
    Type 'typeof View' is not assignable to type 'new (props: any, context: any) => Component<any, any, any>'.
      Type 'View' is missing the following properties from type 'Component<any, any, any>': context, setState, forceUpdate, render, and 2 more.
src/screens/Profile/SettingsScreen.tsx(213,15): error TS2607: JSX element class does not support attributes because it does not have a 'props' property.
src/screens/Profile/SettingsScreen.tsx(213,16): error TS2786: 'Text' cannot be used as a JSX component.
  Its type 'typeof Text' is not a valid JSX element type.
    Type 'typeof Text' is not assignable to type 'new (props: any, context: any) => Component<any, any, any>'.
      Type 'Text' is missing the following properties from type 'Component<any, any, any>': context, setState, forceUpdate, render, and 2 more.
src/screens/Profile/SettingsScreen.tsx(219,13): error TS2607: JSX element class does not support attributes because it does not have a 'props' property.
src/screens/Profile/SettingsScreen.tsx(219,14): error TS2786: 'Text' cannot be used as a JSX component.
  Its type 'typeof Text' is not a valid JSX element type.
    Type 'typeof Text' is not assignable to type 'new (props: any, context: any) => Component<any, any, any>'.
      Type 'Text' is missing the following properties from type 'Component<any, any, any>': context, setState, forceUpdate, render, and 2 more.
src/screens/Profile/SettingsScreen.tsx(220,13): error TS2607: JSX element class does not support attributes because it does not have a 'props' property.
src/screens/Profile/SettingsScreen.tsx(220,14): error TS2786: 'TextInput' cannot be used as a JSX component.
  Its type 'typeof TextInput' is not a valid JSX element type.
    Type 'typeof TextInput' is not assignable to type 'new (props: any, context: any) => Component<any, any, any>'.
      Type 'TextInput' is missing the following properties from type 'Component<any, any, any>': context, setState, forceUpdate, render, and 2 more.
src/screens/Profile/SettingsScreen.tsx(228,13): error TS2607: JSX element class does not support attributes because it does not have a 'props' property.
src/screens/Profile/SettingsScreen.tsx(228,14): error TS2786: 'Text' cannot be used as a JSX component.
  Its type 'typeof Text' is not a valid JSX element type.
    Type 'typeof Text' is not assignable to type 'new (props: any, context: any) => Component<any, any, any>'.
      Type 'Text' is missing the following properties from type 'Component<any, any, any>': context, setState, forceUpdate, render, and 2 more.
src/screens/Profile/SettingsScreen.tsx(229,13): error TS2607: JSX element class does not support attributes because it does not have a 'props' property.
src/screens/Profile/SettingsScreen.tsx(229,14): error TS2786: 'TextInput' cannot be used as a JSX component.
  Its type 'typeof TextInput' is not a valid JSX element type.
    Type 'typeof TextInput' is not assignable to type 'new (props: any, context: any) => Component<any, any, any>'.
      Type 'TextInput' is missing the following properties from type 'Component<any, any, any>': context, setState, forceUpdate, render, and 2 more.
src/screens/Profile/SettingsScreen.tsx(237,13): error TS2607: JSX element class does not support attributes because it does not have a 'props' property.
src/screens/Profile/SettingsScreen.tsx(237,14): error TS2786: 'Text' cannot be used as a JSX component.
  Its type 'typeof Text' is not a valid JSX element type.
    Type 'typeof Text' is not assignable to type 'new (props: any, context: any) => Component<any, any, any>'.
      Type 'Text' is missing the following properties from type 'Component<any, any, any>': context, setState, forceUpdate, render, and 2 more.
src/screens/Profile/SettingsScreen.tsx(238,13): error TS2607: JSX element class does not support attributes because it does not have a 'props' property.
src/screens/Profile/SettingsScreen.tsx(238,14): error TS2786: 'TextInput' cannot be used as a JSX component.
  Its type 'typeof TextInput' is not a valid JSX element type.
    Type 'typeof TextInput' is not assignable to type 'new (props: any, context: any) => Component<any, any, any>'.
      Type 'TextInput' is missing the following properties from type 'Component<any, any, any>': context, setState, forceUpdate, render, and 2 more.
src/screens/Profile/SettingsScreen.tsx(252,17): error TS2607: JSX element class does not support attributes because it does not have a 'props' property.
src/screens/Profile/SettingsScreen.tsx(252,18): error TS2786: 'ActivityIndicator' cannot be used as a JSX component.
  Its type 'typeof ActivityIndicator' is not a valid JSX element type.
    Type 'typeof ActivityIndicator' is not assignable to type 'new (props: any, context: any) => Component<any, any, any>'.
      Type 'ActivityIndicator' is missing the following properties from type 'Component<any, any, any>': context, setState, forceUpdate, render, and 2 more.
src/screens/Profile/SettingsScreen.tsx(254,17): error TS2607: JSX element class does not support attributes because it does not have a 'props' property.
src/screens/Profile/SettingsScreen.tsx(254,18): error TS2786: 'Text' cannot be used as a JSX component.
  Its type 'typeof Text' is not a valid JSX element type.
    Type 'typeof Text' is not assignable to type 'new (props: any, context: any) => Component<any, any, any>'.
      Type 'Text' is missing the following properties from type 'Component<any, any, any>': context, setState, forceUpdate, render, and 2 more.
src/screens/SignIn.tsx(53,9): error TS2607: JSX element class does not support attributes because it does not have a 'props' property.
src/screens/SignIn.tsx(53,10): error TS2786: 'KeyboardAvoidingView' cannot be used as a JSX component.
  Its type 'typeof KeyboardAvoidingView' is not a valid JSX element type.
    Type 'typeof KeyboardAvoidingView' is not assignable to type 'new (props: any, context: any) => Component<any, any, any>'.
      Type 'KeyboardAvoidingView' is missing the following properties from type 'Component<any, any, any>': context, setState, forceUpdate, render, and 2 more.
src/screens/SignIn.tsx(59,13): error TS2607: JSX element class does not support attributes because it does not have a 'props' property.
src/screens/SignIn.tsx(59,14): error TS2786: 'View' cannot be used as a JSX component.
  Its type 'typeof View' is not a valid JSX element type.
    Type 'typeof View' is not assignable to type 'new (props: any, context: any) => Component<any, any, any>'.
      Type 'View' is missing the following properties from type 'Component<any, any, any>': context, setState, forceUpdate, render, and 2 more.
src/screens/SignIn.tsx(61,17): error TS2607: JSX element class does not support attributes because it does not have a 'props' property.
src/screens/SignIn.tsx(61,18): error TS2786: 'View' cannot be used as a JSX component.
  Its type 'typeof View' is not a valid JSX element type.
    Type 'typeof View' is not assignable to type 'new (props: any, context: any) => Component<any, any, any>'.
      Type 'View' is missing the following properties from type 'Component<any, any, any>': context, setState, forceUpdate, render, and 2 more.
src/screens/SignIn.tsx(62,21): error TS2607: JSX element class does not support attributes because it does not have a 'props' property.
src/screens/SignIn.tsx(62,22): error TS2786: 'View' cannot be used as a JSX component.
  Its type 'typeof View' is not a valid JSX element type.
    Type 'typeof View' is not assignable to type 'new (props: any, context: any) => Component<any, any, any>'.
      Type 'View' is missing the following properties from type 'Component<any, any, any>': context, setState, forceUpdate, render, and 2 more.
src/screens/SignIn.tsx(65,21): error TS2607: JSX element class does not support attributes because it does not have a 'props' property.
src/screens/SignIn.tsx(65,22): error TS2786: 'Text' cannot be used as a JSX component.
  Its type 'typeof Text' is not a valid JSX element type.
    Type 'typeof Text' is not assignable to type 'new (props: any, context: any) => Component<any, any, any>'.
      Type 'Text' is missing the following properties from type 'Component<any, any, any>': context, setState, forceUpdate, render, and 2 more.
src/screens/SignIn.tsx(66,21): error TS2607: JSX element class does not support attributes because it does not have a 'props' property.
src/screens/SignIn.tsx(66,22): error TS2786: 'Text' cannot be used as a JSX component.
  Its type 'typeof Text' is not a valid JSX element type.
    Type 'typeof Text' is not assignable to type 'new (props: any, context: any) => Component<any, any, any>'.
      Type 'Text' is missing the following properties from type 'Component<any, any, any>': context, setState, forceUpdate, render, and 2 more.
src/screens/SignIn.tsx(70,17): error TS2607: JSX element class does not support attributes because it does not have a 'props' property.
src/screens/SignIn.tsx(70,18): error TS2786: 'View' cannot be used as a JSX component.
  Its type 'typeof View' is not a valid JSX element type.
    Type 'typeof View' is not assignable to type 'new (props: any, context: any) => Component<any, any, any>'.
      Type 'View' is missing the following properties from type 'Component<any, any, any>': context, setState, forceUpdate, render, and 2 more.
src/screens/SignIn.tsx(72,21): error TS2607: JSX element class does not support attributes because it does not have a 'props' property.
src/screens/SignIn.tsx(72,22): error TS2786: 'View' cannot be used as a JSX component.
  Its type 'typeof View' is not a valid JSX element type.
    Type 'typeof View' is not assignable to type 'new (props: any, context: any) => Component<any, any, any>'.
      Type 'View' is missing the following properties from type 'Component<any, any, any>': context, setState, forceUpdate, render, and 2 more.
src/screens/SignIn.tsx(73,25): error TS2607: JSX element class does not support attributes because it does not have a 'props' property.
src/screens/SignIn.tsx(73,26): error TS2786: 'Text' cannot be used as a JSX component.
  Its type 'typeof Text' is not a valid JSX element type.
    Type 'typeof Text' is not assignable to type 'new (props: any, context: any) => Component<any, any, any>'.
      Type 'Text' is missing the following properties from type 'Component<any, any, any>': context, setState, forceUpdate, render, and 2 more.
src/screens/SignIn.tsx(74,25): error TS2607: JSX element class does not support attributes because it does not have a 'props' property.
src/screens/SignIn.tsx(74,26): error TS2786: 'View' cannot be used as a JSX component.
  Its type 'typeof View' is not a valid JSX element type.
    Type 'typeof View' is not assignable to type 'new (props: any, context: any) => Component<any, any, any>'.
      Type 'View' is missing the following properties from type 'Component<any, any, any>': context, setState, forceUpdate, render, and 2 more.
src/screens/SignIn.tsx(76,29): error TS2607: JSX element class does not support attributes because it does not have a 'props' property.
src/screens/SignIn.tsx(76,30): error TS2786: 'TextInput' cannot be used as a JSX component.
  Its type 'typeof TextInput' is not a valid JSX element type.
    Type 'typeof TextInput' is not assignable to type 'new (props: any, context: any) => Component<any, any, any>'.
      Type 'TextInput' is missing the following properties from type 'Component<any, any, any>': context, setState, forceUpdate, render, and 2 more.
src/screens/SignIn.tsx(89,21): error TS2607: JSX element class does not support attributes because it does not have a 'props' property.
src/screens/SignIn.tsx(89,22): error TS2786: 'View' cannot be used as a JSX component.
  Its type 'typeof View' is not a valid JSX element type.
    Type 'typeof View' is not assignable to type 'new (props: any, context: any) => Component<any, any, any>'.
      Type 'View' is missing the following properties from type 'Component<any, any, any>': context, setState, forceUpdate, render, and 2 more.
src/screens/SignIn.tsx(90,25): error TS2607: JSX element class does not support attributes because it does not have a 'props' property.
src/screens/SignIn.tsx(90,26): error TS2786: 'Text' cannot be used as a JSX component.
  Its type 'typeof Text' is not a valid JSX element type.
    Type 'typeof Text' is not assignable to type 'new (props: any, context: any) => Component<any, any, any>'.
      Type 'Text' is missing the following properties from type 'Component<any, any, any>': context, setState, forceUpdate, render, and 2 more.
src/screens/SignIn.tsx(91,25): error TS2607: JSX element class does not support attributes because it does not have a 'props' property.
src/screens/SignIn.tsx(91,26): error TS2786: 'View' cannot be used as a JSX component.
  Its type 'typeof View' is not a valid JSX element type.
    Type 'typeof View' is not assignable to type 'new (props: any, context: any) => Component<any, any, any>'.
      Type 'View' is missing the following properties from type 'Component<any, any, any>': context, setState, forceUpdate, render, and 2 more.
src/screens/SignIn.tsx(93,29): error TS2607: JSX element class does not support attributes because it does not have a 'props' property.
src/screens/SignIn.tsx(93,30): error TS2786: 'TextInput' cannot be used as a JSX component.
  Its type 'typeof TextInput' is not a valid JSX element type.
    Type 'typeof TextInput' is not assignable to type 'new (props: any, context: any) => Component<any, any, any>'.
      Type 'TextInput' is missing the following properties from type 'Component<any, any, any>': context, setState, forceUpdate, render, and 2 more.
src/screens/SignIn.tsx(112,21): error TS2607: JSX element class does not support attributes because it does not have a 'props' property.
src/screens/SignIn.tsx(112,22): error TS2786: 'View' cannot be used as a JSX component.
  Its type 'typeof View' is not a valid JSX element type.
    Type 'typeof View' is not assignable to type 'new (props: any, context: any) => Component<any, any, any>'.
      Type 'View' is missing the following properties from type 'Component<any, any, any>': context, setState, forceUpdate, render, and 2 more.
src/screens/SignIn.tsx(114,29): error TS2607: JSX element class does not support attributes because it does not have a 'props' property.
src/screens/SignIn.tsx(114,30): error TS2786: 'Text' cannot be used as a JSX component.
  Its type 'typeof Text' is not a valid JSX element type.
    Type 'typeof Text' is not assignable to type 'new (props: any, context: any) => Component<any, any, any>'.
      Type 'Text' is missing the following properties from type 'Component<any, any, any>': context, setState, forceUpdate, render, and 2 more.
src/screens/SignIn.tsx(124,25): error TS2607: JSX element class does not support attributes because it does not have a 'props' property.
src/screens/SignIn.tsx(124,26): error TS2786: 'Text' cannot be used as a JSX component.
  Its type 'typeof Text' is not a valid JSX element type.
    Type 'typeof Text' is not assignable to type 'new (props: any, context: any) => Component<any, any, any>'.
      Type 'Text' is missing the following properties from type 'Component<any, any, any>': context, setState, forceUpdate, render, and 2 more.
src/screens/SignIn.tsx(130,17): error TS2607: JSX element class does not support attributes because it does not have a 'props' property.
src/screens/SignIn.tsx(130,18): error TS2786: 'View' cannot be used as a JSX component.
  Its type 'typeof View' is not a valid JSX element type.
    Type 'typeof View' is not assignable to type 'new (props: any, context: any) => Component<any, any, any>'.
      Type 'View' is missing the following properties from type 'Component<any, any, any>': context, setState, forceUpdate, render, and 2 more.
src/screens/SignIn.tsx(131,21): error TS2607: JSX element class does not support attributes because it does not have a 'props' property.
src/screens/SignIn.tsx(131,22): error TS2786: 'Text' cannot be used as a JSX component.
  Its type 'typeof Text' is not a valid JSX element type.
    Type 'typeof Text' is not assignable to type 'new (props: any, context: any) => Component<any, any, any>'.
      Type 'Text' is missing the following properties from type 'Component<any, any, any>': context, setState, forceUpdate, render, and 2 more.
src/screens/SignIn.tsx(133,25): error TS2607: JSX element class does not support attributes because it does not have a 'props' property.
src/screens/SignIn.tsx(133,26): error TS2786: 'Text' cannot be used as a JSX component.
  Its type 'typeof Text' is not a valid JSX element type.
    Type 'typeof Text' is not assignable to type 'new (props: any, context: any) => Component<any, any, any>'.
      Type 'Text' is missing the following properties from type 'Component<any, any, any>': context, setState, forceUpdate, render, and 2 more.
src/screens/SignUp.tsx(64,9): error TS2607: JSX element class does not support attributes because it does not have a 'props' property.
src/screens/SignUp.tsx(64,10): error TS2786: 'KeyboardAvoidingView' cannot be used as a JSX component.
  Its type 'typeof KeyboardAvoidingView' is not a valid JSX element type.
    Type 'typeof KeyboardAvoidingView' is not assignable to type 'new (props: any, context: any) => Component<any, any, any>'.
      Type 'KeyboardAvoidingView' is missing the following properties from type 'Component<any, any, any>': context, setState, forceUpdate, render, and 2 more.
src/screens/SignUp.tsx(70,13): error TS2607: JSX element class does not support attributes because it does not have a 'props' property.
src/screens/SignUp.tsx(70,14): error TS2786: 'ScrollView' cannot be used as a JSX component.
  Its type 'typeof ScrollView' is not a valid JSX element type.
    Type 'typeof ScrollView' is not assignable to type 'new (props: any, context: any) => Component<any, any, any>'.
      Type 'ScrollView' is missing the following properties from type 'Component<any, any, any>': context, setState, forceUpdate, render, and 2 more.
src/screens/SignUp.tsx(75,17): error TS2607: JSX element class does not support attributes because it does not have a 'props' property.
src/screens/SignUp.tsx(75,18): error TS2786: 'View' cannot be used as a JSX component.
  Its type 'typeof View' is not a valid JSX element type.
    Type 'typeof View' is not assignable to type 'new (props: any, context: any) => Component<any, any, any>'.
      Type 'View' is missing the following properties from type 'Component<any, any, any>': context, setState, forceUpdate, render, and 2 more.
src/screens/SignUp.tsx(76,21): error TS2607: JSX element class does not support attributes because it does not have a 'props' property.
src/screens/SignUp.tsx(76,22): error TS2786: 'View' cannot be used as a JSX component.
  Its type 'typeof View' is not a valid JSX element type.
    Type 'typeof View' is not assignable to type 'new (props: any, context: any) => Component<any, any, any>'.
      Type 'View' is missing the following properties from type 'Component<any, any, any>': context, setState, forceUpdate, render, and 2 more.
src/screens/SignUp.tsx(79,21): error TS2607: JSX element class does not support attributes because it does not have a 'props' property.
src/screens/SignUp.tsx(79,22): error TS2786: 'Text' cannot be used as a JSX component.
  Its type 'typeof Text' is not a valid JSX element type.
    Type 'typeof Text' is not assignable to type 'new (props: any, context: any) => Component<any, any, any>'.
      Type 'Text' is missing the following properties from type 'Component<any, any, any>': context, setState, forceUpdate, render, and 2 more.
src/screens/SignUp.tsx(80,21): error TS2607: JSX element class does not support attributes because it does not have a 'props' property.
src/screens/SignUp.tsx(80,22): error TS2786: 'Text' cannot be used as a JSX component.
  Its type 'typeof Text' is not a valid JSX element type.
    Type 'typeof Text' is not assignable to type 'new (props: any, context: any) => Component<any, any, any>'.
      Type 'Text' is missing the following properties from type 'Component<any, any, any>': context, setState, forceUpdate, render, and 2 more.
src/screens/SignUp.tsx(84,17): error TS2607: JSX element class does not support attributes because it does not have a 'props' property.
src/screens/SignUp.tsx(84,18): error TS2786: 'View' cannot be used as a JSX component.
  Its type 'typeof View' is not a valid JSX element type.
    Type 'typeof View' is not assignable to type 'new (props: any, context: any) => Component<any, any, any>'.
      Type 'View' is missing the following properties from type 'Component<any, any, any>': context, setState, forceUpdate, render, and 2 more.
src/screens/SignUp.tsx(87,21): error TS2607: JSX element class does not support attributes because it does not have a 'props' property.
src/screens/SignUp.tsx(87,22): error TS2786: 'View' cannot be used as a JSX component.
  Its type 'typeof View' is not a valid JSX element type.
    Type 'typeof View' is not assignable to type 'new (props: any, context: any) => Component<any, any, any>'.
      Type 'View' is missing the following properties from type 'Component<any, any, any>': context, setState, forceUpdate, render, and 2 more.
src/screens/SignUp.tsx(88,25): error TS2607: JSX element class does not support attributes because it does not have a 'props' property.
src/screens/SignUp.tsx(88,26): error TS2786: 'Text' cannot be used as a JSX component.
  Its type 'typeof Text' is not a valid JSX element type.
    Type 'typeof Text' is not assignable to type 'new (props: any, context: any) => Component<any, any, any>'.
      Type 'Text' is missing the following properties from type 'Component<any, any, any>': context, setState, forceUpdate, render, and 2 more.
src/screens/SignUp.tsx(89,25): error TS2607: JSX element class does not support attributes because it does not have a 'props' property.
src/screens/SignUp.tsx(89,26): error TS2786: 'View' cannot be used as a JSX component.
  Its type 'typeof View' is not a valid JSX element type.
    Type 'typeof View' is not assignable to type 'new (props: any, context: any) => Component<any, any, any>'.
      Type 'View' is missing the following properties from type 'Component<any, any, any>': context, setState, forceUpdate, render, and 2 more.
src/screens/SignUp.tsx(91,29): error TS2607: JSX element class does not support attributes because it does not have a 'props' property.
src/screens/SignUp.tsx(91,30): error TS2786: 'TextInput' cannot be used as a JSX component.
  Its type 'typeof TextInput' is not a valid JSX element type.
    Type 'typeof TextInput' is not assignable to type 'new (props: any, context: any) => Component<any, any, any>'.
      Type 'TextInput' is missing the following properties from type 'Component<any, any, any>': context, setState, forceUpdate, render, and 2 more.
src/screens/SignUp.tsx(103,21): error TS2607: JSX element class does not support attributes because it does not have a 'props' property.
src/screens/SignUp.tsx(103,22): error TS2786: 'View' cannot be used as a JSX component.
  Its type 'typeof View' is not a valid JSX element type.
    Type 'typeof View' is not assignable to type 'new (props: any, context: any) => Component<any, any, any>'.
      Type 'View' is missing the following properties from type 'Component<any, any, any>': context, setState, forceUpdate, render, and 2 more.
src/screens/SignUp.tsx(104,25): error TS2607: JSX element class does not support attributes because it does not have a 'props' property.
src/screens/SignUp.tsx(104,26): error TS2786: 'Text' cannot be used as a JSX component.
  Its type 'typeof Text' is not a valid JSX element type.
    Type 'typeof Text' is not assignable to type 'new (props: any, context: any) => Component<any, any, any>'.
      Type 'Text' is missing the following properties from type 'Component<any, any, any>': context, setState, forceUpdate, render, and 2 more.
src/screens/SignUp.tsx(105,25): error TS2607: JSX element class does not support attributes because it does not have a 'props' property.
src/screens/SignUp.tsx(105,26): error TS2786: 'View' cannot be used as a JSX component.
  Its type 'typeof View' is not a valid JSX element type.
    Type 'typeof View' is not assignable to type 'new (props: any, context: any) => Component<any, any, any>'.
      Type 'View' is missing the following properties from type 'Component<any, any, any>': context, setState, forceUpdate, render, and 2 more.
src/screens/SignUp.tsx(107,29): error TS2607: JSX element class does not support attributes because it does not have a 'props' property.
src/screens/SignUp.tsx(107,30): error TS2786: 'TextInput' cannot be used as a JSX component.
  Its type 'typeof TextInput' is not a valid JSX element type.
    Type 'typeof TextInput' is not assignable to type 'new (props: any, context: any) => Component<any, any, any>'.
      Type 'TextInput' is missing the following properties from type 'Component<any, any, any>': context, setState, forceUpdate, render, and 2 more.
src/screens/SignUp.tsx(120,21): error TS2607: JSX element class does not support attributes because it does not have a 'props' property.
src/screens/SignUp.tsx(120,22): error TS2786: 'View' cannot be used as a JSX component.
  Its type 'typeof View' is not a valid JSX element type.
    Type 'typeof View' is not assignable to type 'new (props: any, context: any) => Component<any, any, any>'.
      Type 'View' is missing the following properties from type 'Component<any, any, any>': context, setState, forceUpdate, render, and 2 more.
src/screens/SignUp.tsx(121,25): error TS2607: JSX element class does not support attributes because it does not have a 'props' property.
src/screens/SignUp.tsx(121,26): error TS2786: 'Text' cannot be used as a JSX component.
  Its type 'typeof Text' is not a valid JSX element type.
    Type 'typeof Text' is not assignable to type 'new (props: any, context: any) => Component<any, any, any>'.
      Type 'Text' is missing the following properties from type 'Component<any, any, any>': context, setState, forceUpdate, render, and 2 more.
src/screens/SignUp.tsx(122,25): error TS2607: JSX element class does not support attributes because it does not have a 'props' property.
src/screens/SignUp.tsx(122,26): error TS2786: 'View' cannot be used as a JSX component.
  Its type 'typeof View' is not a valid JSX element type.
    Type 'typeof View' is not assignable to type 'new (props: any, context: any) => Component<any, any, any>'.
      Type 'View' is missing the following properties from type 'Component<any, any, any>': context, setState, forceUpdate, render, and 2 more.
src/screens/SignUp.tsx(124,29): error TS2607: JSX element class does not support attributes because it does not have a 'props' property.
src/screens/SignUp.tsx(124,30): error TS2786: 'TextInput' cannot be used as a JSX component.
  Its type 'typeof TextInput' is not a valid JSX element type.
    Type 'typeof TextInput' is not assignable to type 'new (props: any, context: any) => Component<any, any, any>'.
      Type 'TextInput' is missing the following properties from type 'Component<any, any, any>': context, setState, forceUpdate, render, and 2 more.
src/screens/SignUp.tsx(143,21): error TS2607: JSX element class does not support attributes because it does not have a 'props' property.
src/screens/SignUp.tsx(143,22): error TS2786: 'View' cannot be used as a JSX component.
  Its type 'typeof View' is not a valid JSX element type.
    Type 'typeof View' is not assignable to type 'new (props: any, context: any) => Component<any, any, any>'.
      Type 'View' is missing the following properties from type 'Component<any, any, any>': context, setState, forceUpdate, render, and 2 more.
src/screens/SignUp.tsx(144,25): error TS2607: JSX element class does not support attributes because it does not have a 'props' property.
src/screens/SignUp.tsx(144,26): error TS2786: 'Text' cannot be used as a JSX component.
  Its type 'typeof Text' is not a valid JSX element type.
    Type 'typeof Text' is not assignable to type 'new (props: any, context: any) => Component<any, any, any>'.
      Type 'Text' is missing the following properties from type 'Component<any, any, any>': context, setState, forceUpdate, render, and 2 more.
src/screens/SignUp.tsx(145,25): error TS2607: JSX element class does not support attributes because it does not have a 'props' property.
src/screens/SignUp.tsx(145,26): error TS2786: 'View' cannot be used as a JSX component.
  Its type 'typeof View' is not a valid JSX element type.
    Type 'typeof View' is not assignable to type 'new (props: any, context: any) => Component<any, any, any>'.
      Type 'View' is missing the following properties from type 'Component<any, any, any>': context, setState, forceUpdate, render, and 2 more.
src/screens/SignUp.tsx(147,29): error TS2607: JSX element class does not support attributes because it does not have a 'props' property.
src/screens/SignUp.tsx(147,30): error TS2786: 'TextInput' cannot be used as a JSX component.
  Its type 'typeof TextInput' is not a valid JSX element type.
    Type 'typeof TextInput' is not assignable to type 'new (props: any, context: any) => Component<any, any, any>'.
      Type 'TextInput' is missing the following properties from type 'Component<any, any, any>': context, setState, forceUpdate, render, and 2 more.
src/screens/SignUp.tsx(159,21): error TS2607: JSX element class does not support attributes because it does not have a 'props' property.
src/screens/SignUp.tsx(159,22): error TS2786: 'Text' cannot be used as a JSX component.
  Its type 'typeof Text' is not a valid JSX element type.
    Type 'typeof Text' is not assignable to type 'new (props: any, context: any) => Component<any, any, any>'.
      Type 'Text' is missing the following properties from type 'Component<any, any, any>': context, setState, forceUpdate, render, and 2 more.
src/screens/SignUp.tsx(160,57): error TS2607: JSX element class does not support attributes because it does not have a 'props' property.
src/screens/SignUp.tsx(160,58): error TS2786: 'Text' cannot be used as a JSX component.
  Its type 'typeof Text' is not a valid JSX element type.
    Type 'typeof Text' is not assignable to type 'new (props: any, context: any) => Component<any, any, any>'.
      Type 'Text' is missing the following properties from type 'Component<any, any, any>': context, setState, forceUpdate, render, and 2 more.
src/screens/SignUp.tsx(160,104): error TS2607: JSX element class does not support attributes because it does not have a 'props' property.
src/screens/SignUp.tsx(160,105): error TS2786: 'Text' cannot be used as a JSX component.
  Its type 'typeof Text' is not a valid JSX element type.
    Type 'typeof Text' is not assignable to type 'new (props: any, context: any) => Component<any, any, any>'.
      Type 'Text' is missing the following properties from type 'Component<any, any, any>': context, setState, forceUpdate, render, and 2 more.
src/screens/SignUp.tsx(169,25): error TS2607: JSX element class does not support attributes because it does not have a 'props' property.
src/screens/SignUp.tsx(169,26): error TS2786: 'Text' cannot be used as a JSX component.
  Its type 'typeof Text' is not a valid JSX element type.
    Type 'typeof Text' is not assignable to type 'new (props: any, context: any) => Component<any, any, any>'.
      Type 'Text' is missing the following properties from type 'Component<any, any, any>': context, setState, forceUpdate, render, and 2 more.
src/screens/SignUp.tsx(175,17): error TS2607: JSX element class does not support attributes because it does not have a 'props' property.
src/screens/SignUp.tsx(175,18): error TS2786: 'View' cannot be used as a JSX component.
  Its type 'typeof View' is not a valid JSX element type.
    Type 'typeof View' is not assignable to type 'new (props: any, context: any) => Component<any, any, any>'.
      Type 'View' is missing the following properties from type 'Component<any, any, any>': context, setState, forceUpdate, render, and 2 more.
src/screens/SignUp.tsx(176,21): error TS2607: JSX element class does not support attributes because it does not have a 'props' property.
src/screens/SignUp.tsx(176,22): error TS2786: 'Text' cannot be used as a JSX component.
  Its type 'typeof Text' is not a valid JSX element type.
    Type 'typeof Text' is not assignable to type 'new (props: any, context: any) => Component<any, any, any>'.
      Type 'Text' is missing the following properties from type 'Component<any, any, any>': context, setState, forceUpdate, render, and 2 more.
src/screens/SignUp.tsx(178,25): error TS2607: JSX element class does not support attributes because it does not have a 'props' property.
src/screens/SignUp.tsx(178,26): error TS2786: 'Text' cannot be used as a JSX component.
  Its type 'typeof Text' is not a valid JSX element type.
    Type 'typeof Text' is not assignable to type 'new (props: any, context: any) => Component<any, any, any>'.
      Type 'Text' is missing the following properties from type 'Component<any, any, any>': context, setState, forceUpdate, render, and 2 more.
